Archive member included to satisfy reference by file (symbol)

C:/Program Files/SEGGER/SEGGER Embedded Studio 3.10i/lib/libc_v7em_t_le_eabi.a(libc2_asm.o)
                              Output/ble_app_uart_pca10040_s132 nrf52832_xxaa/Obj/ble_advdata.o (memcpy)
C:/Program Files/SEGGER/SEGGER Embedded Studio 3.10i/lib/libm_v7em_t_le_eabi.a(libm_asm.o)
                              C:/Program Files/SEGGER/SEGGER Embedded Studio 3.10i/lib/libvfscanf_v7em_t_le_eabi.o (__aeabi_i2d)
C:/Program Files/SEGGER/SEGGER Embedded Studio 3.10i/lib/libm_v7em_t_le_eabi.a(libm2.o)
                              C:/Program Files/SEGGER/SEGGER Embedded Studio 3.10i/lib/libvfprintf_v7em_t_le_eabi.o (frexp)
C:/Program Files/SEGGER/SEGGER Embedded Studio 3.10i/lib/libm_v7em_t_le_eabi.a(libm2_asm.o)
                              C:/Program Files/SEGGER/SEGGER Embedded Studio 3.10i/lib/libm_v7em_t_le_eabi.a(libm2.o) (fabs)
C:/Program Files/SEGGER/SEGGER Embedded Studio 3.10i/lib/libc_v7em_t_le_eabi.a(libc_asm.o)
                              C:/Program Files/SEGGER/SEGGER Embedded Studio 3.10i/lib/libvfprintf_v7em_t_le_eabi.o (__aeabi_uldivmod)
C:/Program Files/SEGGER/SEGGER Embedded Studio 3.10i/lib/libc_v7em_t_le_eabi.a(libc2.o)
                              C:/Program Files/SEGGER/SEGGER Embedded Studio 3.10i/lib/libvfscanf_v7em_t_le_eabi.o (__getc)

Discarded input sections

 .text          0x0000000000000000        0x0 Output/ble_app_uart_pca10040_s132 nrf52832_xxaa/Obj/thumb_crt0.o
 .data          0x0000000000000000        0x0 Output/ble_app_uart_pca10040_s132 nrf52832_xxaa/Obj/thumb_crt0.o
 .bss           0x0000000000000000        0x0 Output/ble_app_uart_pca10040_s132 nrf52832_xxaa/Obj/thumb_crt0.o
 .text.__aeabi_read_tp
                0x0000000000000000        0x8 Output/ble_app_uart_pca10040_s132 nrf52832_xxaa/Obj/thumb_crt0.o
 .text.__heap_lock
                0x0000000000000000        0x2 Output/ble_app_uart_pca10040_s132 nrf52832_xxaa/Obj/thumb_crt0.o
 .text.__heap_unlock
                0x0000000000000000        0x2 Output/ble_app_uart_pca10040_s132 nrf52832_xxaa/Obj/thumb_crt0.o
 .text.__printf_lock
                0x0000000000000000        0x2 Output/ble_app_uart_pca10040_s132 nrf52832_xxaa/Obj/thumb_crt0.o
 .text.__printf_unlock
                0x0000000000000000        0x2 Output/ble_app_uart_pca10040_s132 nrf52832_xxaa/Obj/thumb_crt0.o
 .text.__scanf_lock
                0x0000000000000000        0x2 Output/ble_app_uart_pca10040_s132 nrf52832_xxaa/Obj/thumb_crt0.o
 .text.__scanf_unlock
                0x0000000000000000        0x2 Output/ble_app_uart_pca10040_s132 nrf52832_xxaa/Obj/thumb_crt0.o
 .text.__debug_io_lock
                0x0000000000000000        0x2 Output/ble_app_uart_pca10040_s132 nrf52832_xxaa/Obj/thumb_crt0.o
 .text.__debug_io_unlock
                0x0000000000000000        0x2 Output/ble_app_uart_pca10040_s132 nrf52832_xxaa/Obj/thumb_crt0.o
 .text.abort    0x0000000000000000        0x2 Output/ble_app_uart_pca10040_s132 nrf52832_xxaa/Obj/thumb_crt0.o
 .text.__assert
                0x0000000000000000        0x2 Output/ble_app_uart_pca10040_s132 nrf52832_xxaa/Obj/thumb_crt0.o
 .text.__aeabi_assert
                0x0000000000000000        0x2 Output/ble_app_uart_pca10040_s132 nrf52832_xxaa/Obj/thumb_crt0.o
 .text.__cxa_pure_virtual
                0x0000000000000000        0x2 Output/ble_app_uart_pca10040_s132 nrf52832_xxaa/Obj/thumb_crt0.o
 .text.__cxa_guard_acquire
                0x0000000000000000       0x10 Output/ble_app_uart_pca10040_s132 nrf52832_xxaa/Obj/thumb_crt0.o
 .text.__cxa_guard_release
                0x0000000000000000        0x6 Output/ble_app_uart_pca10040_s132 nrf52832_xxaa/Obj/thumb_crt0.o
 .text.__cxa_guard_abort
                0x0000000000000000        0x2 Output/ble_app_uart_pca10040_s132 nrf52832_xxaa/Obj/thumb_crt0.o
 .text.__getchar
                0x0000000000000000        0x6 Output/ble_app_uart_pca10040_s132 nrf52832_xxaa/Obj/thumb_crt0.o
 .text.__putchar
                0x0000000000000000        0x6 Output/ble_app_uart_pca10040_s132 nrf52832_xxaa/Obj/thumb_crt0.o
 .bss.__user_locale_name_buffer
                0x0000000000000000        0x4 Output/ble_app_uart_pca10040_s132 nrf52832_xxaa/Obj/thumb_crt0.o
 .stack         0x0000000000000000        0x0 Output/ble_app_uart_pca10040_s132 nrf52832_xxaa/Obj/thumb_crt0.o
 .stack_process
                0x0000000000000000        0x0 Output/ble_app_uart_pca10040_s132 nrf52832_xxaa/Obj/thumb_crt0.o
 .heap          0x0000000000000000        0x0 Output/ble_app_uart_pca10040_s132 nrf52832_xxaa/Obj/thumb_crt0.o
 .text          0x0000000000000000        0x0 Output/ble_app_uart_pca10040_s132 nrf52832_xxaa/Obj/ses_nrf52_startup.o
 .data          0x0000000000000000        0x0 Output/ble_app_uart_pca10040_s132 nrf52832_xxaa/Obj/ses_nrf52_startup.o
 .bss           0x0000000000000000        0x0 Output/ble_app_uart_pca10040_s132 nrf52832_xxaa/Obj/ses_nrf52_startup.o
[...]
Memory Configuration

Name             Origin             Length             Attributes
UNPLACED_SECTIONS 0x0000000100000000 0x0000000000000000 xw
SRAM             0x0000000020000000 0x0000000000010000 xw
FLASH            0x0000000000000000 0x0000000000080000 xr
*default*        0x0000000000000000 0xffffffffffffffff

Linker script and memory map

                0x0000000000000000                __vfprintf = __vfprintf_int_nwp
                0x0000000000000000                __vfscanf = __vfscanf_int
                0x0000000020000000                __SRAM_segment_start__ = 0x20000000
                0x0000000020010000                __SRAM_segment_end__ = 0x20010000
                0x0000000000010000                __SRAM_segment_size__ = 0x10000
                0x0000000000000000                __FLASH_segment_start__ = 0x0
                0x0000000000080000                __FLASH_segment_end__ = 0x80000
                0x0000000000080000                __FLASH_segment_size__ = 0x80000
                0x0000000000000400                __HEAPSIZE__ = 0x400
                0x0000000000000000                __STACKSIZE_ABT__ = 0x0
                0x0000000000000000                __STACKSIZE_FIQ__ = 0x0
                0x0000000000000000                __STACKSIZE_IRQ__ = 0x0
                0x0000000000000000                __STACKSIZE_PROCESS__ = 0x0
                0x0000000000000000                __STACKSIZE_SVC__ = 0x0
                0x0000000000000000                __STACKSIZE_UND__ = 0x0
                0x0000000000000400                __STACKSIZE__ = 0x400
                0x0000000020002128                __vectors_ram_load_start__ = 0x20002128

.vectors_ram    0x0000000020002128        0x0
                0x0000000020002128                __vectors_ram_start__ = .
 *(.vectors_ram .vectors_ram.*)
                0x0000000020002128                __vectors_ram_end__ = (__vectors_ram_start__ + SIZEOF (.vectors_ram))
                0x0000000000000000                __vectors_ram_size__ = SIZEOF (.vectors_ram)
                0x0000000020002128                __vectors_ram_load_end__ = __vectors_ram_end__
                0x0000000000000001                . = ASSERT (((__vectors_ram_start__ == __vectors_ram_end__) || ((__vectors_ram_end__ >= __SRAM_segment_start__) && (__vectors_ram_end__ <= __SRAM_segment_end__))), error: .vectors_ram is too large to fit in SRAM memory segment)
                0x000000000001f000                __vectors_load_start__ = 0x1f000

.vectors        0x000000000001f000       0xd8
                0x000000000001f000                __vectors_start__ = .
 *(.vectors .vectors.*)
 .vectors       0x000000000001f000       0xd8 Output/ble_app_uart_pca10040_s132 nrf52832_xxaa/Obj/ses_nrf52_startup.o
                0x000000000001f000                _vectors
                0x000000000001f0d8                __vectors_end__ = (__vectors_start__ + SIZEOF (.vectors))
                0x00000000000000d8                __vectors_size__ = SIZEOF (.vectors)
                0x000000000001f0d8                __vectors_load_end__ = __vectors_end__
                0x0000000000000001                . = ASSERT (((__vectors_start__ == __vectors_end__) || ((__vectors_end__ >= __FLASH_segment_start__) && (__vectors_end__ <= __FLASH_segment_end__))), error: .vectors is too large to fit in FLASH memory segment)
                0x000000000001f0d8                __init_load_start__ = ALIGN (__vectors_end__, 0x4)

.init           0x000000000001f0d8      0x1c4
                0x000000000001f0d8                __init_start__ = .
 *(.init .init.*)
 .init          0x000000000001f0d8      0x158 Output/ble_app_uart_pca10040_s132 nrf52832_xxaa/Obj/thumb_crt0.o
                0x000000000001f0d8                _start
                0x000000000001f18a                exit
 .init          0x000000000001f230       0x6c Output/ble_app_uart_pca10040_s132 nrf52832_xxaa/Obj/ses_nrf52_startup.o
                0x000000000001f230                NMI_Handler
                0x000000000001f232                HardFault_Handler
                0x000000000001f234                MemoryManagement_Handler
                0x000000000001f236                BusFault_Handler
                0x000000000001f238                UsageFault_Handler
                0x000000000001f23a                SVC_Handler
                0x000000000001f23c                DebugMon_Handler
                0x000000000001f23e                PendSV_Handler
                0x000000000001f240                SysTick_Handler
                0x000000000001f244                RADIO_IRQHandler
                0x000000000001f248                SPIM0_SPIS0_TWIM0_TWIS0_SPI0_TWI0_IRQHandler
                0x000000000001f24a                SPIM1_SPIS1_TWIM1_TWIS1_SPI1_TWI1_IRQHandler
                0x000000000001f24c                NFCT_IRQHandler
                0x000000000001f254                TIMER1_IRQHandler
                0x000000000001f256                TIMER2_IRQHandler
                0x000000000001f258                RTC0_IRQHandler
                0x000000000001f25a                TEMP_IRQHandler
                0x000000000001f25c                RNG_IRQHandler
                0x000000000001f25e                ECB_IRQHandler
                0x000000000001f260                CCM_AAR_IRQHandler
                0x000000000001f262                WDT_IRQHandler
                0x000000000001f266                QDEC_IRQHandler
                0x000000000001f268                COMP_LPCOMP_IRQHandler
                0x000000000001f26c                SWI1_EGU1_IRQHandler
                0x000000000001f270                SWI3_EGU3_IRQHandler
                0x000000000001f272                SWI4_EGU4_IRQHandler
                0x000000000001f274                SWI5_EGU5_IRQHandler
                0x000000000001f278                TIMER4_IRQHandler
                0x000000000001f27a                PWM0_IRQHandler
                0x000000000001f27c                PDM_IRQHandler
                0x000000000001f27e                MWU_IRQHandler
                0x000000000001f280                PWM1_IRQHandler
                0x000000000001f282                PWM2_IRQHandler
                0x000000000001f284                SPIM2_SPIS2_SPI2_IRQHandler
                0x000000000001f286                RTC2_IRQHandler
                0x000000000001f288                I2S_IRQHandler
                0x000000000001f28a                reset_handler
                0x000000000001f29c                __init_end__ = (__init_start__ + SIZEOF (.init))
                0x00000000000001c4                __init_size__ = SIZEOF (.init)
                0x000000000001f29c                __init_load_end__ = __init_end__
                0x0000000000000001                . = ASSERT (((__init_start__ == __init_end__) || ((__init_end__ >= __FLASH_segment_start__) && (__init_end__ <= __FLASH_segment_end__))), error: .init is too large to fit in FLASH memory segment)
                0x000000000001f29c                __init_rodata_load_start__ = ALIGN (__init_end__, 0x4)

.init_rodata    0x000000000001f29c        0x0
                0x000000000001f29c                __init_rodata_start__ = .
 *(.init_rodata .init_rodata.*)
                0x000000000001f29c                __init_rodata_end__ = (__init_rodata_start__ + SIZEOF (.init_rodata))
                0x0000000000000000                __init_rodata_size__ = SIZEOF (.init_rodata)
                0x000000000001f29c                __init_rodata_load_end__ = __init_rodata_end__
                0x0000000000000001                . = ASSERT (((__init_rodata_start__ == __init_rodata_end__) || ((__init_rodata_end__ >= __FLASH_segment_start__) && (__init_rodata_end__ <= __FLASH_segment_end__))), error: .init_rodata is too large to fit in FLASH memory segment)
                0x000000000001f29c                __text_load_start__ = ALIGN (__init_rodata_end__, 0x4)

.text           0x000000000001f29c     0x942c
                0x000000000001f29c                __text_start__ = .
 *(.text .text.* .glue_7t .glue_7 .gnu.linkonce.t.* .gcc_except_table .ARM.extab* .gnu.linkonce.armextab.*)
 .glue_7        0x000000000001f29c        0x0 linker stubs
 .glue_7t       0x000000000001f29c        0x0 linker stubs
 .text.NVIC_SystemReset
                0x000000000001f29c       0x28 Output/ble_app_uart_pca10040_s132 nrf52832_xxaa/Obj/system_nrf52.o
 .text.SystemCoreClockUpdate
                0x000000000001f2c4       0x1c Output/ble_app_uart_pca10040_s132 nrf52832_xxaa/Obj/system_nrf52.o
                0x000000000001f2c4                SystemCoreClockUpdate
 .text.SystemInit
                0x000000000001f2e0      0x25c Output/ble_app_uart_pca10040_s132 nrf52832_xxaa/Obj/system_nrf52.o
                0x000000000001f2e0                SystemInit
 .text.errata_16
                0x000000000001f53c       0x40 Output/ble_app_uart_pca10040_s132 nrf52832_xxaa/Obj/system_nrf52.o
 .text.errata_31
                0x000000000001f57c       0x60 Output/ble_app_uart_pca10040_s132 nrf52832_xxaa/Obj/system_nrf52.o
 .text.errata_32
                0x000000000001f5dc       0x40 Output/ble_app_uart_pca10040_s132 nrf52832_xxaa/Obj/system_nrf52.o
 .text.errata_36
                0x000000000001f61c       0x60 Output/ble_app_uart_pca10040_s132 nrf52832_xxaa/Obj/system_nrf52.o
 .text.errata_37
                0x000000000001f67c       0x40 Output/ble_app_uart_pca10040_s132 nrf52832_xxaa/Obj/system_nrf52.o
 .text.errata_57
                0x000000000001f6bc       0x40 Output/ble_app_uart_pca10040_s132 nrf52832_xxaa/Obj/system_nrf52.o
 .text.errata_66
                0x000000000001f6fc       0x40 Output/ble_app_uart_pca10040_s132 nrf52832_xxaa/Obj/system_nrf52.o
 .text.errata_108
                0x000000000001f73c       0x60 Output/ble_app_uart_pca10040_s132 nrf52832_xxaa/Obj/system_nrf52.o
 .text.sd_ble_gap_disconnect
                0x000000000001f79c        0x8 Output/ble_app_uart_pca10040_s132 nrf52832_xxaa/Obj/main.o
 .text.sd_ble_gap_ppcp_set
                0x000000000001f7a4        0x8 Output/ble_app_uart_pca10040_s132 nrf52832_xxaa/Obj/main.o
 .text.sd_ble_gap_device_name_set
                0x000000000001f7ac        0x8 Output/ble_app_uart_pca10040_s132 nrf52832_xxaa/Obj/main.o
 .text.sd_ble_gap_sec_params_reply
                0x000000000001f7b4        0x8 Output/ble_app_uart_pca10040_s132 nrf52832_xxaa/Obj/main.o
 .text.sd_ble_gatts_rw_authorize_reply
                0x000000000001f7bc        0x8 Output/ble_app_uart_pca10040_s132 nrf52832_xxaa/Obj/main.o
 .text.sd_ble_gatts_sys_attr_set
                0x000000000001f7c4        0x8 Output/ble_app_uart_pca10040_s132 nrf52832_xxaa/Obj/main.o
 .text.sd_ble_gatts_exchange_mtu_reply
                0x000000000001f7cc        0x8 Output/ble_app_uart_pca10040_s132 nrf52832_xxaa/Obj/main.o
 .text.sd_ble_user_mem_reply
                0x000000000001f7d4        0x8 Output/ble_app_uart_pca10040_s132 nrf52832_xxaa/Obj/main.o
 .text.sd_power_system_off
                0x000000000001f7dc        0x8 Output/ble_app_uart_pca10040_s132 nrf52832_xxaa/Obj/main.o
 .text.sd_app_evt_wait
                0x000000000001f7e4        0x8 Output/ble_app_uart_pca10040_s132 nrf52832_xxaa/Obj/main.o
 .text.nrf_timer_event_address_get
                0x000000000001f7ec       0x1c Output/ble_app_uart_pca10040_s132 nrf52832_xxaa/Obj/main.o
 .text.nrf_timer_frequency_get
                0x000000000001f808       0x1c Output/ble_app_uart_pca10040_s132 nrf52832_xxaa/Obj/main.o
 .text.nrf_timer_compare_event_get
                0x000000000001f824       0x20 Output/ble_app_uart_pca10040_s132 nrf52832_xxaa/Obj/main.o
 .text.nrf_timer_ms_to_ticks
                0x000000000001f844       0x2c Output/ble_app_uart_pca10040_s132 nrf52832_xxaa/Obj/main.o
 .text.nrf_drv_timer_compare_event_address_get
                0x000000000001f870       0x28 Output/ble_app_uart_pca10040_s132 nrf52832_xxaa/Obj/main.o
 .text.nrf_drv_timer_ms_to_ticks
                0x000000000001f898       0x28 Output/ble_app_uart_pca10040_s132 nrf52832_xxaa/Obj/main.o
 .text.gap_params_init
                0x000000000001f8c0       0x84 Output/ble_app_uart_pca10040_s132 nrf52832_xxaa/Obj/main.o
 .text.nus_data_handler
                0x000000000001f944       0x5c Output/ble_app_uart_pca10040_s132 nrf52832_xxaa/Obj/main.o
 .text.services_init
                0x000000000001f9a0       0x44 Output/ble_app_uart_pca10040_s132 nrf52832_xxaa/Obj/main.o
 .text.on_conn_params_evt
                0x000000000001f9e4       0x3c Output/ble_app_uart_pca10040_s132 nrf52832_xxaa/Obj/main.o
 .text.conn_params_error_handler
                0x000000000001fa20       0x18 Output/ble_app_uart_pca10040_s132 nrf52832_xxaa/Obj/main.o
 .text.conn_params_init
                0x000000000001fa38       0x60 Output/ble_app_uart_pca10040_s132 nrf52832_xxaa/Obj/main.o
 .text.sleep_mode_enter
                0x000000000001fa98       0x54 Output/ble_app_uart_pca10040_s132 nrf52832_xxaa/Obj/main.o
 .text.on_adv_evt
                0x000000000001faec       0x40 Output/ble_app_uart_pca10040_s132 nrf52832_xxaa/Obj/main.o
 .text.on_ble_evt
                0x000000000001fb2c      0x310 Output/ble_app_uart_pca10040_s132 nrf52832_xxaa/Obj/main.o
 .text.ble_evt_dispatch
                0x000000000001fe3c       0x34 Output/ble_app_uart_pca10040_s132 nrf52832_xxaa/Obj/main.o
 .text.ble_stack_init
                0x000000000001fe70       0x98 Output/ble_app_uart_pca10040_s132 nrf52832_xxaa/Obj/main.o
 .text.bsp_event_handler
                0x000000000001ff08       0x84 Output/ble_app_uart_pca10040_s132 nrf52832_xxaa/Obj/main.o
                0x000000000001ff08                bsp_event_handler
 .text.uart_event_handle
                0x000000000001ff8c       0xac Output/ble_app_uart_pca10040_s132 nrf52832_xxaa/Obj/main.o
                0x000000000001ff8c                uart_event_handle
 .text.uart_init
                0x0000000000020038       0x68 Output/ble_app_uart_pca10040_s132 nrf52832_xxaa/Obj/main.o
 .text.advertising_init
                0x00000000000200a0       0x94 Output/ble_app_uart_pca10040_s132 nrf52832_xxaa/Obj/main.o
 .text.buttons_leds_init
                0x0000000000020134       0x60 Output/ble_app_uart_pca10040_s132 nrf52832_xxaa/Obj/main.o
 .text.power_manage
                0x0000000000020194       0x24 Output/ble_app_uart_pca10040_s132 nrf52832_xxaa/Obj/main.o
 .text.timer_handler
                0x00000000000201b8       0x18 Output/ble_app_uart_pca10040_s132 nrf52832_xxaa/Obj/main.o
                0x00000000000201b8                timer_handler
 .text.saadc_sampling_event_init
                0x00000000000201d0       0xd0 Output/ble_app_uart_pca10040_s132 nrf52832_xxaa/Obj/main.o
                0x00000000000201d0                saadc_sampling_event_init
 .text.saadc_sampling_event_enable
                0x00000000000202a0       0x30 Output/ble_app_uart_pca10040_s132 nrf52832_xxaa/Obj/main.o
                0x00000000000202a0                saadc_sampling_event_enable
 .text.saadc_callback
                0x00000000000202d0       0xec Output/ble_app_uart_pca10040_s132 nrf52832_xxaa/Obj/main.o
                0x00000000000202d0                saadc_callback
 .text.saadc_init
                0x00000000000203bc      0x250 Output/ble_app_uart_pca10040_s132 nrf52832_xxaa/Obj/main.o
                0x00000000000203bc                saadc_init
 .text.main     0x000000000002060c       0x84 Output/ble_app_uart_pca10040_s132 nrf52832_xxaa/Obj/main.o
                0x000000000002060c                main
 .text.nrf_gpio_pin_port_decode
                0x0000000000020690       0x18 Output/ble_app_uart_pca10040_s132 nrf52832_xxaa/Obj/boards.o
 .text.nrf_gpio_cfg
                0x00000000000206a8       0x54 Output/ble_app_uart_pca10040_s132 nrf52832_xxaa/Obj/boards.o
 .text.nrf_gpio_cfg_output
                0x00000000000206fc       0x24 Output/ble_app_uart_pca10040_s132 nrf52832_xxaa/Obj/boards.o
 .text.nrf_gpio_pin_set
                0x0000000000020720       0x2c Output/ble_app_uart_pca10040_s132 nrf52832_xxaa/Obj/boards.o
 .text.nrf_gpio_pin_clear
                0x000000000002074c       0x2c Output/ble_app_uart_pca10040_s132 nrf52832_xxaa/Obj/boards.o
 .text.nrf_gpio_pin_toggle
                0x0000000000020778       0x48 Output/ble_app_uart_pca10040_s132 nrf52832_xxaa/Obj/boards.o
 .text.nrf_gpio_pin_write
                0x00000000000207c0       0x28 Output/ble_app_uart_pca10040_s132 nrf52832_xxaa/Obj/boards.o
 .text.nrf_gpio_pin_read
                0x00000000000207e8       0x2c Output/ble_app_uart_pca10040_s132 nrf52832_xxaa/Obj/boards.o
 .text.nrf_gpio_pin_out_read
                0x0000000000020814       0x2c Output/ble_app_uart_pca10040_s132 nrf52832_xxaa/Obj/boards.o
 .text.nrf_gpio_port_in_read
                0x0000000000020840       0x18 Output/ble_app_uart_pca10040_s132 nrf52832_xxaa/Obj/boards.o
 .text.nrf_gpio_port_out_read
                0x0000000000020858       0x18 Output/ble_app_uart_pca10040_s132 nrf52832_xxaa/Obj/boards.o
 .text.nrf_gpio_port_out_set
                0x0000000000020870       0x1c Output/ble_app_uart_pca10040_s132 nrf52832_xxaa/Obj/boards.o
 .text.nrf_gpio_port_out_clear
                0x000000000002088c       0x1c Output/ble_app_uart_pca10040_s132 nrf52832_xxaa/Obj/boards.o
 .text.bsp_board_led_state_get
                0x00000000000208a8       0x3c Output/ble_app_uart_pca10040_s132 nrf52832_xxaa/Obj/boards.o
                0x00000000000208a8                bsp_board_led_state_get
 .text.bsp_board_led_on
                0x00000000000208e4       0x1c Output/ble_app_uart_pca10040_s132 nrf52832_xxaa/Obj/boards.o
                0x00000000000208e4                bsp_board_led_on
 .text.bsp_board_led_off
                0x0000000000020900       0x1c Output/ble_app_uart_pca10040_s132 nrf52832_xxaa/Obj/boards.o
                0x0000000000020900                bsp_board_led_off
 .text.bsp_board_leds_off
                0x000000000002091c       0x28 Output/ble_app_uart_pca10040_s132 nrf52832_xxaa/Obj/boards.o
                0x000000000002091c                bsp_board_leds_off
 .text.bsp_board_leds_on
                0x0000000000020944       0x28 Output/ble_app_uart_pca10040_s132 nrf52832_xxaa/Obj/boards.o
                0x0000000000020944                bsp_board_leds_on
 .text.bsp_board_led_invert
                0x000000000002096c       0x18 Output/ble_app_uart_pca10040_s132 nrf52832_xxaa/Obj/boards.o
                0x000000000002096c                bsp_board_led_invert
 .text.bsp_board_leds_init
                0x0000000000020984       0x2c Output/ble_app_uart_pca10040_s132 nrf52832_xxaa/Obj/boards.o
                0x0000000000020984                bsp_board_leds_init
 .text.bsp_board_button_state_get
                0x00000000000209b0       0x3c Output/ble_app_uart_pca10040_s132 nrf52832_xxaa/Obj/boards.o
                0x00000000000209b0                bsp_board_button_state_get
 .text.bsp_board_pin_to_button_idx
                0x00000000000209ec       0x3c Output/ble_app_uart_pca10040_s132 nrf52832_xxaa/Obj/boards.o
                0x00000000000209ec                bsp_board_pin_to_button_idx
 .text.bsp_board_button_idx_to_pin
                0x0000000000020a28       0x14 Output/ble_app_uart_pca10040_s132 nrf52832_xxaa/Obj/boards.o
                0x0000000000020a28                bsp_board_button_idx_to_pin
 .text.nrf_gpio_pin_port_decode
                0x0000000000020a3c       0x18 Output/ble_app_uart_pca10040_s132 nrf52832_xxaa/Obj/bsp.o
 .text.nrf_gpio_cfg_sense_set
                0x0000000000020a54       0x58 Output/ble_app_uart_pca10040_s132 nrf52832_xxaa/Obj/bsp.o
 .text.bsp_button_is_pressed
                0x0000000000020aac       0x18 Output/ble_app_uart_pca10040_s132 nrf52832_xxaa/Obj/bsp.o
                0x0000000000020aac                bsp_button_is_pressed
 .text.bsp_button_event_handler
                0x0000000000020ac4      0x124 Output/ble_app_uart_pca10040_s132 nrf52832_xxaa/Obj/bsp.o
 .text.button_timer_handler
                0x0000000000020be8       0x1c Output/ble_app_uart_pca10040_s132 nrf52832_xxaa/Obj/bsp.o
 .text.bsp_led_indication
                0x0000000000020c04      0x3a8 Output/ble_app_uart_pca10040_s132 nrf52832_xxaa/Obj/bsp.o
 .text.leds_timer_handler
                0x0000000000020fac       0x30 Output/ble_app_uart_pca10040_s132 nrf52832_xxaa/Obj/bsp.o
 .text.alert_timer_handler
                0x0000000000020fdc       0x18 Output/ble_app_uart_pca10040_s132 nrf52832_xxaa/Obj/bsp.o
 .text.bsp_indication_set
                0x0000000000020ff4       0x34 Output/ble_app_uart_pca10040_s132 nrf52832_xxaa/Obj/bsp.o
                0x0000000000020ff4                bsp_indication_set
 .text.bsp_init
                0x0000000000021028       0xe8 Output/ble_app_uart_pca10040_s132 nrf52832_xxaa/Obj/bsp.o
                0x0000000000021028                bsp_init
 .text.bsp_event_to_button_action_assign
                0x0000000000021110       0x9c Output/ble_app_uart_pca10040_s132 nrf52832_xxaa/Obj/bsp.o
                0x0000000000021110                bsp_event_to_button_action_assign
 .text.bsp_wakeup_button_enable
                0x00000000000211ac       0x24 Output/ble_app_uart_pca10040_s132 nrf52832_xxaa/Obj/bsp.o
                0x00000000000211ac                bsp_wakeup_button_enable
 .text.connection_buttons_configure
                0x00000000000211d0       0x64 Output/ble_app_uart_pca10040_s132 nrf52832_xxaa/Obj/bsp_btn_ble.o
 .text.advertising_buttons_configure
                0x0000000000021234       0x64 Output/ble_app_uart_pca10040_s132 nrf52832_xxaa/Obj/bsp_btn_ble.o
 .text.startup_event_extract
                0x0000000000021298       0x40 Output/ble_app_uart_pca10040_s132 nrf52832_xxaa/Obj/bsp_btn_ble.o
 .text.bsp_btn_ble_sleep_mode_prepare
                0x00000000000212d8       0x40 Output/ble_app_uart_pca10040_s132 nrf52832_xxaa/Obj/bsp_btn_ble.o
                0x00000000000212d8                bsp_btn_ble_sleep_mode_prepare
 .text.bsp_btn_ble_on_ble_evt
                0x0000000000021318       0x88 Output/ble_app_uart_pca10040_s132 nrf52832_xxaa/Obj/bsp_btn_ble.o
                0x0000000000021318                bsp_btn_ble_on_ble_evt
 .text.bsp_btn_ble_init
                0x00000000000213a0       0x40 Output/ble_app_uart_pca10040_s132 nrf52832_xxaa/Obj/bsp_btn_ble.o
                0x00000000000213a0                bsp_btn_ble_init
 .text.sd_ble_gap_addr_get
                0x00000000000213e0        0x8 Output/ble_app_uart_pca10040_s132 nrf52832_xxaa/Obj/ble_advdata.o
 .text.sd_ble_gap_adv_data_set
                0x00000000000213e8        0x8 Output/ble_app_uart_pca10040_s132 nrf52832_xxaa/Obj/ble_advdata.o
 .text.sd_ble_gap_appearance_get
                0x00000000000213f0        0x8 Output/ble_app_uart_pca10040_s132 nrf52832_xxaa/Obj/ble_advdata.o
 .text.sd_ble_gap_device_name_get
                0x00000000000213f8        0x8 Output/ble_app_uart_pca10040_s132 nrf52832_xxaa/Obj/ble_advdata.o
 .text.sd_ble_uuid_encode
                0x0000000000021400        0x8 Output/ble_app_uart_pca10040_s132 nrf52832_xxaa/Obj/ble_advdata.o
 .text.uint16_encode
                0x0000000000021408       0x30 Output/ble_app_uart_pca10040_s132 nrf52832_xxaa/Obj/ble_advdata.o
 .text.ble_device_addr_encode
                0x0000000000021438       0xd0 Output/ble_app_uart_pca10040_s132 nrf52832_xxaa/Obj/ble_advdata.o
 .text.name_encode
                0x0000000000021508      0x11c Output/ble_app_uart_pca10040_s132 nrf52832_xxaa/Obj/ble_advdata.o
 .text.appearance_encode
                0x0000000000021624       0x98 Output/ble_app_uart_pca10040_s132 nrf52832_xxaa/Obj/ble_advdata.o
 .text.flags_encode
                0x00000000000216bc       0x80 Output/ble_app_uart_pca10040_s132 nrf52832_xxaa/Obj/ble_advdata.o
 .text.tx_power_level_encode
                0x000000000002173c       0x80 Output/ble_app_uart_pca10040_s132 nrf52832_xxaa/Obj/ble_advdata.o
 .text.uuid_list_sized_encode
                0x00000000000217bc      0x138 Output/ble_app_uart_pca10040_s132 nrf52832_xxaa/Obj/ble_advdata.o
 .text.uuid_list_encode
                0x00000000000218f4       0x5c Output/ble_app_uart_pca10040_s132 nrf52832_xxaa/Obj/ble_advdata.o
 .text.conn_int_check
                0x0000000000021950       0x80 Output/ble_app_uart_pca10040_s132 nrf52832_xxaa/Obj/ble_advdata.o
 .text.conn_int_encode
                0x00000000000219d0       0xc0 Output/ble_app_uart_pca10040_s132 nrf52832_xxaa/Obj/ble_advdata.o
 .text.manuf_specific_data_encode
                0x0000000000021a90       0xe0 Output/ble_app_uart_pca10040_s132 nrf52832_xxaa/Obj/ble_advdata.o
 .text.service_data_encode
                0x0000000000021b70      0x100 Output/ble_app_uart_pca10040_s132 nrf52832_xxaa/Obj/ble_advdata.o
 .text.adv_data_encode
                0x0000000000021c70      0x1bc Output/ble_app_uart_pca10040_s132 nrf52832_xxaa/Obj/ble_advdata.o
                0x0000000000021c70                adv_data_encode
 .text.advdata_check
                0x0000000000021e2c       0x24 Output/ble_app_uart_pca10040_s132 nrf52832_xxaa/Obj/ble_advdata.o
 .text.srdata_check
                0x0000000000021e50       0x20 Output/ble_app_uart_pca10040_s132 nrf52832_xxaa/Obj/ble_advdata.o
 .text.ble_advdata_set
                0x0000000000021e70       0xc0 Output/ble_app_uart_pca10040_s132 nrf52832_xxaa/Obj/ble_advdata.o
                0x0000000000021e70                ble_advdata_set
 .text.sd_ble_gap_adv_start
                0x0000000000021f30        0x8 Output/ble_app_uart_pca10040_s132 nrf52832_xxaa/Obj/ble_advertising.o
 .text.sd_ble_gap_adv_stop
                0x0000000000021f38        0x8 Output/ble_app_uart_pca10040_s132 nrf52832_xxaa/Obj/ble_advertising.o
 .text.whitelist_has_entries
                0x0000000000021f40       0x14 Output/ble_app_uart_pca10040_s132 nrf52832_xxaa/Obj/ble_advertising.o
 .text.addr_is_valid
                0x0000000000021f54       0x38 Output/ble_app_uart_pca10040_s132 nrf52832_xxaa/Obj/ble_advertising.o
 .text.adv_mode_next_get
                0x0000000000021f8c       0x34 Output/ble_app_uart_pca10040_s132 nrf52832_xxaa/Obj/ble_advertising.o
 .text.on_connected
                0x0000000000021fc0       0x28 Output/ble_app_uart_pca10040_s132 nrf52832_xxaa/Obj/ble_advertising.o
 .text.on_disconnected
                0x0000000000021fe8       0x4c Output/ble_app_uart_pca10040_s132 nrf52832_xxaa/Obj/ble_advertising.o
 .text.on_timeout
                0x0000000000022034       0x4c Output/ble_app_uart_pca10040_s132 nrf52832_xxaa/Obj/ble_advertising.o
 .text.flash_access_in_progress
                0x0000000000022080       0x24 Output/ble_app_uart_pca10040_s132 nrf52832_xxaa/Obj/ble_advertising.o
 .text.adv_mode_next_avail_get
                0x00000000000220a4       0x84 Output/ble_app_uart_pca10040_s132 nrf52832_xxaa/Obj/ble_advertising.o
 .text.set_adv_mode_directed
                0x0000000000022128       0x3c Output/ble_app_uart_pca10040_s132 nrf52832_xxaa/Obj/ble_advertising.o
 .text.set_adv_mode_directed_slow
                0x0000000000022164       0x48 Output/ble_app_uart_pca10040_s132 nrf52832_xxaa/Obj/ble_advertising.o
 .text.set_adv_mode_fast
                0x00000000000221ac       0x84 Output/ble_app_uart_pca10040_s132 nrf52832_xxaa/Obj/ble_advertising.o
 .text.set_adv_mode_slow
                0x0000000000022230       0x84 Output/ble_app_uart_pca10040_s132 nrf52832_xxaa/Obj/ble_advertising.o
 .text.ble_advertising_init
                0x00000000000222b4      0x200 Output/ble_app_uart_pca10040_s132 nrf52832_xxaa/Obj/ble_advertising.o
                0x00000000000222b4                ble_advertising_init
 .text.ble_advertising_start
                0x00000000000224b4      0x1cc Output/ble_app_uart_pca10040_s132 nrf52832_xxaa/Obj/ble_advertising.o
                0x00000000000224b4                ble_advertising_start
 .text.ble_advertising_on_ble_evt
                0x0000000000022680       0x3c Output/ble_app_uart_pca10040_s132 nrf52832_xxaa/Obj/ble_advertising.o
                0x0000000000022680                ble_advertising_on_ble_evt
 .text.ble_advertising_restart_without_whitelist
                0x00000000000226bc       0x70 Output/ble_app_uart_pca10040_s132 nrf52832_xxaa/Obj/ble_advertising.o
                0x00000000000226bc                ble_advertising_restart_without_whitelist
 .text.sd_ble_gap_conn_param_update
                0x000000000002272c        0x8 Output/ble_app_uart_pca10040_s132 nrf52832_xxaa/Obj/ble_conn_params.o
 .text.sd_ble_gap_disconnect
                0x0000000000022734        0x8 Output/ble_app_uart_pca10040_s132 nrf52832_xxaa/Obj/ble_conn_params.o
 .text.sd_ble_gap_ppcp_set
                0x000000000002273c        0x8 Output/ble_app_uart_pca10040_s132 nrf52832_xxaa/Obj/ble_conn_params.o
 .text.sd_ble_gap_ppcp_get
                0x0000000000022744        0x8 Output/ble_app_uart_pca10040_s132 nrf52832_xxaa/Obj/ble_conn_params.o
 .text.is_conn_params_ok
                0x000000000002274c       0x34 Output/ble_app_uart_pca10040_s132 nrf52832_xxaa/Obj/ble_conn_params.o
 .text.update_timeout_handler
                0x0000000000022780       0xb4 Output/ble_app_uart_pca10040_s132 nrf52832_xxaa/Obj/ble_conn_params.o
 .text.ble_conn_params_init
                0x0000000000022834       0x98 Output/ble_app_uart_pca10040_s132 nrf52832_xxaa/Obj/ble_conn_params.o
                0x0000000000022834                ble_conn_params_init
 .text.conn_params_negotiation
                0x00000000000228cc       0xac Output/ble_app_uart_pca10040_s132 nrf52832_xxaa/Obj/ble_conn_params.o
 .text.on_connect
                0x0000000000022978       0x48 Output/ble_app_uart_pca10040_s132 nrf52832_xxaa/Obj/ble_conn_params.o
 .text.on_disconnect
                0x00000000000229c0       0x50 Output/ble_app_uart_pca10040_s132 nrf52832_xxaa/Obj/ble_conn_params.o
 .text.on_write
                0x0000000000022a10       0x68 Output/ble_app_uart_pca10040_s132 nrf52832_xxaa/Obj/ble_conn_params.o
 .text.on_conn_params_update
                0x0000000000022a78       0x28 Output/ble_app_uart_pca10040_s132 nrf52832_xxaa/Obj/ble_conn_params.o
 .text.ble_conn_params_on_ble_evt
                0x0000000000022aa0       0x4c Output/ble_app_uart_pca10040_s132 nrf52832_xxaa/Obj/ble_conn_params.o
                0x0000000000022aa0                ble_conn_params_on_ble_evt
 .text.uint16_decode
                0x0000000000022aec       0x28 Output/ble_app_uart_pca10040_s132 nrf52832_xxaa/Obj/ble_srv_common.o
 .text.ble_srv_is_notification_enabled
                0x0000000000022b14       0x2c Output/ble_app_uart_pca10040_s132 nrf52832_xxaa/Obj/ble_srv_common.o
                0x0000000000022b14                ble_srv_is_notification_enabled
 .text.sd_ble_gatts_service_add
                0x0000000000022b40        0x8 Output/ble_app_uart_pca10040_s132 nrf52832_xxaa/Obj/ble_nus.o
 .text.sd_ble_gatts_characteristic_add
                0x0000000000022b48        0x8 Output/ble_app_uart_pca10040_s132 nrf52832_xxaa/Obj/ble_nus.o
 .text.sd_ble_gatts_hvx
                0x0000000000022b50        0x8 Output/ble_app_uart_pca10040_s132 nrf52832_xxaa/Obj/ble_nus.o
 .text.sd_ble_uuid_vs_add
                0x0000000000022b58        0x8 Output/ble_app_uart_pca10040_s132 nrf52832_xxaa/Obj/ble_nus.o
 .text.on_connect
                0x0000000000022b60       0x1c Output/ble_app_uart_pca10040_s132 nrf52832_xxaa/Obj/ble_nus.o
 .text.on_disconnect
                0x0000000000022b7c       0x1c Output/ble_app_uart_pca10040_s132 nrf52832_xxaa/Obj/ble_nus.o
 .text.on_write
                0x0000000000022b98       0x74 Output/ble_app_uart_pca10040_s132 nrf52832_xxaa/Obj/ble_nus.o
 .text.rx_char_add
                0x0000000000022c0c      0x134 Output/ble_app_uart_pca10040_s132 nrf52832_xxaa/Obj/ble_nus.o
 .text.tx_char_add
                0x0000000000022d40       0xec Output/ble_app_uart_pca10040_s132 nrf52832_xxaa/Obj/ble_nus.o
 .text.ble_nus_on_ble_evt
                0x0000000000022e2c       0x50 Output/ble_app_uart_pca10040_s132 nrf52832_xxaa/Obj/ble_nus.o
                0x0000000000022e2c                ble_nus_on_ble_evt
 .text.ble_nus_init
                0x0000000000022e7c       0xbc Output/ble_app_uart_pca10040_s132 nrf52832_xxaa/Obj/ble_nus.o
                0x0000000000022e7c                ble_nus_init
 .text.ble_nus_string_send
                0x0000000000022f38       0x7c Output/ble_app_uart_pca10040_s132 nrf52832_xxaa/Obj/ble_nus.o
                0x0000000000022f38                ble_nus_string_send
 .text.nrf_clock_int_disable
                0x0000000000022fb4       0x1c Output/ble_app_uart_pca10040_s132 nrf52832_xxaa/Obj/nrf_drv_clock.o
 .text.nrf_clock_event_clear
                0x0000000000022fd0       0x2c Output/ble_app_uart_pca10040_s132 nrf52832_xxaa/Obj/nrf_drv_clock.o
 .text.nrf_clock_event_check
                0x0000000000022ffc       0x28 Output/ble_app_uart_pca10040_s132 nrf52832_xxaa/Obj/nrf_drv_clock.o
 .text.nrf_clock_lf_src_set
                0x0000000000023024       0x24 Output/ble_app_uart_pca10040_s132 nrf52832_xxaa/Obj/nrf_drv_clock.o
 .text.nrf_drv_common_irq_enable_check
                0x0000000000023048       0x3c Output/ble_app_uart_pca10040_s132 nrf52832_xxaa/Obj/nrf_drv_clock.o
 .text.nrf_drv_common_power_clock_irq_init
                0x0000000000023084       0x24 Output/ble_app_uart_pca10040_s132 nrf52832_xxaa/Obj/nrf_drv_clock.o
 .text.nrf_drv_clock_init
                0x00000000000230a8       0x60 Output/ble_app_uart_pca10040_s132 nrf52832_xxaa/Obj/nrf_drv_clock.o
                0x00000000000230a8                nrf_drv_clock_init
 .text.item_dequeue
                0x0000000000023108       0x28 Output/ble_app_uart_pca10040_s132 nrf52832_xxaa/Obj/nrf_drv_clock.o
 .text.clock_clk_started_notify
                0x0000000000023130       0x48 Output/ble_app_uart_pca10040_s132 nrf52832_xxaa/Obj/nrf_drv_clock.o
 .text.POWER_CLOCK_IRQHandler
                0x0000000000023178       0x5c Output/ble_app_uart_pca10040_s132 nrf52832_xxaa/Obj/nrf_drv_clock.o
                0x0000000000023178                POWER_CLOCK_IRQHandler
 .text.nrf_drv_clock_on_soc_event
                0x00000000000231d4       0x1c Output/ble_app_uart_pca10040_s132 nrf52832_xxaa/Obj/nrf_drv_clock.o
                0x00000000000231d4                nrf_drv_clock_on_soc_event
 .text.nrf_drv_clock_on_sd_enable
                0x00000000000231f0       0x48 Output/ble_app_uart_pca10040_s132 nrf52832_xxaa/Obj/nrf_drv_clock.o
                0x00000000000231f0                nrf_drv_clock_on_sd_enable
 .text.NVIC_EnableIRQ
                0x0000000000023238       0x30 Output/ble_app_uart_pca10040_s132 nrf52832_xxaa/Obj/nrf_drv_common.o
 .text.NVIC_ClearPendingIRQ
                0x0000000000023268       0x34 Output/ble_app_uart_pca10040_s132 nrf52832_xxaa/Obj/nrf_drv_common.o
 .text.NVIC_SetPriority
                0x000000000002329c       0x54 Output/ble_app_uart_pca10040_s132 nrf52832_xxaa/Obj/nrf_drv_common.o
 .text.nrf_drv_common_irq_enable
                0x00000000000232f0       0x3c Output/ble_app_uart_pca10040_s132 nrf52832_xxaa/Obj/nrf_drv_common.o
                0x00000000000232f0                nrf_drv_common_irq_enable
 .text.nrf_gpiote_event_is_set
                0x000000000002332c       0x28 Output/ble_app_uart_pca10040_s132 nrf52832_xxaa/Obj/nrf_drv_gpiote.o
 .text.nrf_gpiote_event_clear
                0x0000000000023354       0x34 Output/ble_app_uart_pca10040_s132 nrf52832_xxaa/Obj/nrf_drv_gpiote.o
 .text.nrf_gpiote_event_addr_get
                0x0000000000023388       0x20 Output/ble_app_uart_pca10040_s132 nrf52832_xxaa/Obj/nrf_drv_gpiote.o
 .text.nrf_gpiote_int_enable
                0x00000000000233a8       0x20 Output/ble_app_uart_pca10040_s132 nrf52832_xxaa/Obj/nrf_drv_gpiote.o
 .text.nrf_gpiote_int_is_enabled
                0x00000000000233c8       0x20 Output/ble_app_uart_pca10040_s132 nrf52832_xxaa/Obj/nrf_drv_gpiote.o
 .text.nrf_gpiote_event_enable
                0x00000000000233e8       0x34 Output/ble_app_uart_pca10040_s132 nrf52832_xxaa/Obj/nrf_drv_gpiote.o
 .text.nrf_gpiote_event_configure
                0x000000000002341c       0x68 Output/ble_app_uart_pca10040_s132 nrf52832_xxaa/Obj/nrf_drv_gpiote.o
 .text.nrf_gpiote_event_pin_get
                0x0000000000023484       0x28 Output/ble_app_uart_pca10040_s132 nrf52832_xxaa/Obj/nrf_drv_gpiote.o
 .text.nrf_gpiote_event_polarity_get
                0x00000000000234ac       0x2c Output/ble_app_uart_pca10040_s132 nrf52832_xxaa/Obj/nrf_drv_gpiote.o
 .text.nrf_gpio_pin_port_decode
                0x00000000000234d8       0x18 Output/ble_app_uart_pca10040_s132 nrf52832_xxaa/Obj/nrf_drv_gpiote.o
 .text.nrf_gpio_cfg
                0x00000000000234f0       0x54 Output/ble_app_uart_pca10040_s132 nrf52832_xxaa/Obj/nrf_drv_gpiote.o
 .text.nrf_gpio_cfg_input
                0x0000000000023544       0x2c Output/ble_app_uart_pca10040_s132 nrf52832_xxaa/Obj/nrf_drv_gpiote.o
 .text.nrf_gpio_cfg_watcher
                0x0000000000023570       0x3c Output/ble_app_uart_pca10040_s132 nrf52832_xxaa/Obj/nrf_drv_gpiote.o
 .text.nrf_gpio_cfg_sense_set
                0x00000000000235ac       0x58 Output/ble_app_uart_pca10040_s132 nrf52832_xxaa/Obj/nrf_drv_gpiote.o
 .text.nrf_gpio_pin_read
                0x0000000000023604       0x2c Output/ble_app_uart_pca10040_s132 nrf52832_xxaa/Obj/nrf_drv_gpiote.o
 .text.nrf_gpio_pin_sense_get
                0x0000000000023630       0x30 Output/ble_app_uart_pca10040_s132 nrf52832_xxaa/Obj/nrf_drv_gpiote.o
 .text.nrf_gpio_port_in_read
                0x0000000000023660       0x18 Output/ble_app_uart_pca10040_s132 nrf52832_xxaa/Obj/nrf_drv_gpiote.o
 .text.nrf_gpio_ports_read
                0x0000000000023678       0x54 Output/ble_app_uart_pca10040_s132 nrf52832_xxaa/Obj/nrf_drv_gpiote.o
 .text.nrf_bitmask_bit_is_set
                0x00000000000236cc       0x38 Output/ble_app_uart_pca10040_s132 nrf52832_xxaa/Obj/nrf_drv_gpiote.o
 .text.nrf_bitmask_bit_set
                0x0000000000023704       0x48 Output/ble_app_uart_pca10040_s132 nrf52832_xxaa/Obj/nrf_drv_gpiote.o
 .text.pin_in_use_by_te
                0x000000000002374c       0x44 Output/ble_app_uart_pca10040_s132 nrf52832_xxaa/Obj/nrf_drv_gpiote.o
 .text.pin_in_use_by_port
                0x0000000000023790       0x2c Output/ble_app_uart_pca10040_s132 nrf52832_xxaa/Obj/nrf_drv_gpiote.o
 .text.pin_in_use_by_gpiote
                0x00000000000237bc       0x2c Output/ble_app_uart_pca10040_s132 nrf52832_xxaa/Obj/nrf_drv_gpiote.o
 .text.pin_in_use_by_te_set
                0x00000000000237e8       0x54 Output/ble_app_uart_pca10040_s132 nrf52832_xxaa/Obj/nrf_drv_gpiote.o
 .text.pin_in_use_clear
                0x000000000002383c       0x24 Output/ble_app_uart_pca10040_s132 nrf52832_xxaa/Obj/nrf_drv_gpiote.o
 .text.channel_port_get
                0x0000000000023860       0x24 Output/ble_app_uart_pca10040_s132 nrf52832_xxaa/Obj/nrf_drv_gpiote.o
 .text.channel_handler_get
                0x0000000000023884       0x20 Output/ble_app_uart_pca10040_s132 nrf52832_xxaa/Obj/nrf_drv_gpiote.o
 .text.channel_port_alloc
                0x00000000000238a4       0x74 Output/ble_app_uart_pca10040_s132 nrf52832_xxaa/Obj/nrf_drv_gpiote.o
 .text.channel_free
                0x0000000000023918       0x38 Output/ble_app_uart_pca10040_s132 nrf52832_xxaa/Obj/nrf_drv_gpiote.o
 .text.nrf_drv_gpiote_init
                0x0000000000023950       0x80 Output/ble_app_uart_pca10040_s132 nrf52832_xxaa/Obj/nrf_drv_gpiote.o
                0x0000000000023950                nrf_drv_gpiote_init
 .text.nrf_drv_gpiote_is_init
                0x00000000000239d0       0x20 Output/ble_app_uart_pca10040_s132 nrf52832_xxaa/Obj/nrf_drv_gpiote.o
                0x00000000000239d0                nrf_drv_gpiote_is_init
 .text.nrf_drv_gpiote_in_init
                0x00000000000239f0       0xb4 Output/ble_app_uart_pca10040_s132 nrf52832_xxaa/Obj/nrf_drv_gpiote.o
                0x00000000000239f0                nrf_drv_gpiote_in_init
 .text.nrf_drv_gpiote_in_event_enable
                0x0000000000023aa4       0xd0 Output/ble_app_uart_pca10040_s132 nrf52832_xxaa/Obj/nrf_drv_gpiote.o
                0x0000000000023aa4                nrf_drv_gpiote_in_event_enable
 .text.nrf_drv_gpiote_in_is_set
                0x0000000000023b74       0x24 Output/ble_app_uart_pca10040_s132 nrf52832_xxaa/Obj/nrf_drv_gpiote.o
                0x0000000000023b74                nrf_drv_gpiote_in_is_set
 .text.GPIOTE_IRQHandler
                0x0000000000023b98      0x2e8 Output/ble_app_uart_pca10040_s132 nrf52832_xxaa/Obj/nrf_drv_gpiote.o
                0x0000000000023b98                GPIOTE_IRQHandler
 .text.nrf_uart_event_clear
                0x0000000000023e80       0x2c Output/ble_app_uart_pca10040_s132 nrf52832_xxaa/Obj/nrf_drv_uart.o
 .text.nrf_uart_event_check
                0x0000000000023eac       0x28 Output/ble_app_uart_pca10040_s132 nrf52832_xxaa/Obj/nrf_drv_uart.o
 .text.nrf_uart_int_enable
                0x0000000000023ed4       0x1c Output/ble_app_uart_pca10040_s132 nrf52832_xxaa/Obj/nrf_drv_uart.o
 .text.nrf_uart_int_enable_check
                0x0000000000023ef0       0x28 Output/ble_app_uart_pca10040_s132 nrf52832_xxaa/Obj/nrf_drv_uart.o
 .text.nrf_uart_int_disable
                0x0000000000023f18       0x1c Output/ble_app_uart_pca10040_s132 nrf52832_xxaa/Obj/nrf_drv_uart.o
 .text.nrf_uart_errorsrc_get_and_clear
                0x0000000000023f34       0x24 Output/ble_app_uart_pca10040_s132 nrf52832_xxaa/Obj/nrf_drv_uart.o
 .text.nrf_uart_enable
                0x0000000000023f58       0x1c Output/ble_app_uart_pca10040_s132 nrf52832_xxaa/Obj/nrf_drv_uart.o
 .text.nrf_uart_txrx_pins_set
                0x0000000000023f74       0x28 Output/ble_app_uart_pca10040_s132 nrf52832_xxaa/Obj/nrf_drv_uart.o
 .text.nrf_uart_hwfc_pins_set
                0x0000000000023f9c       0x28 Output/ble_app_uart_pca10040_s132 nrf52832_xxaa/Obj/nrf_drv_uart.o
 .text.nrf_uart_rxd_get
                0x0000000000023fc4       0x1c Output/ble_app_uart_pca10040_s132 nrf52832_xxaa/Obj/nrf_drv_uart.o
 .text.nrf_uart_txd_set
                0x0000000000023fe0       0x20 Output/ble_app_uart_pca10040_s132 nrf52832_xxaa/Obj/nrf_drv_uart.o
 .text.nrf_uart_task_trigger
                0x0000000000024000       0x20 Output/ble_app_uart_pca10040_s132 nrf52832_xxaa/Obj/nrf_drv_uart.o
 .text.nrf_uart_configure
                0x0000000000024020       0x2c Output/ble_app_uart_pca10040_s132 nrf52832_xxaa/Obj/nrf_drv_uart.o
 .text.nrf_uart_baudrate_set
                0x000000000002404c       0x1c Output/ble_app_uart_pca10040_s132 nrf52832_xxaa/Obj/nrf_drv_uart.o
 .text.nrf_uarte_event_clear
                0x0000000000024068       0x2c Output/ble_app_uart_pca10040_s132 nrf52832_xxaa/Obj/nrf_drv_uart.o
 .text.nrf_uarte_event_check
                0x0000000000024094       0x28 Output/ble_app_uart_pca10040_s132 nrf52832_xxaa/Obj/nrf_drv_uart.o
 .text.nrf_uarte_shorts_enable
                0x00000000000240bc       0x24 Output/ble_app_uart_pca10040_s132 nrf52832_xxaa/Obj/nrf_drv_uart.o
 .text.nrf_uarte_shorts_disable
                0x00000000000240e0       0x28 Output/ble_app_uart_pca10040_s132 nrf52832_xxaa/Obj/nrf_drv_uart.o
 .text.nrf_uarte_int_enable
                0x0000000000024108       0x1c Output/ble_app_uart_pca10040_s132 nrf52832_xxaa/Obj/nrf_drv_uart.o
 .text.nrf_uarte_int_disable
                0x0000000000024124       0x1c Output/ble_app_uart_pca10040_s132 nrf52832_xxaa/Obj/nrf_drv_uart.o
 .text.nrf_uarte_errorsrc_get_and_clear
                0x0000000000024140       0x24 Output/ble_app_uart_pca10040_s132 nrf52832_xxaa/Obj/nrf_drv_uart.o
 .text.nrf_uarte_enable
                0x0000000000024164       0x1c Output/ble_app_uart_pca10040_s132 nrf52832_xxaa/Obj/nrf_drv_uart.o
 .text.nrf_uarte_txrx_pins_set
                0x0000000000024180       0x28 Output/ble_app_uart_pca10040_s132 nrf52832_xxaa/Obj/nrf_drv_uart.o
 .text.nrf_uarte_hwfc_pins_set
                0x00000000000241a8       0x28 Output/ble_app_uart_pca10040_s132 nrf52832_xxaa/Obj/nrf_drv_uart.o
 .text.nrf_uarte_task_trigger
                0x00000000000241d0       0x20 Output/ble_app_uart_pca10040_s132 nrf52832_xxaa/Obj/nrf_drv_uart.o
 .text.nrf_uarte_configure
                0x00000000000241f0       0x2c Output/ble_app_uart_pca10040_s132 nrf52832_xxaa/Obj/nrf_drv_uart.o
 .text.nrf_uarte_baudrate_set
                0x000000000002421c       0x1c Output/ble_app_uart_pca10040_s132 nrf52832_xxaa/Obj/nrf_drv_uart.o
 .text.nrf_uarte_tx_buffer_set
                0x0000000000024238       0x28 Output/ble_app_uart_pca10040_s132 nrf52832_xxaa/Obj/nrf_drv_uart.o
 .text.nrf_uarte_tx_amount_get
                0x0000000000024260       0x18 Output/ble_app_uart_pca10040_s132 nrf52832_xxaa/Obj/nrf_drv_uart.o
 .text.nrf_uarte_rx_buffer_set
                0x0000000000024278       0x28 Output/ble_app_uart_pca10040_s132 nrf52832_xxaa/Obj/nrf_drv_uart.o
 .text.nrf_uarte_rx_amount_get
                0x00000000000242a0       0x18 Output/ble_app_uart_pca10040_s132 nrf52832_xxaa/Obj/nrf_drv_uart.o
 .text.nrf_drv_get_IRQn
                0x00000000000242b8       0x1c Output/ble_app_uart_pca10040_s132 nrf52832_xxaa/Obj/nrf_drv_uart.o
 .text.nrf_drv_is_in_RAM
                0x00000000000242d4       0x24 Output/ble_app_uart_pca10040_s132 nrf52832_xxaa/Obj/nrf_drv_uart.o
 .text.nrf_gpio_pin_port_decode
                0x00000000000242f8       0x18 Output/ble_app_uart_pca10040_s132 nrf52832_xxaa/Obj/nrf_drv_uart.o
 .text.nrf_gpio_cfg
                0x0000000000024310       0x54 Output/ble_app_uart_pca10040_s132 nrf52832_xxaa/Obj/nrf_drv_uart.o
 .text.nrf_gpio_cfg_output
                0x0000000000024364       0x24 Output/ble_app_uart_pca10040_s132 nrf52832_xxaa/Obj/nrf_drv_uart.o
 .text.nrf_gpio_cfg_input
                0x0000000000024388       0x2c Output/ble_app_uart_pca10040_s132 nrf52832_xxaa/Obj/nrf_drv_uart.o
 .text.nrf_gpio_pin_set
                0x00000000000243b4       0x2c Output/ble_app_uart_pca10040_s132 nrf52832_xxaa/Obj/nrf_drv_uart.o
 .text.nrf_gpio_port_out_set
                0x00000000000243e0       0x1c Output/ble_app_uart_pca10040_s132 nrf52832_xxaa/Obj/nrf_drv_uart.o
 .text.apply_config
                0x00000000000243fc      0x164 Output/ble_app_uart_pca10040_s132 nrf52832_xxaa/Obj/nrf_drv_uart.o
 .text.interrupts_enable
                0x0000000000024560       0xd0 Output/ble_app_uart_pca10040_s132 nrf52832_xxaa/Obj/nrf_drv_uart.o
 .text.uart_enable
                0x0000000000024630       0x3c Output/ble_app_uart_pca10040_s132 nrf52832_xxaa/Obj/nrf_drv_uart.o
 .text.nrf_drv_uart_init
                0x000000000002466c       0x90 Output/ble_app_uart_pca10040_s132 nrf52832_xxaa/Obj/nrf_drv_uart.o
                0x000000000002466c                nrf_drv_uart_init
 .text.tx_byte  0x00000000000246fc       0x44 Output/ble_app_uart_pca10040_s132 nrf52832_xxaa/Obj/nrf_drv_uart.o
 .text.nrf_drv_uart_tx_for_uart
                0x0000000000024740       0xe8 Output/ble_app_uart_pca10040_s132 nrf52832_xxaa/Obj/nrf_drv_uart.o
 .text.nrf_drv_uart_tx_for_uarte
                0x0000000000024828       0xb4 Output/ble_app_uart_pca10040_s132 nrf52832_xxaa/Obj/nrf_drv_uart.o
 .text.nrf_drv_uart_tx
                0x00000000000248dc       0x9c Output/ble_app_uart_pca10040_s132 nrf52832_xxaa/Obj/nrf_drv_uart.o
                0x00000000000248dc                nrf_drv_uart_tx
 .text.nrf_drv_uart_tx_in_progress
                0x0000000000024978       0x30 Output/ble_app_uart_pca10040_s132 nrf52832_xxaa/Obj/nrf_drv_uart.o
                0x0000000000024978                nrf_drv_uart_tx_in_progress
 .text.rx_enable
                0x00000000000249a8       0x38 Output/ble_app_uart_pca10040_s132 nrf52832_xxaa/Obj/nrf_drv_uart.o
 .text.rx_byte  0x00000000000249e0       0x58 Output/ble_app_uart_pca10040_s132 nrf52832_xxaa/Obj/nrf_drv_uart.o
 .text.nrf_drv_uart_rx_for_uart
                0x0000000000024a38      0x140 Output/ble_app_uart_pca10040_s132 nrf52832_xxaa/Obj/nrf_drv_uart.o
 .text.nrf_drv_uart_rx_for_uarte
                0x0000000000024b78      0x118 Output/ble_app_uart_pca10040_s132 nrf52832_xxaa/Obj/nrf_drv_uart.o
 .text.nrf_drv_uart_rx
                0x0000000000024c90      0x144 Output/ble_app_uart_pca10040_s132 nrf52832_xxaa/Obj/nrf_drv_uart.o
                0x0000000000024c90                nrf_drv_uart_rx
 .text.nrf_drv_uart_rx_enable
                0x0000000000024dd4       0x54 Output/ble_app_uart_pca10040_s132 nrf52832_xxaa/Obj/nrf_drv_uart.o
                0x0000000000024dd4                nrf_drv_uart_rx_enable
 .text.rx_done_event
                0x0000000000024e28       0x34 Output/ble_app_uart_pca10040_s132 nrf52832_xxaa/Obj/nrf_drv_uart.o
 .text.tx_done_event
                0x0000000000024e5c       0x38 Output/ble_app_uart_pca10040_s132 nrf52832_xxaa/Obj/nrf_drv_uart.o
 .text.uart_irq_handler
                0x0000000000024e94      0x1d0 Output/ble_app_uart_pca10040_s132 nrf52832_xxaa/Obj/nrf_drv_uart.o
 .text.uarte_irq_handler
                0x0000000000025064      0x158 Output/ble_app_uart_pca10040_s132 nrf52832_xxaa/Obj/nrf_drv_uart.o
 .text.UARTE0_UART0_IRQHandler
                0x00000000000251bc       0x2c Output/ble_app_uart_pca10040_s132 nrf52832_xxaa/Obj/nrf_drv_uart.o
                0x00000000000251bc                UARTE0_UART0_IRQHandler
 .text.nrf_saadc_task_trigger
                0x00000000000251e8       0x24 Output/ble_app_uart_pca10040_s132 nrf52832_xxaa/Obj/nrf_drv_saadc.o
 .text.nrf_saadc_task_address_get
                0x000000000002520c       0x20 Output/ble_app_uart_pca10040_s132 nrf52832_xxaa/Obj/nrf_drv_saadc.o
 .text.nrf_saadc_event_check
                0x000000000002522c       0x2c Output/ble_app_uart_pca10040_s132 nrf52832_xxaa/Obj/nrf_drv_saadc.o
 .text.nrf_saadc_event_clear
                0x0000000000025258       0x34 Output/ble_app_uart_pca10040_s132 nrf52832_xxaa/Obj/nrf_drv_saadc.o
 .text.nrf_saadc_channel_input_set
                0x000000000002528c       0x40 Output/ble_app_uart_pca10040_s132 nrf52832_xxaa/Obj/nrf_drv_saadc.o
 .text.nrf_saadc_int_enable
                0x00000000000252cc       0x20 Output/ble_app_uart_pca10040_s132 nrf52832_xxaa/Obj/nrf_drv_saadc.o
 .text.nrf_saadc_int_disable
                0x00000000000252ec       0x20 Output/ble_app_uart_pca10040_s132 nrf52832_xxaa/Obj/nrf_drv_saadc.o
 .text.nrf_saadc_enable
                0x000000000002530c       0x18 Output/ble_app_uart_pca10040_s132 nrf52832_xxaa/Obj/nrf_drv_saadc.o
 .text.nrf_saadc_buffer_init
                0x0000000000025324       0x28 Output/ble_app_uart_pca10040_s132 nrf52832_xxaa/Obj/nrf_drv_saadc.o
 .text.nrf_saadc_resolution_set
                0x000000000002534c       0x20 Output/ble_app_uart_pca10040_s132 nrf52832_xxaa/Obj/nrf_drv_saadc.o
 .text.nrf_saadc_oversample_set
                0x000000000002536c       0x20 Output/ble_app_uart_pca10040_s132 nrf52832_xxaa/Obj/nrf_drv_saadc.o
 .text.SAADC_IRQHandler
                0x000000000002538c      0x290 Output/ble_app_uart_pca10040_s132 nrf52832_xxaa/Obj/nrf_drv_saadc.o
                0x000000000002538c                SAADC_IRQHandler
 .text.nrf_drv_saadc_init
                0x000000000002561c       0xcc Output/ble_app_uart_pca10040_s132 nrf52832_xxaa/Obj/nrf_drv_saadc.o
                0x000000000002561c                nrf_drv_saadc_init
 .text.nrf_drv_saadc_channel_init
                0x00000000000256e8       0x88 Output/ble_app_uart_pca10040_s132 nrf52832_xxaa/Obj/nrf_drv_saadc.o
                0x00000000000256e8                nrf_drv_saadc_channel_init
 .text.nrf_drv_saadc_sample_task_get
                0x0000000000025770       0x24 Output/ble_app_uart_pca10040_s132 nrf52832_xxaa/Obj/nrf_drv_saadc.o
                0x0000000000025770                nrf_drv_saadc_sample_task_get
 .text.nrf_drv_saadc_buffer_convert
                0x0000000000025794      0x108 Output/ble_app_uart_pca10040_s132 nrf52832_xxaa/Obj/nrf_drv_saadc.o
                0x0000000000025794                nrf_drv_saadc_buffer_convert
 .text.nrf_timer_task_trigger
                0x000000000002589c       0x20 Output/ble_app_uart_pca10040_s132 nrf52832_xxaa/Obj/nrf_drv_timer.o
 .text.nrf_timer_event_clear
                0x00000000000258bc       0x2c Output/ble_app_uart_pca10040_s132 nrf52832_xxaa/Obj/nrf_drv_timer.o
 .text.nrf_timer_event_check
                0x00000000000258e8       0x28 Output/ble_app_uart_pca10040_s132 nrf52832_xxaa/Obj/nrf_drv_timer.o
 .text.nrf_timer_shorts_enable
                0x0000000000025910       0x24 Output/ble_app_uart_pca10040_s132 nrf52832_xxaa/Obj/nrf_drv_timer.o
 .text.nrf_timer_shorts_disable
                0x0000000000025934       0x28 Output/ble_app_uart_pca10040_s132 nrf52832_xxaa/Obj/nrf_drv_timer.o
 .text.nrf_timer_int_enable
                0x000000000002595c       0x1c Output/ble_app_uart_pca10040_s132 nrf52832_xxaa/Obj/nrf_drv_timer.o
 .text.nrf_timer_int_disable
                0x0000000000025978       0x1c Output/ble_app_uart_pca10040_s132 nrf52832_xxaa/Obj/nrf_drv_timer.o
 .text.nrf_timer_int_enable_check
                0x0000000000025994       0x28 Output/ble_app_uart_pca10040_s132 nrf52832_xxaa/Obj/nrf_drv_timer.o
 .text.nrf_timer_mode_set
                0x00000000000259bc       0x30 Output/ble_app_uart_pca10040_s132 nrf52832_xxaa/Obj/nrf_drv_timer.o
 .text.nrf_timer_bit_width_set
                0x00000000000259ec       0x30 Output/ble_app_uart_pca10040_s132 nrf52832_xxaa/Obj/nrf_drv_timer.o
 .text.nrf_timer_frequency_set
                0x0000000000025a1c       0x30 Output/ble_app_uart_pca10040_s132 nrf52832_xxaa/Obj/nrf_drv_timer.o
 .text.nrf_timer_cc_write
                0x0000000000025a4c       0x28 Output/ble_app_uart_pca10040_s132 nrf52832_xxaa/Obj/nrf_drv_timer.o
 .text.nrf_timer_compare_event_get
                0x0000000000025a74       0x20 Output/ble_app_uart_pca10040_s132 nrf52832_xxaa/Obj/nrf_drv_timer.o
 .text.nrf_timer_compare_int_get
                0x0000000000025a94       0x1c Output/ble_app_uart_pca10040_s132 nrf52832_xxaa/Obj/nrf_drv_timer.o
 .text.nrf_drv_get_IRQn
                0x0000000000025ab0       0x1c Output/ble_app_uart_pca10040_s132 nrf52832_xxaa/Obj/nrf_drv_timer.o
 .text.nrf_drv_timer_init
                0x0000000000025acc       0xdc Output/ble_app_uart_pca10040_s132 nrf52832_xxaa/Obj/nrf_drv_timer.o
                0x0000000000025acc                nrf_drv_timer_init
 .text.nrf_drv_timer_enable
                0x0000000000025ba8       0x38 Output/ble_app_uart_pca10040_s132 nrf52832_xxaa/Obj/nrf_drv_timer.o
                0x0000000000025ba8                nrf_drv_timer_enable
 .text.nrf_drv_timer_compare
                0x0000000000025be0       0x54 Output/ble_app_uart_pca10040_s132 nrf52832_xxaa/Obj/nrf_drv_timer.o
                0x0000000000025be0                nrf_drv_timer_compare
 .text.nrf_drv_timer_extended_compare
                0x0000000000025c34       0x54 Output/ble_app_uart_pca10040_s132 nrf52832_xxaa/Obj/nrf_drv_timer.o
                0x0000000000025c34                nrf_drv_timer_extended_compare
 .text.irq_handler
                0x0000000000025c88       0x78 Output/ble_app_uart_pca10040_s132 nrf52832_xxaa/Obj/nrf_drv_timer.o
 .text.TIMER0_IRQHandler
                0x0000000000025d00       0x1c Output/ble_app_uart_pca10040_s132 nrf52832_xxaa/Obj/nrf_drv_timer.o
                0x0000000000025d00                TIMER0_IRQHandler
 .text.TIMER3_IRQHandler
                0x0000000000025d1c       0x1c Output/ble_app_uart_pca10040_s132 nrf52832_xxaa/Obj/nrf_drv_timer.o
                0x0000000000025d1c                TIMER3_IRQHandler
 .text.nrf_ppi_channel_enable
                0x0000000000025d38       0x28 Output/ble_app_uart_pca10040_s132 nrf52832_xxaa/Obj/nrf_drv_ppi.o
 .text.nrf_ppi_channel_endpoint_setup
                0x0000000000025d60       0x38 Output/ble_app_uart_pca10040_s132 nrf52832_xxaa/Obj/nrf_drv_ppi.o
 .text.nrf_drv_ppi_channel_to_mask
                0x0000000000025d98       0x1c Output/ble_app_uart_pca10040_s132 nrf52832_xxaa/Obj/nrf_drv_ppi.o
 .text.is_programmable_app_channel
                0x0000000000025db4       0x30 Output/ble_app_uart_pca10040_s132 nrf52832_xxaa/Obj/nrf_drv_ppi.o
 .text.are_app_channels
                0x0000000000025de4       0x28 Output/ble_app_uart_pca10040_s132 nrf52832_xxaa/Obj/nrf_drv_ppi.o
 .text.is_app_channel
                0x0000000000025e0c       0x24 Output/ble_app_uart_pca10040_s132 nrf52832_xxaa/Obj/nrf_drv_ppi.o
 .text.is_allocated_channel
                0x0000000000025e30       0x30 Output/ble_app_uart_pca10040_s132 nrf52832_xxaa/Obj/nrf_drv_ppi.o
 .text.channel_allocated_set
                0x0000000000025e60       0x2c Output/ble_app_uart_pca10040_s132 nrf52832_xxaa/Obj/nrf_drv_ppi.o
 .text.nrf_drv_ppi_init
                0x0000000000025e8c       0x30 Output/ble_app_uart_pca10040_s132 nrf52832_xxaa/Obj/nrf_drv_ppi.o
                0x0000000000025e8c                nrf_drv_ppi_init
 .text.nrf_drv_ppi_channel_alloc
                0x0000000000025ebc       0xa4 Output/ble_app_uart_pca10040_s132 nrf52832_xxaa/Obj/nrf_drv_ppi.o
                0x0000000000025ebc                nrf_drv_ppi_channel_alloc
 .text.nrf_drv_ppi_channel_assign
                0x0000000000025f60       0x70 Output/ble_app_uart_pca10040_s132 nrf52832_xxaa/Obj/nrf_drv_ppi.o
                0x0000000000025f60                nrf_drv_ppi_channel_assign
 .text.nrf_drv_ppi_channel_enable
                0x0000000000025fd0       0x64 Output/ble_app_uart_pca10040_s132 nrf52832_xxaa/Obj/nrf_drv_ppi.o
                0x0000000000025fd0                nrf_drv_ppi_channel_enable
 .text.nrf_saadc_channel_input_set
                0x0000000000026034       0x40 Output/ble_app_uart_pca10040_s132 nrf52832_xxaa/Obj/nrf_saadc.o
 .text.nrf_saadc_channel_init
                0x0000000000026074       0x88 Output/ble_app_uart_pca10040_s132 nrf52832_xxaa/Obj/nrf_saadc.o
                0x0000000000026074                nrf_saadc_channel_init
 .text.detection_delay_timeout_handler
                0x00000000000260fc       0xc8 Output/ble_app_uart_pca10040_s132 nrf52832_xxaa/Obj/app_button.o
 .text.gpiote_event_handler
                0x00000000000261c4       0xa0 Output/ble_app_uart_pca10040_s132 nrf52832_xxaa/Obj/app_button.o
 .text.app_button_init
                0x0000000000026264       0xd4 Output/ble_app_uart_pca10040_s132 nrf52832_xxaa/Obj/app_button.o
                0x0000000000026264                app_button_init
 .text.app_button_enable
                0x0000000000026338       0x44 Output/ble_app_uart_pca10040_s132 nrf52832_xxaa/Obj/app_button.o
                0x0000000000026338                app_button_enable
 .text.app_error_handler_bare
                0x000000000002637c       0x2c Output/ble_app_uart_pca10040_s132 nrf52832_xxaa/Obj/app_error.o
                0x000000000002637c                app_error_handler_bare
 .text.NVIC_SystemReset
                0x00000000000263a8       0x28 Output/ble_app_uart_pca10040_s132 nrf52832_xxaa/Obj/app_error_weak.o
 .text.app_error_fault_handler
                0x00000000000263d0       0x18 Output/ble_app_uart_pca10040_s132 nrf52832_xxaa/Obj/app_error_weak.o
                0x00000000000263d0                app_error_fault_handler
 .text.fifo_length
                0x00000000000263e8       0x20 Output/ble_app_uart_pca10040_s132 nrf52832_xxaa/Obj/app_fifo.o
 .text.fifo_put
                0x0000000000026408       0x34 Output/ble_app_uart_pca10040_s132 nrf52832_xxaa/Obj/app_fifo.o
 .text.fifo_peek
                0x000000000002643c       0x34 Output/ble_app_uart_pca10040_s132 nrf52832_xxaa/Obj/app_fifo.o
 .text.fifo_get
                0x0000000000026470       0x28 Output/ble_app_uart_pca10040_s132 nrf52832_xxaa/Obj/app_fifo.o
 .text.app_fifo_init
                0x0000000000026498       0x58 Output/ble_app_uart_pca10040_s132 nrf52832_xxaa/Obj/app_fifo.o
                0x0000000000026498                app_fifo_init
 .text.app_fifo_put
                0x00000000000264f0       0x34 Output/ble_app_uart_pca10040_s132 nrf52832_xxaa/Obj/app_fifo.o
                0x00000000000264f0                app_fifo_put
 .text.app_fifo_get
                0x0000000000026524       0x2c Output/ble_app_uart_pca10040_s132 nrf52832_xxaa/Obj/app_fifo.o
                0x0000000000026524                app_fifo_get
 .text.NVIC_EnableIRQ
                0x0000000000026550       0x30 Output/ble_app_uart_pca10040_s132 nrf52832_xxaa/Obj/app_timer.o
 .text.NVIC_DisableIRQ
                0x0000000000026580       0x34 Output/ble_app_uart_pca10040_s132 nrf52832_xxaa/Obj/app_timer.o
 .text.NVIC_SetPendingIRQ
                0x00000000000265b4       0x34 Output/ble_app_uart_pca10040_s132 nrf52832_xxaa/Obj/app_timer.o
 .text.NVIC_ClearPendingIRQ
                0x00000000000265e8       0x34 Output/ble_app_uart_pca10040_s132 nrf52832_xxaa/Obj/app_timer.o
 .text.NVIC_SetPriority
                0x000000000002661c       0x54 Output/ble_app_uart_pca10040_s132 nrf52832_xxaa/Obj/app_timer.o
 .text.is_word_aligned
                0x0000000000026670       0x24 Output/ble_app_uart_pca10040_s132 nrf52832_xxaa/Obj/app_timer.o
 .text.nrf_delay_us
                0x0000000000026694       0xa8 Output/ble_app_uart_pca10040_s132 nrf52832_xxaa/Obj/app_timer.o
 .text.rtc1_init
                0x000000000002673c       0x24 Output/ble_app_uart_pca10040_s132 nrf52832_xxaa/Obj/app_timer.o
 .text.rtc1_start
                0x0000000000026760       0x44 Output/ble_app_uart_pca10040_s132 nrf52832_xxaa/Obj/app_timer.o
 .text.rtc1_stop
                0x00000000000267a4       0x54 Output/ble_app_uart_pca10040_s132 nrf52832_xxaa/Obj/app_timer.o
 .text.rtc1_counter_get
                0x00000000000267f8       0x18 Output/ble_app_uart_pca10040_s132 nrf52832_xxaa/Obj/app_timer.o
 .text.ticks_diff_get
                0x0000000000026810       0x20 Output/ble_app_uart_pca10040_s132 nrf52832_xxaa/Obj/app_timer.o
 .text.rtc1_compare0_set
                0x0000000000026830       0x20 Output/ble_app_uart_pca10040_s132 nrf52832_xxaa/Obj/app_timer.o
 .text.timer_list_insert
                0x0000000000026850       0xb4 Output/ble_app_uart_pca10040_s132 nrf52832_xxaa/Obj/app_timer.o
 .text.timer_list_remove
                0x0000000000026904       0xa4 Output/ble_app_uart_pca10040_s132 nrf52832_xxaa/Obj/app_timer.o
 .text.timer_timeouts_check_sched
                0x00000000000269a8       0x10 Output/ble_app_uart_pca10040_s132 nrf52832_xxaa/Obj/app_timer.o
 .text.timer_list_handler_sched
                0x00000000000269b8       0x10 Output/ble_app_uart_pca10040_s132 nrf52832_xxaa/Obj/app_timer.o
 .text.timeout_handler_exec
                0x00000000000269c8       0x4c Output/ble_app_uart_pca10040_s132 nrf52832_xxaa/Obj/app_timer.o
 .text.timer_timeouts_check
                0x0000000000026a14       0xc8 Output/ble_app_uart_pca10040_s132 nrf52832_xxaa/Obj/app_timer.o
 .text.elapsed_ticks_acquire
                0x0000000000026adc       0x80 Output/ble_app_uart_pca10040_s132 nrf52832_xxaa/Obj/app_timer.o
 .text.list_deletions_handler
                0x0000000000026b5c       0xa0 Output/ble_app_uart_pca10040_s132 nrf52832_xxaa/Obj/app_timer.o
 .text.expired_timers_handler
                0x0000000000026bfc       0x9c Output/ble_app_uart_pca10040_s132 nrf52832_xxaa/Obj/app_timer.o
 .text.list_insertions_handler
                0x0000000000026c98      0x160 Output/ble_app_uart_pca10040_s132 nrf52832_xxaa/Obj/app_timer.o
 .text.compare_reg_update
                0x0000000000026df8       0xb4 Output/ble_app_uart_pca10040_s132 nrf52832_xxaa/Obj/app_timer.o
 .text.timer_list_handler
                0x0000000000026eac       0x78 Output/ble_app_uart_pca10040_s132 nrf52832_xxaa/Obj/app_timer.o
 .text.user_op_enque
                0x0000000000026f24       0x20 Output/ble_app_uart_pca10040_s132 nrf52832_xxaa/Obj/app_timer.o
 .text.user_op_alloc
                0x0000000000026f44       0x58 Output/ble_app_uart_pca10040_s132 nrf52832_xxaa/Obj/app_timer.o
 .text.timer_start_op_schedule
                0x0000000000026f9c       0x84 Output/ble_app_uart_pca10040_s132 nrf52832_xxaa/Obj/app_timer.o
 .text.timer_stop_op_schedule
                0x0000000000027020       0x68 Output/ble_app_uart_pca10040_s132 nrf52832_xxaa/Obj/app_timer.o
 .text.RTC1_IRQHandler
                0x0000000000027088       0x40 Output/ble_app_uart_pca10040_s132 nrf52832_xxaa/Obj/app_timer.o
                0x0000000000027088                RTC1_IRQHandler
 .text.SWI0_EGU0_IRQHandler
                0x00000000000270c8        0xc Output/ble_app_uart_pca10040_s132 nrf52832_xxaa/Obj/app_timer.o
                0x00000000000270c8                SWI0_EGU0_IRQHandler
 .text.app_timer_init
                0x00000000000270d4       0xac Output/ble_app_uart_pca10040_s132 nrf52832_xxaa/Obj/app_timer.o
                0x00000000000270d4                app_timer_init
 .text.app_timer_create
                0x0000000000027180       0x64 Output/ble_app_uart_pca10040_s132 nrf52832_xxaa/Obj/app_timer.o
                0x0000000000027180                app_timer_create
 .text.app_timer_start
                0x00000000000271e4       0x68 Output/ble_app_uart_pca10040_s132 nrf52832_xxaa/Obj/app_timer.o
                0x00000000000271e4                app_timer_start
 .text.app_timer_stop
                0x000000000002724c       0x48 Output/ble_app_uart_pca10040_s132 nrf52832_xxaa/Obj/app_timer.o
                0x000000000002724c                app_timer_stop
 .text.fifo_length
                0x0000000000027294       0x20 Output/ble_app_uart_pca10040_s132 nrf52832_xxaa/Obj/app_uart_fifo.o
 .text.uart_event_handler
                0x00000000000272b4       0xfc Output/ble_app_uart_pca10040_s132 nrf52832_xxaa/Obj/app_uart_fifo.o
 .text.app_uart_init
                0x00000000000273b0      0x12c Output/ble_app_uart_pca10040_s132 nrf52832_xxaa/Obj/app_uart_fifo.o
                0x00000000000273b0                app_uart_init
 .text.app_uart_get
                0x00000000000274dc       0x5c Output/ble_app_uart_pca10040_s132 nrf52832_xxaa/Obj/app_uart_fifo.o
                0x00000000000274dc                app_uart_get
 .text.app_uart_put
                0x0000000000027538       0x60 Output/ble_app_uart_pca10040_s132 nrf52832_xxaa/Obj/app_uart_fifo.o
                0x0000000000027538                app_uart_put
 .text.__sd_nvic_irq_disable
                0x0000000000027598       0x20 Output/ble_app_uart_pca10040_s132 nrf52832_xxaa/Obj/app_util_platform.o
 .text.__sd_nvic_irq_enable
                0x00000000000275b8       0x10 Output/ble_app_uart_pca10040_s132 nrf52832_xxaa/Obj/app_util_platform.o
 .text.sd_nvic_critical_region_enter
                0x00000000000275c8       0x74 Output/ble_app_uart_pca10040_s132 nrf52832_xxaa/Obj/app_util_platform.o
 .text.sd_nvic_critical_region_exit
                0x000000000002763c       0x50 Output/ble_app_uart_pca10040_s132 nrf52832_xxaa/Obj/app_util_platform.o
 .text.app_util_critical_region_enter
                0x000000000002768c       0x18 Output/ble_app_uart_pca10040_s132 nrf52832_xxaa/Obj/app_util_platform.o
                0x000000000002768c                app_util_critical_region_enter
 .text.app_util_critical_region_exit
                0x00000000000276a4       0x1c Output/ble_app_uart_pca10040_s132 nrf52832_xxaa/Obj/app_util_platform.o
                0x00000000000276a4                app_util_critical_region_exit
 .text.fs_queued_op_count_get
                0x00000000000276c0       0x2c Output/ble_app_uart_pca10040_s132 nrf52832_xxaa/Obj/fstorage.o
                0x00000000000276c0                fs_queued_op_count_get
 .text._DoInit  0x00000000000276ec       0x9c Output/ble_app_uart_pca10040_s132 nrf52832_xxaa/Obj/SEGGER_RTT.o
 .text._WriteBlocking
                0x0000000000027788       0xb4 Output/ble_app_uart_pca10040_s132 nrf52832_xxaa/Obj/SEGGER_RTT.o
 .text._WriteNoCheck
                0x000000000002783c       0x80 Output/ble_app_uart_pca10040_s132 nrf52832_xxaa/Obj/SEGGER_RTT.o
 .text._GetAvailWriteSpace
                0x00000000000278bc       0x44 Output/ble_app_uart_pca10040_s132 nrf52832_xxaa/Obj/SEGGER_RTT.o
 .text.SEGGER_RTT_WriteNoLock
                0x0000000000027900       0x9c Output/ble_app_uart_pca10040_s132 nrf52832_xxaa/Obj/SEGGER_RTT.o
                0x0000000000027900                SEGGER_RTT_WriteNoLock
 .text.SEGGER_RTT_Write
                0x000000000002799c       0x50 Output/ble_app_uart_pca10040_s132 nrf52832_xxaa/Obj/SEGGER_RTT.o
                0x000000000002799c                SEGGER_RTT_Write
 .text._StoreChar
                0x00000000000279ec       0x7c Output/ble_app_uart_pca10040_s132 nrf52832_xxaa/Obj/SEGGER_RTT_printf.o
 .text._PrintUnsigned
                0x0000000000027a68      0x158 Output/ble_app_uart_pca10040_s132 nrf52832_xxaa/Obj/SEGGER_RTT_printf.o
 .text._PrintInt
                0x0000000000027bc0      0x150 Output/ble_app_uart_pca10040_s132 nrf52832_xxaa/Obj/SEGGER_RTT_printf.o
 .text.SEGGER_RTT_vprintf
                0x0000000000027d10      0x32c Output/ble_app_uart_pca10040_s132 nrf52832_xxaa/Obj/SEGGER_RTT_printf.o
                0x0000000000027d10                SEGGER_RTT_vprintf
 .text.SEGGER_RTT_printf
                0x000000000002803c       0x30 Output/ble_app_uart_pca10040_s132 nrf52832_xxaa/Obj/SEGGER_RTT_printf.o
                0x000000000002803c                SEGGER_RTT_printf
 .text.NVIC_EnableIRQ
                0x000000000002806c       0x30 Output/ble_app_uart_pca10040_s132 nrf52832_xxaa/Obj/softdevice_handler.o
 .text.NVIC_DisableIRQ
                0x000000000002809c       0x34 Output/ble_app_uart_pca10040_s132 nrf52832_xxaa/Obj/softdevice_handler.o
 .text.NVIC_GetPriority
                0x00000000000280d0       0x4c Output/ble_app_uart_pca10040_s132 nrf52832_xxaa/Obj/softdevice_handler.o
 .text.sd_evt_get
                0x000000000002811c        0x8 Output/ble_app_uart_pca10040_s132 nrf52832_xxaa/Obj/softdevice_handler.o
 .text.sd_softdevice_enable
                0x0000000000028124        0x8 Output/ble_app_uart_pca10040_s132 nrf52832_xxaa/Obj/softdevice_handler.o
 .text.is_word_aligned
                0x000000000002812c       0x24 Output/ble_app_uart_pca10040_s132 nrf52832_xxaa/Obj/softdevice_handler.o
 .text.sd_ble_enable
                0x0000000000028150        0x8 Output/ble_app_uart_pca10040_s132 nrf52832_xxaa/Obj/softdevice_handler.o
 .text.sd_ble_evt_get
                0x0000000000028158        0x8 Output/ble_app_uart_pca10040_s132 nrf52832_xxaa/Obj/softdevice_handler.o
 .text.__sd_nvic_app_accessible_irq
                0x0000000000028160       0x5c Output/ble_app_uart_pca10040_s132 nrf52832_xxaa/Obj/softdevice_handler.o
 .text.__sd_nvic_is_app_accessible_priority
                0x00000000000281bc       0x3c Output/ble_app_uart_pca10040_s132 nrf52832_xxaa/Obj/softdevice_handler.o
 .text.sd_nvic_EnableIRQ
                0x00000000000281f8       0x88 Output/ble_app_uart_pca10040_s132 nrf52832_xxaa/Obj/softdevice_handler.o
 .text.nrf_drv_common_irq_enable_check
                0x0000000000028280       0x3c Output/ble_app_uart_pca10040_s132 nrf52832_xxaa/Obj/softdevice_handler.o
 .text.softdevice_fault_handler
                0x00000000000282bc       0x20 Output/ble_app_uart_pca10040_s132 nrf52832_xxaa/Obj/softdevice_handler.o
                0x00000000000282bc                softdevice_fault_handler
 .text.intern_softdevice_events_execute
                0x00000000000282dc      0x108 Output/ble_app_uart_pca10040_s132 nrf52832_xxaa/Obj/softdevice_handler.o
                0x00000000000282dc                intern_softdevice_events_execute
 .text.softdevice_handler_is_enabled
                0x00000000000283e4       0x18 Output/ble_app_uart_pca10040_s132 nrf52832_xxaa/Obj/softdevice_handler.o
                0x00000000000283e4                softdevice_handler_is_enabled
 .text.softdevice_handler_init
                0x00000000000283fc       0xa8 Output/ble_app_uart_pca10040_s132 nrf52832_xxaa/Obj/softdevice_handler.o
                0x00000000000283fc                softdevice_handler_init
 .text.softdevice_ble_evt_handler_set
                0x00000000000284a4       0x28 Output/ble_app_uart_pca10040_s132 nrf52832_xxaa/Obj/softdevice_handler.o
                0x00000000000284a4                softdevice_ble_evt_handler_set
 .text.SWI2_EGU2_IRQHandler
                0x00000000000284cc       0x38 Output/ble_app_uart_pca10040_s132 nrf52832_xxaa/Obj/softdevice_handler.o
                0x00000000000284cc                SWI2_EGU2_IRQHandler
 .text.softdevice_enable_get_default_config
                0x0000000000028504       0x54 Output/ble_app_uart_pca10040_s132 nrf52832_xxaa/Obj/softdevice_handler.o
                0x0000000000028504                softdevice_enable_get_default_config
 .text.softdevice_enable
                0x0000000000028558       0x30 Output/ble_app_uart_pca10040_s132 nrf52832_xxaa/Obj/softdevice_handler.o
                0x0000000000028558                softdevice_enable
 .text.libc.memcpy
                0x0000000000028588       0x3c C:/Program Files/SEGGER/SEGGER Embedded Studio 3.10i/lib/libc_v7em_t_le_eabi.a(libc2_asm.o)
                0x0000000000028588                __aeabi_memcpy
                0x0000000000028588                __aeabi_memcpy4
                0x0000000000028588                __aeabi_memcpy8
                0x0000000000028588                memcpy
 .text.libc.memset
                0x00000000000285c4       0x60 C:/Program Files/SEGGER/SEGGER Embedded Studio 3.10i/lib/libc_v7em_t_le_eabi.a(libc2_asm.o)
                0x00000000000285c4                memset
 .text.libc.strcpy
                0x0000000000028624       0x44 C:/Program Files/SEGGER/SEGGER Embedded Studio 3.10i/lib/libc_v7em_t_le_eabi.a(libc2_asm.o)
                0x0000000000028624                strcpy
 .text.libc.strlen
                0x0000000000028668       0x60 C:/Program Files/SEGGER/SEGGER Embedded Studio 3.10i/lib/libc_v7em_t_le_eabi.a(libc2_asm.o)
                0x0000000000028668                strlen
                0x00000000000286c8                __text_end__ = (__text_start__ + SIZEOF (.text))
                0x000000000000942c                __text_size__ = SIZEOF (.text)
                0x00000000000286c8                __text_load_end__ = __text_end__

.vfp11_veneer   0x0000000100000000        0x0
 .vfp11_veneer  0x0000000100000000        0x0 linker stubs

.v4_bx          0x0000000100000000        0x0
 .v4_bx         0x0000000100000000        0x0 linker stubs

.iplt           0x0000000100000000        0x0
 .iplt          0x0000000100000000        0x0 Output/ble_app_uart_pca10040_s132 nrf52832_xxaa/Obj/thumb_crt0.o
                0x0000000000000001                . = ASSERT (((__text_start__ == __text_end__) || ((__text_end__ >= __FLASH_segment_start__) && (__text_end__ <= __FLASH_segment_end__))), error: .text is too large to fit in FLASH memory segment)
                0x00000000000286c8                __dtors_load_start__ = ALIGN (__text_end__, 0x4)

.dtors          0x00000000000286c8        0x0
                0x00000000000286c8                __dtors_start__ = .
 *(SORT(.dtors.*))
 *(.dtors)
 *(.fini_array)
 *(SORT(.fini_array.*))
                0x00000000000286c8                __dtors_end__ = (__dtors_start__ + SIZEOF (.dtors))
                0x0000000000000000                __dtors_size__ = SIZEOF (.dtors)
                0x00000000000286c8                __dtors_load_end__ = __dtors_end__
                0x0000000000000001                . = ASSERT (((__dtors_start__ == __dtors_end__) || ((__dtors_end__ >= __FLASH_segment_start__) && (__dtors_end__ <= __FLASH_segment_end__))), error: .dtors is too large to fit in FLASH memory segment)
                0x00000000000286c8                __ctors_load_start__ = ALIGN (__dtors_end__, 0x4)

.ctors          0x00000000000286c8        0x0
                0x00000000000286c8                __ctors_start__ = .
 *(SORT(.ctors.*))
 *(.ctors)
 *(.init_array)
 *(SORT(.init_array.*))
                0x00000000000286c8                __ctors_end__ = (__ctors_start__ + SIZEOF (.ctors))
                0x0000000000000000                __ctors_size__ = SIZEOF (.ctors)
                0x00000000000286c8                __ctors_load_end__ = __ctors_end__
                0x0000000000000001                . = ASSERT (((__ctors_start__ == __ctors_end__) || ((__ctors_end__ >= __FLASH_segment_start__) && (__ctors_end__ <= __FLASH_segment_end__))), error: .ctors is too large to fit in FLASH memory segment)
                0x00000000000286c8                __rodata_load_start__ = ALIGN (__ctors_end__, 0x4)

.rodata         0x00000000000286c8      0x128
                0x00000000000286c8                __rodata_start__ = .
 *(.rodata .rodata.* .gnu.linkonce.r.*)
 .rodata.m_timer
                0x00000000000286c8        0x8 Output/ble_app_uart_pca10040_s132 nrf52832_xxaa/Obj/main.o
 .rodata        0x00000000000286d0       0xa5 Output/ble_app_uart_pca10040_s132 nrf52832_xxaa/Obj/main.o
 *fill*         0x0000000000028775        0x3 
 .rodata.m_leds_timer_id
                0x0000000000028778        0x4 Output/ble_app_uart_pca10040_s132 nrf52832_xxaa/Obj/bsp.o
 .rodata.m_alert_timer_id
                0x000000000002877c        0x4 Output/ble_app_uart_pca10040_s132 nrf52832_xxaa/Obj/bsp.o
 .rodata.m_button_timer_id
                0x0000000000028780        0x4 Output/ble_app_uart_pca10040_s132 nrf52832_xxaa/Obj/bsp.o
 .rodata.app_buttons
                0x0000000000028784        0x8 Output/ble_app_uart_pca10040_s132 nrf52832_xxaa/Obj/bsp.o
 .rodata.m_conn_params_timer_id
                0x000000000002878c        0x4 Output/ble_app_uart_pca10040_s132 nrf52832_xxaa/Obj/ble_conn_params.o
 .rodata        0x0000000000028790       0x10 Output/ble_app_uart_pca10040_s132 nrf52832_xxaa/Obj/ble_nus.o
 .rodata.m_default_config
                0x00000000000287a0        0x4 Output/ble_app_uart_pca10040_s132 nrf52832_xxaa/Obj/nrf_drv_saadc.o
 .rodata.m_detection_delay_timer_id
                0x00000000000287a4        0x4 Output/ble_app_uart_pca10040_s132 nrf52832_xxaa/Obj/app_button.o
 .rodata        0x00000000000287a8       0x20 Output/ble_app_uart_pca10040_s132 nrf52832_xxaa/Obj/app_uart_fifo.o
 .rodata        0x00000000000287c8       0x17 Output/ble_app_uart_pca10040_s132 nrf52832_xxaa/Obj/SEGGER_RTT.o
 *fill*         0x00000000000287df        0x1 
 .rodata._aV2C.6764
                0x00000000000287e0       0x10 Output/ble_app_uart_pca10040_s132 nrf52832_xxaa/Obj/SEGGER_RTT_printf.o
                0x00000000000287f0                __rodata_end__ = (__rodata_start__ + SIZEOF (.rodata))
                0x0000000000000128                __rodata_size__ = SIZEOF (.rodata)
                0x00000000000287f0                __rodata_load_end__ = __rodata_end__

.rel.dyn        0x0000000000000000        0x0
 .rel.iplt      0x0000000000000000        0x0 Output/ble_app_uart_pca10040_s132 nrf52832_xxaa/Obj/thumb_crt0.o
                0x0000000000000001                . = ASSERT (((__rodata_start__ == __rodata_end__) || ((__rodata_end__ >= __FLASH_segment_start__) && (__rodata_end__ <= __FLASH_segment_end__))), error: .rodata is too large to fit in FLASH memory segment)
                0x00000000000287f0                __ARM.exidx_load_start__ = ALIGN (__rodata_end__, 0x4)

.ARM.exidx      0x00000000000287f0        0x0
                0x00000000000287f0                __ARM.exidx_start__ = .
                0x00000000000287f0                __exidx_start = __ARM.exidx_start__
 *(.ARM.exidx .ARM.exidx.*)
                0x00000000000287f0                __ARM.exidx_end__ = (__ARM.exidx_start__ + SIZEOF (.ARM.exidx))
                0x0000000000000000                __ARM.exidx_size__ = SIZEOF (.ARM.exidx)
                0x00000000000287f0                __exidx_end = __ARM.exidx_end__
                0x00000000000287f0                __ARM.exidx_load_end__ = __ARM.exidx_end__
                0x0000000000000001                . = ASSERT (((__ARM.exidx_start__ == __ARM.exidx_end__) || ((__ARM.exidx_end__ >= __FLASH_segment_start__) && (__ARM.exidx_end__ <= __FLASH_segment_end__))), error: .ARM.exidx is too large to fit in FLASH memory segment)
                0x00000000000287f0                __fast_load_start__ = ALIGN (__ARM.exidx_end__, 0x4)

.fast           0x0000000020002128        0x0 load address 0x00000000000287f0
                0x0000000020002128                __fast_start__ = .
 *(.fast .fast.*)
                0x0000000020002128                __fast_end__ = (__fast_start__ + SIZEOF (.fast))
                0x0000000000000000                __fast_size__ = SIZEOF (.fast)
                0x00000000000287f0                __fast_load_end__ = (__fast_load_start__ + SIZEOF (.fast))
                0x0000000000000001                . = ASSERT (((__fast_load_start__ == __fast_load_end__) || ((__fast_load_end__ >= __FLASH_segment_start__) && (__fast_load_end__ <= __FLASH_segment_end__))), error: .fast is too large to fit in FLASH memory segment)

.fast_run       0x0000000020002128        0x0
                0x0000000020002128                __fast_run_start__ = .
                0x0000000020002128                . = MAX ((__fast_run_start__ + SIZEOF (.fast)), .)
                0x0000000020002128                __fast_run_end__ = (__fast_run_start__ + SIZEOF (.fast_run))
                0x0000000000000000                __fast_run_size__ = SIZEOF (.fast_run)
                0x0000000020002128                __fast_run_load_end__ = __fast_run_end__
                0x0000000000000001                . = ASSERT (((__fast_run_start__ == __fast_run_end__) || ((__fast_run_end__ >= __SRAM_segment_start__) && (__fast_run_end__ <= __SRAM_segment_end__))), error: .fast_run is too large to fit in SRAM memory segment)
                0x00000000000287f0                __data_load_start__ = ALIGN ((__fast_load_start__ + SIZEOF (.fast)), 0x4)

.data           0x0000000020002128       0x14 load address 0x00000000000287f0
                0x0000000020002128                __data_start__ = .
 *(.data .data.* .gnu.linkonce.d.*)
 .data.SystemCoreClock
                0x0000000020002128        0x4 Output/ble_app_uart_pca10040_s132 nrf52832_xxaa/Obj/system_nrf52.o
                0x0000000020002128                SystemCoreClock
 .data.m_conn_handle
                0x000000002000212c        0x2 Output/ble_app_uart_pca10040_s132 nrf52832_xxaa/Obj/main.o
 *fill*         0x000000002000212e        0x2 
 .data.m_adv_uuids
                0x0000000020002130        0x4 Output/ble_app_uart_pca10040_s132 nrf52832_xxaa/Obj/main.o
 .data.app_uart_inst
                0x0000000020002134        0x8 Output/ble_app_uart_pca10040_s132 nrf52832_xxaa/Obj/app_uart_fifo.o
                0x000000002000213c                __data_end__ = (__data_start__ + SIZEOF (.data))
                0x0000000000000014                __data_size__ = SIZEOF (.data)
                0x0000000000028804                __data_load_end__ = (__data_load_start__ + SIZEOF (.data))

.igot.plt       0x0000000100000000        0x0
 .igot.plt      0x0000000100000000        0x0 Output/ble_app_uart_pca10040_s132 nrf52832_xxaa/Obj/thumb_crt0.o
                0x0000000000000001                . = ASSERT (((__data_load_start__ == __data_load_end__) || ((__data_load_end__ >= __FLASH_segment_start__) && (__data_load_end__ <= __FLASH_segment_end__))), error: .data is too large to fit in FLASH memory segment)

.data_run       0x0000000020002128       0x14 load address 0x00000000000287f0
                0x0000000020002128                __data_run_start__ = .
                0x000000002000213c                . = MAX ((__data_run_start__ + SIZEOF (.data)), .)
 *fill*         0x0000000020002128       0x14 
                0x000000002000213c                __data_run_end__ = (__data_run_start__ + SIZEOF (.data_run))
                0x0000000000000014                __data_run_size__ = SIZEOF (.data_run)
                0x000000002000213c                __data_run_load_end__ = __data_run_end__
                0x0000000000000001                . = ASSERT (((__data_run_start__ == __data_run_end__) || ((__data_run_end__ >= __SRAM_segment_start__) && (__data_run_end__ <= __SRAM_segment_end__))), error: .data_run is too large to fit in SRAM memory segment)
                0x0000000000028804                __tdata_load_start__ = ALIGN ((__data_load_start__ + SIZEOF (.data)), 0x4)

.tdata          0x000000002000213c        0x0 load address 0x0000000000028804
                0x000000002000213c                __tdata_start__ = .
 *(.tdata .tdata.*)
                0x000000002000213c                __tdata_end__ = (__tdata_start__ + SIZEOF (.tdata))
                0x0000000000000000                __tdata_size__ = SIZEOF (.tdata)
                0x0000000000028804                __tdata_load_end__ = (__tdata_load_start__ + SIZEOF (.tdata))
                0x0000000000028804                __FLASH_segment_used_end__ = (ALIGN ((__data_load_start__ + SIZEOF (.data)), 0x4) + SIZEOF (.tdata))
                0x0000000000028804                __FLASH_segment_used_size__ = (__FLASH_segment_used_end__ - __FLASH_segment_start__)
                0x0000000000000001                . = ASSERT (((__tdata_load_start__ == __tdata_load_end__) || ((__tdata_load_end__ >= __FLASH_segment_start__) && (__tdata_load_end__ <= __FLASH_segment_end__))), error: .tdata is too large to fit in FLASH memory segment)

.tdata_run      0x000000002000213c        0x0
                0x000000002000213c                __tdata_run_start__ = .
                0x000000002000213c                . = MAX ((__tdata_run_start__ + SIZEOF (.tdata)), .)
                0x000000002000213c                __tdata_run_end__ = (__tdata_run_start__ + SIZEOF (.tdata_run))
                0x0000000000000000                __tdata_run_size__ = SIZEOF (.tdata_run)
                0x000000002000213c                __tdata_run_load_end__ = __tdata_run_end__
                0x0000000000000001                . = ASSERT (((__tdata_run_start__ == __tdata_run_end__) || ((__tdata_run_end__ >= __SRAM_segment_start__) && (__tdata_run_end__ <= __SRAM_segment_end__))), error: .tdata_run is too large to fit in SRAM memory segment)
                0x000000002000213c                __bss_load_start__ = ALIGN (__tdata_run_end__, 0x4)

.bss            0x000000002000213c      0x780
                0x000000002000213c                __bss_start__ = .
 *(.bss .bss.* .gnu.linkonce.b.*)
 .bss.m_nus     0x000000002000213c       0x1c Output/ble_app_uart_pca10040_s132 nrf52832_xxaa/Obj/main.o
 .bss.m_buffer_pool
                0x0000000020002158       0x1c Output/ble_app_uart_pca10040_s132 nrf52832_xxaa/Obj/main.o
 .bss.m_ppi_channel
                0x0000000020002174        0x1 Output/ble_app_uart_pca10040_s132 nrf52832_xxaa/Obj/main.o
 *fill*         0x0000000020002175        0x3 
 .bss.m_adc_evt_counter
                0x0000000020002178        0x4 Output/ble_app_uart_pca10040_s132 nrf52832_xxaa/Obj/main.o
 .bss.BLE_EVT_BUFFER.9826
                0x000000002000217c       0x50 Output/ble_app_uart_pca10040_s132 nrf52832_xxaa/Obj/main.o
 .bss.index.9848
                0x00000000200021cc        0x1 Output/ble_app_uart_pca10040_s132 nrf52832_xxaa/Obj/main.o
 *fill*         0x00000000200021cd        0x3 
 .bss.data_array.9847
                0x00000000200021d0       0x14 Output/ble_app_uart_pca10040_s132 nrf52832_xxaa/Obj/main.o
 .bss.rx_buf.9862
                0x00000000200021e4      0x100 Output/ble_app_uart_pca10040_s132 nrf52832_xxaa/Obj/main.o
 .bss.tx_buf.9863
                0x00000000200022e4      0x100 Output/ble_app_uart_pca10040_s132 nrf52832_xxaa/Obj/main.o
 .bss.APP_TIMER_BUF.9946
                0x00000000200023e4       0x78 Output/ble_app_uart_pca10040_s132 nrf52832_xxaa/Obj/main.o
 .bss.m_stable_state
                0x000000002000245c        0x1 Output/ble_app_uart_pca10040_s132 nrf52832_xxaa/Obj/bsp.o
 .bss.m_leds_clear
                0x000000002000245d        0x1 Output/ble_app_uart_pca10040_s132 nrf52832_xxaa/Obj/bsp.o
 *fill*         0x000000002000245e        0x2 
 .bss.m_app_ticks_per_100ms
                0x0000000020002460        0x4 Output/ble_app_uart_pca10040_s132 nrf52832_xxaa/Obj/bsp.o
 .bss.m_indication_type
                0x0000000020002464        0x4 Output/ble_app_uart_pca10040_s132 nrf52832_xxaa/Obj/bsp.o
 .bss.m_leds_timer_id_data
                0x0000000020002468       0x20 Output/ble_app_uart_pca10040_s132 nrf52832_xxaa/Obj/bsp.o
 .bss.m_alert_timer_id_data
                0x0000000020002488       0x20 Output/ble_app_uart_pca10040_s132 nrf52832_xxaa/Obj/bsp.o
 .bss.m_registered_callback
                0x00000000200024a8        0x4 Output/ble_app_uart_pca10040_s132 nrf52832_xxaa/Obj/bsp.o
 .bss.m_events_list
                0x00000000200024ac        0x3 Output/ble_app_uart_pca10040_s132 nrf52832_xxaa/Obj/bsp.o
 *fill*         0x00000000200024af        0x1 
 .bss.m_button_timer_id_data
                0x00000000200024b0       0x20 Output/ble_app_uart_pca10040_s132 nrf52832_xxaa/Obj/bsp.o
 .bss.current_long_push_pin_no.6826
                0x00000000200024d0        0x1 Output/ble_app_uart_pca10040_s132 nrf52832_xxaa/Obj/bsp.o
 *fill*         0x00000000200024d1        0x3 
 .bss.release_event_at_push.6827
                0x00000000200024d4        0x1 Output/ble_app_uart_pca10040_s132 nrf52832_xxaa/Obj/bsp.o
 *fill*         0x00000000200024d5        0x3 
 .bss.m_error_handler
                0x00000000200024d8        0x4 Output/ble_app_uart_pca10040_s132 nrf52832_xxaa/Obj/bsp_btn_ble.o
 .bss.m_num_connections
                0x00000000200024dc        0x4 Output/ble_app_uart_pca10040_s132 nrf52832_xxaa/Obj/bsp_btn_ble.o
 .bss.m_initialized
                0x00000000200024e0        0x1 Output/ble_app_uart_pca10040_s132 nrf52832_xxaa/Obj/ble_advertising.o
 .bss.m_advertising_start_pending
                0x00000000200024e1        0x1 Output/ble_app_uart_pca10040_s132 nrf52832_xxaa/Obj/ble_advertising.o
 .bss.m_adv_evt
                0x00000000200024e2        0x1 Output/ble_app_uart_pca10040_s132 nrf52832_xxaa/Obj/ble_advertising.o
 .bss.m_adv_mode_current
                0x00000000200024e3        0x1 Output/ble_app_uart_pca10040_s132 nrf52832_xxaa/Obj/ble_advertising.o
 .bss.m_adv_modes_config
                0x00000000200024e4       0x20 Output/ble_app_uart_pca10040_s132 nrf52832_xxaa/Obj/ble_advertising.o
 .bss.m_peer_address
                0x0000000020002504        0x7 Output/ble_app_uart_pca10040_s132 nrf52832_xxaa/Obj/ble_advertising.o
 .bss.m_peer_addr_reply_expected
                0x000000002000250b        0x1 Output/ble_app_uart_pca10040_s132 nrf52832_xxaa/Obj/ble_advertising.o
 .bss.m_advdata
                0x000000002000250c       0x3c Output/ble_app_uart_pca10040_s132 nrf52832_xxaa/Obj/ble_advertising.o
 .bss.m_manuf_specific_data
                0x0000000020002548        0xc Output/ble_app_uart_pca10040_s132 nrf52832_xxaa/Obj/ble_advertising.o
 .bss.m_manuf_data_array
                0x0000000020002554       0x1f Output/ble_app_uart_pca10040_s132 nrf52832_xxaa/Obj/ble_advertising.o
 *fill*         0x0000000020002573        0x1 
 .bss.m_service_data
                0x0000000020002574        0xc Output/ble_app_uart_pca10040_s132 nrf52832_xxaa/Obj/ble_advertising.o
 .bss.m_service_data_array
                0x0000000020002580       0x1f Output/ble_app_uart_pca10040_s132 nrf52832_xxaa/Obj/ble_advertising.o
 *fill*         0x000000002000259f        0x1 
 .bss.m_slave_conn_int
                0x00000000200025a0        0x4 Output/ble_app_uart_pca10040_s132 nrf52832_xxaa/Obj/ble_advertising.o
 .bss.m_current_slave_link_conn_handle
                0x00000000200025a4        0x2 Output/ble_app_uart_pca10040_s132 nrf52832_xxaa/Obj/ble_advertising.o
 *fill*         0x00000000200025a6        0x2 
 .bss.m_evt_handler
                0x00000000200025a8        0x4 Output/ble_app_uart_pca10040_s132 nrf52832_xxaa/Obj/ble_advertising.o
 .bss.m_error_handler
                0x00000000200025ac        0x4 Output/ble_app_uart_pca10040_s132 nrf52832_xxaa/Obj/ble_advertising.o
 .bss.m_whitelist_temporarily_disabled
                0x00000000200025b0        0x1 Output/ble_app_uart_pca10040_s132 nrf52832_xxaa/Obj/ble_advertising.o
 .bss.m_whitelist_reply_expected
                0x00000000200025b1        0x1 Output/ble_app_uart_pca10040_s132 nrf52832_xxaa/Obj/ble_advertising.o
 .bss.m_whitelist_in_use
                0x00000000200025b2        0x1 Output/ble_app_uart_pca10040_s132 nrf52832_xxaa/Obj/ble_advertising.o
 *fill*         0x00000000200025b3        0x1 
 .bss.m_conn_params_config
                0x00000000200025b4       0x1c Output/ble_app_uart_pca10040_s132 nrf52832_xxaa/Obj/ble_conn_params.o
 .bss.m_preferred_conn_params
                0x00000000200025d0        0x8 Output/ble_app_uart_pca10040_s132 nrf52832_xxaa/Obj/ble_conn_params.o
 .bss.m_update_count
                0x00000000200025d8        0x1 Output/ble_app_uart_pca10040_s132 nrf52832_xxaa/Obj/ble_conn_params.o
 *fill*         0x00000000200025d9        0x1 
 .bss.m_conn_handle
                0x00000000200025da        0x2 Output/ble_app_uart_pca10040_s132 nrf52832_xxaa/Obj/ble_conn_params.o
 .bss.m_current_conn_params
                0x00000000200025dc        0x8 Output/ble_app_uart_pca10040_s132 nrf52832_xxaa/Obj/ble_conn_params.o
 .bss.m_conn_params_timer_id_data
                0x00000000200025e4       0x20 Output/ble_app_uart_pca10040_s132 nrf52832_xxaa/Obj/ble_conn_params.o
 .bss.m_change_param
                0x0000000020002604        0x1 Output/ble_app_uart_pca10040_s132 nrf52832_xxaa/Obj/ble_conn_params.o