Archive member included to satisfy reference by file (symbol)

e:/gcc_board_dev/gnu tools arm embedded/5.4 2016q3/bin/../lib/gcc/arm-none-eabi/5.4.1/../../../../arm-none-eabi/lib/armv7e-m/fpu\libc_nano.a(lib_a-exit.o)
                              e:/gcc_board_dev/gnu tools arm embedded/5.4 2016q3/bin/../lib/gcc/arm-none-eabi/5.4.1/../../../../arm-none-eabi/lib/armv7e-m/fpu/crt0.o (exit)
e:/gcc_board_dev/gnu tools arm embedded/5.4 2016q3/bin/../lib/gcc/arm-none-eabi/5.4.1/../../../../arm-none-eabi/lib/armv7e-m/fpu\libc_nano.a(lib_a-impure.o)
                              e:/gcc_board_dev/gnu tools arm embedded/5.4 2016q3/bin/../lib/gcc/arm-none-eabi/5.4.1/../../../../arm-none-eabi/lib/armv7e-m/fpu\libc_nano.a(lib_a-exit.o) (_global_impure_ptr)
e:/gcc_board_dev/gnu tools arm embedded/5.4 2016q3/bin/../lib/gcc/arm-none-eabi/5.4.1/../../../../arm-none-eabi/lib/armv7e-m/fpu\libc_nano.a(lib_a-init.o)
                              e:/gcc_board_dev/gnu tools arm embedded/5.4 2016q3/bin/../lib/gcc/arm-none-eabi/5.4.1/../../../../arm-none-eabi/lib/armv7e-m/fpu/crt0.o (__libc_init_array)
e:/gcc_board_dev/gnu tools arm embedded/5.4 2016q3/bin/../lib/gcc/arm-none-eabi/5.4.1/../../../../arm-none-eabi/lib/armv7e-m/fpu\libc_nano.a(lib_a-memset.o)
                              e:/gcc_board_dev/gnu tools arm embedded/5.4 2016q3/bin/../lib/gcc/arm-none-eabi/5.4.1/../../../../arm-none-eabi/lib/armv7e-m/fpu/crt0.o (memset)
e:/gcc_board_dev/gnu tools arm embedded/5.4 2016q3/bin/../lib/gcc/arm-none-eabi/5.4.1/../../../../arm-none-eabi/lib/armv7e-m/fpu\libnosys.a(_exit.o)
                              e:/gcc_board_dev/gnu tools arm embedded/5.4 2016q3/bin/../lib/gcc/arm-none-eabi/5.4.1/../../../../arm-none-eabi/lib/armv7e-m/fpu\libc_nano.a(lib_a-exit.o) (_exit)
e:/gcc_board_dev/gnu tools arm embedded/5.4 2016q3/bin/../lib/gcc/arm-none-eabi/5.4.1/../../../../arm-none-eabi/lib/armv7e-m/fpu\libc_nano.a(lib_a-memcpy-stub.o)
                              _build/nrf52832_xxaa_SEGGER_RTT.c.o (memcpy)
e:/gcc_board_dev/gnu tools arm embedded/5.4 2016q3/bin/../lib/gcc/arm-none-eabi/5.4.1/../../../../arm-none-eabi/lib/armv7e-m/fpu\libc_nano.a(lib_a-strcpy.o)
                              _build/nrf52832_xxaa_SEGGER_RTT.c.o (strcpy)
e:/gcc_board_dev/gnu tools arm embedded/5.4 2016q3/bin/../lib/gcc/arm-none-eabi/5.4.1/../../../../arm-none-eabi/lib/armv7e-m/fpu\libc_nano.a(lib_a-strlen.o)
                              _build/nrf52832_xxaa_SEGGER_RTT.c.o (strlen)

Allocating common symbols
Common symbol       size              file

nrf_nvic_state      0xc               _build/nrf52832_xxaa_app_util_platform.c.o
_SEGGER_RTT         0x78              _build/nrf52832_xxaa_SEGGER_RTT.c.o

Discarded input sections

 .text          0x00000000        0x0 e:/gcc_board_dev/gnu tools arm embedded/5.4 2016q3/bin/../lib/gcc/arm-none-eabi/5.4.1/armv7e-m/fpu/crti.o
 .data          0x00000000        0x0 e:/gcc_board_dev/gnu tools arm embedded/5.4 2016q3/bin/../lib/gcc/arm-none-eabi/5.4.1/armv7e-m/fpu/crti.o
 .bss           0x00000000        0x0 e:/gcc_board_dev/gnu tools arm embedded/5.4 2016q3/bin/../lib/gcc/arm-none-eabi/5.4.1/armv7e-m/fpu/crti.o
 .data          0x00000000        0x4 e:/gcc_board_dev/gnu tools arm embedded/5.4 2016q3/bin/../lib/gcc/arm-none-eabi/5.4.1/armv7e-m/fpu/crtbegin.o
 .data          0x00000000        0x0 e:/gcc_board_dev/gnu tools arm embedded/5.4 2016q3/bin/../lib/gcc/arm-none-eabi/5.4.1/../../../../arm-none-eabi/lib/armv7e-m/fpu/crt0.o
 .bss           0x00000000        0x0 e:/gcc_board_dev/gnu tools arm embedded/5.4 2016q3/bin/../lib/gcc/arm-none-eabi/5.4.1/../../../../arm-none-eabi/lib/armv7e-m/fpu/crt0.o
 .ARM.extab     0x00000000        0x0 e:/gcc_board_dev/gnu tools arm embedded/5.4 2016q3/bin/../lib/gcc/arm-none-eabi/5.4.1/../../../../arm-none-eabi/lib/armv7e-m/fpu/crt0.o
 .text          0x00000000        0x0 e:/gcc_board_dev/gnu tools arm embedded/5.4 2016q3/bin/../lib/gcc/arm-none-eabi/5.4.1/../../../../arm-none-eabi/lib/armv7e-m/fpu\libc_nano.a(lib_a-exit.o)
 .data          0x00000000        0x0 e:/gcc_board_dev/gnu tools arm embedded/5.4 2016q3/bin/../lib/gcc/arm-none-eabi/5.4.1/../../../../arm-none-eabi/lib/armv7e-m/fpu\libc_nano.a(lib_a-exit.o)
 .bss           0x00000000        0x0 e:/gcc_board_dev/gnu tools arm embedded/5.4 2016q3/bin/../lib/gcc/arm-none-eabi/5.4.1/../../../../arm-none-eabi/lib/armv7e-m/fpu\libc_nano.a(lib_a-exit.o)
 .text          0x00000000        0x0 e:/gcc_board_dev/gnu tools arm embedded/5.4 2016q3/bin/../lib/gcc/arm-none-eabi/5.4.1/../../../../arm-none-eabi/lib/armv7e-m/fpu\libc_nano.a(lib_a-impure.o)
 .data          0x00000000        0x0 e:/gcc_board_dev/gnu tools arm embedded/5.4 2016q3/bin/../lib/gcc/arm-none-eabi/5.4.1/../../../../arm-none-eabi/lib/armv7e-m/fpu\libc_nano.a(lib_a-impure.o)
[...]
Memory Configuration

Name             Origin             Length             Attributes
FLASH            0x0001f000         0x00061000         xr
RAM              0x20002128         0x0000ded8         xrw
*default*        0x00000000         0xffffffff

Linker script and memory map


.text           0x0001f000     0x9154
 *(.isr_vector)
 .isr_vector    0x0001f000      0x400 _build/nrf52832_xxaa_gcc_startup_nrf52.S.o
                0x0001f000                __isr_vector
 *(.text*)
 .text          0x0001f400       0x5c e:/gcc_board_dev/gnu tools arm embedded/5.4 2016q3/bin/../lib/gcc/arm-none-eabi/5.4.1/armv7e-m/fpu/crtbegin.o
 .text          0x0001f45c       0x74 e:/gcc_board_dev/gnu tools arm embedded/5.4 2016q3/bin/../lib/gcc/arm-none-eabi/5.4.1/../../../../arm-none-eabi/lib/armv7e-m/fpu/crt0.o
                0x0001f45c                _start
                0x0001f45c                _mainCRTStartup
 .text.exit     0x0001f4d0       0x28 e:/gcc_board_dev/gnu tools arm embedded/5.4 2016q3/bin/../lib/gcc/arm-none-eabi/5.4.1/../../../../arm-none-eabi/lib/armv7e-m/fpu\libc_nano.a(lib_a-exit.o)
                0x0001f4d0                exit
 .text.__libc_init_array
                0x0001f4f8       0x4c e:/gcc_board_dev/gnu tools arm embedded/5.4 2016q3/bin/../lib/gcc/arm-none-eabi/5.4.1/../../../../arm-none-eabi/lib/armv7e-m/fpu\libc_nano.a(lib_a-init.o)
                0x0001f4f8                __libc_init_array
 .text.memset   0x0001f544       0x10 e:/gcc_board_dev/gnu tools arm embedded/5.4 2016q3/bin/../lib/gcc/arm-none-eabi/5.4.1/../../../../arm-none-eabi/lib/armv7e-m/fpu\libc_nano.a(lib_a-memset.o)
                0x0001f544                memset
 .text._exit    0x0001f554        0x4 e:/gcc_board_dev/gnu tools arm embedded/5.4 2016q3/bin/../lib/gcc/arm-none-eabi/5.4.1/../../../../arm-none-eabi/lib/armv7e-m/fpu\libnosys.a(_exit.o)
                0x0001f554                _exit
 .text.detection_delay_timeout_handler
                0x0001f558       0xc8 _build/nrf52832_xxaa_app_button.c.o
 .text.gpiote_event_handler
                0x0001f620       0xa0 _build/nrf52832_xxaa_app_button.c.o
 .text.app_button_init
                0x0001f6c0       0xd4 _build/nrf52832_xxaa_app_button.c.o
                0x0001f6c0                app_button_init
 .text.app_button_enable
                0x0001f794       0x44 _build/nrf52832_xxaa_app_button.c.o
                0x0001f794                app_button_enable
 .text.app_error_handler_bare
                0x0001f7d8       0x2c _build/nrf52832_xxaa_app_error.c.o
                0x0001f7d8                app_error_handler_bare
 .text.NVIC_SystemReset
                0x0001f804       0x28 _build/nrf52832_xxaa_app_error_weak.c.o
 .text.app_error_fault_handler
                0x0001f82c       0x18 _build/nrf52832_xxaa_app_error_weak.c.o
                0x0001f82c                app_error_fault_handler
 .text.fifo_length
                0x0001f844       0x24 _build/nrf52832_xxaa_app_fifo.c.o
 .text.fifo_put
                0x0001f868       0x38 _build/nrf52832_xxaa_app_fifo.c.o
 .text.fifo_peek
                0x0001f8a0       0x34 _build/nrf52832_xxaa_app_fifo.c.o
 .text.fifo_get
                0x0001f8d4       0x28 _build/nrf52832_xxaa_app_fifo.c.o
 .text.app_fifo_init
                0x0001f8fc       0x58 _build/nrf52832_xxaa_app_fifo.c.o
                0x0001f8fc                app_fifo_init
 .text.app_fifo_put
                0x0001f954       0x34 _build/nrf52832_xxaa_app_fifo.c.o
                0x0001f954                app_fifo_put
 .text.app_fifo_get
                0x0001f988       0x2c _build/nrf52832_xxaa_app_fifo.c.o
                0x0001f988                app_fifo_get
 .text.NVIC_EnableIRQ
                0x0001f9b4       0x34 _build/nrf52832_xxaa_app_timer.c.o
 .text.NVIC_DisableIRQ
                0x0001f9e8       0x34 _build/nrf52832_xxaa_app_timer.c.o
 .text.NVIC_SetPendingIRQ
                0x0001fa1c       0x34 _build/nrf52832_xxaa_app_timer.c.o
 .text.NVIC_ClearPendingIRQ
                0x0001fa50       0x34 _build/nrf52832_xxaa_app_timer.c.o
 .text.NVIC_SetPriority
                0x0001fa84       0x54 _build/nrf52832_xxaa_app_timer.c.o
 .text.is_word_aligned
                0x0001fad8       0x24 _build/nrf52832_xxaa_app_timer.c.o
 .text.nrf_delay_us
                0x0001fafc       0xa8 _build/nrf52832_xxaa_app_timer.c.o
 .text.rtc1_init
                0x0001fba4       0x24 _build/nrf52832_xxaa_app_timer.c.o
 .text.rtc1_start
                0x0001fbc8       0x44 _build/nrf52832_xxaa_app_timer.c.o
 .text.rtc1_stop
                0x0001fc0c       0x54 _build/nrf52832_xxaa_app_timer.c.o
 .text.rtc1_counter_get
                0x0001fc60       0x18 _build/nrf52832_xxaa_app_timer.c.o
 .text.ticks_diff_get
                0x0001fc78       0x20 _build/nrf52832_xxaa_app_timer.c.o
 .text.rtc1_compare0_set
                0x0001fc98       0x20 _build/nrf52832_xxaa_app_timer.c.o
 .text.timer_list_insert
                0x0001fcb8       0xb4 _build/nrf52832_xxaa_app_timer.c.o
 .text.timer_list_remove
                0x0001fd6c       0xa8 _build/nrf52832_xxaa_app_timer.c.o
 .text.timer_timeouts_check_sched
                0x0001fe14       0x10 _build/nrf52832_xxaa_app_timer.c.o
 .text.timer_list_handler_sched
                0x0001fe24       0x10 _build/nrf52832_xxaa_app_timer.c.o
 .text.timeout_handler_exec
                0x0001fe34       0x4c _build/nrf52832_xxaa_app_timer.c.o
 .text.timer_timeouts_check
                0x0001fe80       0xc8 _build/nrf52832_xxaa_app_timer.c.o
 .text.elapsed_ticks_acquire
                0x0001ff48       0x80 _build/nrf52832_xxaa_app_timer.c.o
 .text.list_deletions_handler
                0x0001ffc8       0xa0 _build/nrf52832_xxaa_app_timer.c.o
 .text.expired_timers_handler
                0x00020068       0x9c _build/nrf52832_xxaa_app_timer.c.o
 .text.list_insertions_handler
                0x00020104      0x160 _build/nrf52832_xxaa_app_timer.c.o
 .text.compare_reg_update
                0x00020264       0xb4 _build/nrf52832_xxaa_app_timer.c.o
 .text.timer_list_handler
                0x00020318       0x78 _build/nrf52832_xxaa_app_timer.c.o
 .text.user_op_enque
                0x00020390       0x20 _build/nrf52832_xxaa_app_timer.c.o
 .text.user_op_alloc
                0x000203b0       0x5c _build/nrf52832_xxaa_app_timer.c.o
 .text.timer_start_op_schedule
                0x0002040c       0x84 _build/nrf52832_xxaa_app_timer.c.o
 .text.timer_stop_op_schedule
                0x00020490       0x68 _build/nrf52832_xxaa_app_timer.c.o
 .text.RTC1_IRQHandler
                0x000204f8       0x40 _build/nrf52832_xxaa_app_timer.c.o
                0x000204f8                RTC1_IRQHandler
 .text.SWI0_EGU0_IRQHandler
                0x00020538        0xc _build/nrf52832_xxaa_app_timer.c.o
                0x00020538                SWI0_EGU0_IRQHandler
 .text.app_timer_init
                0x00020544       0xac _build/nrf52832_xxaa_app_timer.c.o
                0x00020544                app_timer_init
 .text.app_timer_create
                0x000205f0       0x68 _build/nrf52832_xxaa_app_timer.c.o
                0x000205f0                app_timer_create
 .text.app_timer_start
                0x00020658       0x68 _build/nrf52832_xxaa_app_timer.c.o
                0x00020658                app_timer_start
 .text.app_timer_stop
                0x000206c0       0x48 _build/nrf52832_xxaa_app_timer.c.o
                0x000206c0                app_timer_stop
 .text.fifo_length
                0x00020708       0x24 _build/nrf52832_xxaa_app_uart_fifo.c.o
 .text.uart_event_handler
                0x0002072c       0xfc _build/nrf52832_xxaa_app_uart_fifo.c.o
 .text.app_uart_init
                0x00020828      0x12c _build/nrf52832_xxaa_app_uart_fifo.c.o
                0x00020828                app_uart_init
 .text.app_uart_get
                0x00020954       0x5c _build/nrf52832_xxaa_app_uart_fifo.c.o
                0x00020954                app_uart_get
 .text.app_uart_put
                0x000209b0       0x60 _build/nrf52832_xxaa_app_uart_fifo.c.o
                0x000209b0                app_uart_put
 .text.__sd_nvic_irq_disable
                0x00020a10       0x20 _build/nrf52832_xxaa_app_util_platform.c.o
 .text.__sd_nvic_irq_enable
                0x00020a30       0x10 _build/nrf52832_xxaa_app_util_platform.c.o
 .text.sd_nvic_critical_region_enter
                0x00020a40       0x74 _build/nrf52832_xxaa_app_util_platform.c.o
 .text.sd_nvic_critical_region_exit
                0x00020ab4       0x50 _build/nrf52832_xxaa_app_util_platform.c.o
 .text.app_util_critical_region_enter
                0x00020b04       0x18 _build/nrf52832_xxaa_app_util_platform.c.o
                0x00020b04                app_util_critical_region_enter
 .text.app_util_critical_region_exit
                0x00020b1c       0x1c _build/nrf52832_xxaa_app_util_platform.c.o
                0x00020b1c                app_util_critical_region_exit
 .text.fs_queued_op_count_get
                0x00020b38       0x2c _build/nrf52832_xxaa_fstorage.c.o
                0x00020b38                fs_queued_op_count_get
 .text.nrf_gpio_pin_port_decode
                0x00020b64       0x18 _build/nrf52832_xxaa_boards.c.o
 .text.nrf_gpio_cfg
                0x00020b7c       0x54 _build/nrf52832_xxaa_boards.c.o
 .text.nrf_gpio_cfg_output
                0x00020bd0       0x24 _build/nrf52832_xxaa_boards.c.o
 .text.nrf_gpio_pin_set
                0x00020bf4       0x2c _build/nrf52832_xxaa_boards.c.o
 .text.nrf_gpio_pin_clear
                0x00020c20       0x2c _build/nrf52832_xxaa_boards.c.o
 .text.nrf_gpio_pin_toggle
                0x00020c4c       0x48 _build/nrf52832_xxaa_boards.c.o
 .text.nrf_gpio_pin_write
                0x00020c94       0x28 _build/nrf52832_xxaa_boards.c.o
 .text.nrf_gpio_pin_read
                0x00020cbc       0x2c _build/nrf52832_xxaa_boards.c.o
 .text.nrf_gpio_pin_out_read
                0x00020ce8       0x2c _build/nrf52832_xxaa_boards.c.o
 .text.nrf_gpio_port_in_read
                0x00020d14       0x1c _build/nrf52832_xxaa_boards.c.o
 .text.nrf_gpio_port_out_read
                0x00020d30       0x1c _build/nrf52832_xxaa_boards.c.o
 .text.nrf_gpio_port_out_set
                0x00020d4c       0x20 _build/nrf52832_xxaa_boards.c.o
 .text.nrf_gpio_port_out_clear
                0x00020d6c       0x20 _build/nrf52832_xxaa_boards.c.o
 .text.bsp_board_led_state_get
                0x00020d8c       0x3c _build/nrf52832_xxaa_boards.c.o
                0x00020d8c                bsp_board_led_state_get
 .text.bsp_board_led_on
                0x00020dc8       0x1c _build/nrf52832_xxaa_boards.c.o
                0x00020dc8                bsp_board_led_on
 .text.bsp_board_led_off
                0x00020de4       0x1c _build/nrf52832_xxaa_boards.c.o
                0x00020de4                bsp_board_led_off
 .text.bsp_board_leds_off
                0x00020e00       0x28 _build/nrf52832_xxaa_boards.c.o
                0x00020e00                bsp_board_leds_off
 .text.bsp_board_leds_on
                0x00020e28       0x28 _build/nrf52832_xxaa_boards.c.o
                0x00020e28                bsp_board_leds_on
 .text.bsp_board_led_invert
                0x00020e50       0x18 _build/nrf52832_xxaa_boards.c.o
                0x00020e50                bsp_board_led_invert
 .text.bsp_board_leds_init
                0x00020e68       0x2c _build/nrf52832_xxaa_boards.c.o
                0x00020e68                bsp_board_leds_init
 .text.bsp_board_button_state_get
                0x00020e94       0x3c _build/nrf52832_xxaa_boards.c.o
                0x00020e94                bsp_board_button_state_get
 .text.bsp_board_pin_to_button_idx
                0x00020ed0       0x40 _build/nrf52832_xxaa_boards.c.o
                0x00020ed0                bsp_board_pin_to_button_idx
 .text.bsp_board_button_idx_to_pin
                0x00020f10       0x18 _build/nrf52832_xxaa_boards.c.o
                0x00020f10                bsp_board_button_idx_to_pin
 .text.nrf_clock_int_disable
                0x00020f28       0x20 _build/nrf52832_xxaa_nrf_drv_clock.c.o
 .text.nrf_clock_event_clear
                0x00020f48       0x2c _build/nrf52832_xxaa_nrf_drv_clock.c.o
 .text.nrf_clock_event_check
                0x00020f74       0x28 _build/nrf52832_xxaa_nrf_drv_clock.c.o
 .text.nrf_clock_lf_src_set
                0x00020f9c       0x24 _build/nrf52832_xxaa_nrf_drv_clock.c.o
 .text.nrf_drv_common_irq_enable_check
                0x00020fc0       0x40 _build/nrf52832_xxaa_nrf_drv_clock.c.o
 .text.nrf_drv_common_power_clock_irq_init
                0x00021000       0x24 _build/nrf52832_xxaa_nrf_drv_clock.c.o
 .text.nrf_drv_clock_init
                0x00021024       0x60 _build/nrf52832_xxaa_nrf_drv_clock.c.o
                0x00021024                nrf_drv_clock_init
 .text.item_dequeue
                0x00021084       0x2c _build/nrf52832_xxaa_nrf_drv_clock.c.o
 .text.clock_clk_started_notify
                0x000210b0       0x48 _build/nrf52832_xxaa_nrf_drv_clock.c.o
 .text.POWER_CLOCK_IRQHandler
                0x000210f8       0x5c _build/nrf52832_xxaa_nrf_drv_clock.c.o
                0x000210f8                POWER_CLOCK_IRQHandler
 .text.nrf_drv_clock_on_soc_event
                0x00021154       0x1c _build/nrf52832_xxaa_nrf_drv_clock.c.o
                0x00021154                nrf_drv_clock_on_soc_event
 .text.nrf_drv_clock_on_sd_enable
                0x00021170       0x48 _build/nrf52832_xxaa_nrf_drv_clock.c.o
                0x00021170                nrf_drv_clock_on_sd_enable
 .text.NVIC_EnableIRQ
                0x000211b8       0x34 _build/nrf52832_xxaa_nrf_drv_common.c.o
 .text.NVIC_ClearPendingIRQ
                0x000211ec       0x34 _build/nrf52832_xxaa_nrf_drv_common.c.o
 .text.NVIC_SetPriority
                0x00021220       0x54 _build/nrf52832_xxaa_nrf_drv_common.c.o
 .text.nrf_drv_common_irq_enable
                0x00021274       0x3c _build/nrf52832_xxaa_nrf_drv_common.c.o
                0x00021274                nrf_drv_common_irq_enable
 .text.nrf_ppi_channel_enable
                0x000212b0       0x28 _build/nrf52832_xxaa_nrf_drv_ppi.c.o
 .text.nrf_ppi_channel_endpoint_setup
                0x000212d8       0x38 _build/nrf52832_xxaa_nrf_drv_ppi.c.o
 .text.nrf_drv_ppi_channel_to_mask
                0x00021310       0x20 _build/nrf52832_xxaa_nrf_drv_ppi.c.o
 .text.is_programmable_app_channel
                0x00021330       0x30 _build/nrf52832_xxaa_nrf_drv_ppi.c.o
 .text.are_app_channels
                0x00021360       0x28 _build/nrf52832_xxaa_nrf_drv_ppi.c.o
 .text.is_app_channel
                0x00021388       0x24 _build/nrf52832_xxaa_nrf_drv_ppi.c.o
 .text.is_allocated_channel
                0x000213ac       0x30 _build/nrf52832_xxaa_nrf_drv_ppi.c.o
 .text.channel_allocated_set
                0x000213dc       0x2c _build/nrf52832_xxaa_nrf_drv_ppi.c.o
 .text.nrf_drv_ppi_init
                0x00021408       0x30 _build/nrf52832_xxaa_nrf_drv_ppi.c.o
                0x00021408                nrf_drv_ppi_init
 .text.nrf_drv_ppi_channel_alloc
                0x00021438       0xa4 _build/nrf52832_xxaa_nrf_drv_ppi.c.o
                0x00021438                nrf_drv_ppi_channel_alloc
 .text.nrf_drv_ppi_channel_assign
                0x000214dc       0x70 _build/nrf52832_xxaa_nrf_drv_ppi.c.o
                0x000214dc                nrf_drv_ppi_channel_assign
 .text.nrf_drv_ppi_channel_enable
                0x0002154c       0x64 _build/nrf52832_xxaa_nrf_drv_ppi.c.o
                0x0002154c                nrf_drv_ppi_channel_enable
 .text.nrf_saadc_task_trigger
                0x000215b0       0x24 _build/nrf52832_xxaa_nrf_drv_saadc.c.o
 .text.nrf_saadc_task_address_get
                0x000215d4       0x20 _build/nrf52832_xxaa_nrf_drv_saadc.c.o
 .text.nrf_saadc_event_check
                0x000215f4       0x2c _build/nrf52832_xxaa_nrf_drv_saadc.c.o
 .text.nrf_saadc_event_clear
                0x00021620       0x34 _build/nrf52832_xxaa_nrf_drv_saadc.c.o
 .text.nrf_saadc_channel_input_set
                0x00021654       0x40 _build/nrf52832_xxaa_nrf_drv_saadc.c.o
 .text.nrf_saadc_int_enable
                0x00021694       0x20 _build/nrf52832_xxaa_nrf_drv_saadc.c.o
 .text.nrf_saadc_int_disable
                0x000216b4       0x20 _build/nrf52832_xxaa_nrf_drv_saadc.c.o
 .text.nrf_saadc_enable
                0x000216d4       0x1c _build/nrf52832_xxaa_nrf_drv_saadc.c.o
 .text.nrf_saadc_buffer_init
                0x000216f0       0x2c _build/nrf52832_xxaa_nrf_drv_saadc.c.o
 .text.nrf_saadc_resolution_set
                0x0002171c       0x24 _build/nrf52832_xxaa_nrf_drv_saadc.c.o
 .text.nrf_saadc_oversample_set
                0x00021740       0x24 _build/nrf52832_xxaa_nrf_drv_saadc.c.o
 .text.SAADC_IRQHandler
                0x00021764      0x284 _build/nrf52832_xxaa_nrf_drv_saadc.c.o
                0x00021764                SAADC_IRQHandler
 .text.nrf_drv_saadc_init
                0x000219e8       0xcc _build/nrf52832_xxaa_nrf_drv_saadc.c.o
                0x000219e8                nrf_drv_saadc_init
 .text.nrf_drv_saadc_channel_init
                0x00021ab4       0x88 _build/nrf52832_xxaa_nrf_drv_saadc.c.o
                0x00021ab4                nrf_drv_saadc_channel_init
 .text.nrf_drv_saadc_sample_task_get
                0x00021b3c       0x24 _build/nrf52832_xxaa_nrf_drv_saadc.c.o
                0x00021b3c                nrf_drv_saadc_sample_task_get
 .text.nrf_drv_saadc_buffer_convert
                0x00021b60      0x108 _build/nrf52832_xxaa_nrf_drv_saadc.c.o
                0x00021b60                nrf_drv_saadc_buffer_convert
 .text.nrf_timer_task_trigger
                0x00021c68       0x24 _build/nrf52832_xxaa_nrf_drv_timer.c.o
 .text.nrf_timer_event_clear
                0x00021c8c       0x30 _build/nrf52832_xxaa_nrf_drv_timer.c.o
 .text.nrf_timer_event_check
                0x00021cbc       0x2c _build/nrf52832_xxaa_nrf_drv_timer.c.o
 .text.nrf_timer_shorts_enable
                0x00021ce8       0x28 _build/nrf52832_xxaa_nrf_drv_timer.c.o
 .text.nrf_timer_shorts_disable
                0x00021d10       0x28 _build/nrf52832_xxaa_nrf_drv_timer.c.o
 .text.nrf_timer_int_enable
                0x00021d38       0x20 _build/nrf52832_xxaa_nrf_drv_timer.c.o
 .text.nrf_timer_int_disable
                0x00021d58       0x20 _build/nrf52832_xxaa_nrf_drv_timer.c.o
 .text.nrf_timer_int_enable_check
                0x00021d78       0x2c _build/nrf52832_xxaa_nrf_drv_timer.c.o
 .text.nrf_timer_mode_set
                0x00021da4       0x30 _build/nrf52832_xxaa_nrf_drv_timer.c.o
 .text.nrf_timer_bit_width_set
                0x00021dd4       0x30 _build/nrf52832_xxaa_nrf_drv_timer.c.o
 .text.nrf_timer_frequency_set
                0x00021e04       0x30 _build/nrf52832_xxaa_nrf_drv_timer.c.o
 .text.nrf_timer_cc_write
                0x00021e34       0x28 _build/nrf52832_xxaa_nrf_drv_timer.c.o
 .text.nrf_timer_compare_event_get
                0x00021e5c       0x20 _build/nrf52832_xxaa_nrf_drv_timer.c.o
 .text.nrf_timer_compare_int_get
                0x00021e7c       0x20 _build/nrf52832_xxaa_nrf_drv_timer.c.o
 .text.nrf_drv_get_IRQn
                0x00021e9c       0x20 _build/nrf52832_xxaa_nrf_drv_timer.c.o
 .text.nrf_drv_timer_init
                0x00021ebc       0xdc _build/nrf52832_xxaa_nrf_drv_timer.c.o
                0x00021ebc                nrf_drv_timer_init
 .text.nrf_drv_timer_enable
                0x00021f98       0x38 _build/nrf52832_xxaa_nrf_drv_timer.c.o
                0x00021f98                nrf_drv_timer_enable
 .text.nrf_drv_timer_compare
                0x00021fd0       0x54 _build/nrf52832_xxaa_nrf_drv_timer.c.o
                0x00021fd0                nrf_drv_timer_compare
 .text.nrf_drv_timer_extended_compare
                0x00022024       0x54 _build/nrf52832_xxaa_nrf_drv_timer.c.o
                0x00022024                nrf_drv_timer_extended_compare
 .text.irq_handler
                0x00022078       0x78 _build/nrf52832_xxaa_nrf_drv_timer.c.o
 .text.TIMER0_IRQHandler
                0x000220f0       0x1c _build/nrf52832_xxaa_nrf_drv_timer.c.o
                0x000220f0                TIMER0_IRQHandler
 .text.TIMER3_IRQHandler
                0x0002210c       0x1c _build/nrf52832_xxaa_nrf_drv_timer.c.o
                0x0002210c                TIMER3_IRQHandler
 .text.nrf_gpiote_event_is_set
                0x00022128       0x28 _build/nrf52832_xxaa_nrf_drv_gpiote.c.o
 .text.nrf_gpiote_event_clear
                0x00022150       0x34 _build/nrf52832_xxaa_nrf_drv_gpiote.c.o
 .text.nrf_gpiote_event_addr_get
                0x00022184       0x20 _build/nrf52832_xxaa_nrf_drv_gpiote.c.o
 .text.nrf_gpiote_int_enable
                0x000221a4       0x20 _build/nrf52832_xxaa_nrf_drv_gpiote.c.o
 .text.nrf_gpiote_int_is_enabled
                0x000221c4       0x24 _build/nrf52832_xxaa_nrf_drv_gpiote.c.o
 .text.nrf_gpiote_event_enable
                0x000221e8       0x34 _build/nrf52832_xxaa_nrf_drv_gpiote.c.o
 .text.nrf_gpiote_event_configure
                0x0002221c       0x6c _build/nrf52832_xxaa_nrf_drv_gpiote.c.o
 .text.nrf_gpiote_event_pin_get
                0x00022288       0x2c _build/nrf52832_xxaa_nrf_drv_gpiote.c.o
 .text.nrf_gpiote_event_polarity_get
                0x000222b4       0x2c _build/nrf52832_xxaa_nrf_drv_gpiote.c.o
 .text.nrf_gpio_pin_port_decode
                0x000222e0       0x18 _build/nrf52832_xxaa_nrf_drv_gpiote.c.o
 .text.nrf_gpio_cfg
                0x000222f8       0x54 _build/nrf52832_xxaa_nrf_drv_gpiote.c.o
 .text.nrf_gpio_cfg_input
                0x0002234c       0x2c _build/nrf52832_xxaa_nrf_drv_gpiote.c.o
 .text.nrf_gpio_cfg_watcher
                0x00022378       0x3c _build/nrf52832_xxaa_nrf_drv_gpiote.c.o
 .text.nrf_gpio_cfg_sense_set
                0x000223b4       0x58 _build/nrf52832_xxaa_nrf_drv_gpiote.c.o
 .text.nrf_gpio_pin_read
                0x0002240c       0x2c _build/nrf52832_xxaa_nrf_drv_gpiote.c.o
 .text.nrf_gpio_pin_sense_get
                0x00022438       0x30 _build/nrf52832_xxaa_nrf_drv_gpiote.c.o
 .text.nrf_gpio_port_in_read
                0x00022468       0x1c _build/nrf52832_xxaa_nrf_drv_gpiote.c.o
 .text.nrf_gpio_ports_read
                0x00022484       0x54 _build/nrf52832_xxaa_nrf_drv_gpiote.c.o
 .text.nrf_bitmask_bit_is_set
                0x000224d8       0x3c _build/nrf52832_xxaa_nrf_drv_gpiote.c.o
 .text.nrf_bitmask_bit_set
                0x00022514       0x4c _build/nrf52832_xxaa_nrf_drv_gpiote.c.o
 .text.pin_in_use_by_te
                0x00022560       0x44 _build/nrf52832_xxaa_nrf_drv_gpiote.c.o
 .text.pin_in_use_by_port
                0x000225a4       0x30 _build/nrf52832_xxaa_nrf_drv_gpiote.c.o
 .text.pin_in_use_by_gpiote
                0x000225d4       0x2c _build/nrf52832_xxaa_nrf_drv_gpiote.c.o
 .text.pin_in_use_by_te_set
                0x00022600       0x58 _build/nrf52832_xxaa_nrf_drv_gpiote.c.o
 .text.pin_in_use_clear
                0x00022658       0x24 _build/nrf52832_xxaa_nrf_drv_gpiote.c.o
 .text.channel_port_get
                0x0002267c       0x24 _build/nrf52832_xxaa_nrf_drv_gpiote.c.o
 .text.channel_handler_get
                0x000226a0       0x20 _build/nrf52832_xxaa_nrf_drv_gpiote.c.o
 .text.channel_port_alloc
                0x000226c0       0x74 _build/nrf52832_xxaa_nrf_drv_gpiote.c.o
 .text.channel_free
                0x00022734       0x3c _build/nrf52832_xxaa_nrf_drv_gpiote.c.o
 .text.nrf_drv_gpiote_init
                0x00022770       0x80 _build/nrf52832_xxaa_nrf_drv_gpiote.c.o
                0x00022770                nrf_drv_gpiote_init
 .text.nrf_drv_gpiote_is_init
                0x000227f0       0x24 _build/nrf52832_xxaa_nrf_drv_gpiote.c.o
                0x000227f0                nrf_drv_gpiote_is_init
 .text.nrf_drv_gpiote_in_init
                0x00022814       0xb4 _build/nrf52832_xxaa_nrf_drv_gpiote.c.o
                0x00022814                nrf_drv_gpiote_in_init
 .text.nrf_drv_gpiote_in_event_enable
                0x000228c8       0xd0 _build/nrf52832_xxaa_nrf_drv_gpiote.c.o
                0x000228c8                nrf_drv_gpiote_in_event_enable
 .text.nrf_drv_gpiote_in_is_set
                0x00022998       0x24 _build/nrf52832_xxaa_nrf_drv_gpiote.c.o
                0x00022998                nrf_drv_gpiote_in_is_set
 .text.GPIOTE_IRQHandler
                0x000229bc      0x2e8 _build/nrf52832_xxaa_nrf_drv_gpiote.c.o
                0x000229bc                GPIOTE_IRQHandler
 .text.nrf_uart_event_clear
                0x00022ca4       0x30 _build/nrf52832_xxaa_nrf_drv_uart.c.o
 .text.nrf_uart_event_check
                0x00022cd4       0x2c _build/nrf52832_xxaa_nrf_drv_uart.c.o
 .text.nrf_uart_int_enable
                0x00022d00       0x20 _build/nrf52832_xxaa_nrf_drv_uart.c.o
 .text.nrf_uart_int_enable_check
                0x00022d20       0x2c _build/nrf52832_xxaa_nrf_drv_uart.c.o
 .text.nrf_uart_int_disable
                0x00022d4c       0x20 _build/nrf52832_xxaa_nrf_drv_uart.c.o
 .text.nrf_uart_errorsrc_get_and_clear
                0x00022d6c       0x28 _build/nrf52832_xxaa_nrf_drv_uart.c.o
 .text.nrf_uart_enable
                0x00022d94       0x1c _build/nrf52832_xxaa_nrf_drv_uart.c.o
 .text.nrf_uart_txrx_pins_set
                0x00022db0       0x28 _build/nrf52832_xxaa_nrf_drv_uart.c.o
 .text.nrf_uart_hwfc_pins_set
                0x00022dd8       0x28 _build/nrf52832_xxaa_nrf_drv_uart.c.o
 .text.nrf_uart_rxd_get
                0x00022e00       0x1c _build/nrf52832_xxaa_nrf_drv_uart.c.o
 .text.nrf_uart_txd_set
                0x00022e1c       0x20 _build/nrf52832_xxaa_nrf_drv_uart.c.o
 .text.nrf_uart_task_trigger
                0x00022e3c       0x24 _build/nrf52832_xxaa_nrf_drv_uart.c.o
 .text.nrf_uart_configure
                0x00022e60       0x2c _build/nrf52832_xxaa_nrf_drv_uart.c.o
 .text.nrf_uart_baudrate_set
                0x00022e8c       0x20 _build/nrf52832_xxaa_nrf_drv_uart.c.o
 .text.nrf_uarte_event_clear
                0x00022eac       0x30 _build/nrf52832_xxaa_nrf_drv_uart.c.o
 .text.nrf_uarte_event_check
                0x00022edc       0x2c _build/nrf52832_xxaa_nrf_drv_uart.c.o
 .text.nrf_uarte_shorts_enable
                0x00022f08       0x28 _build/nrf52832_xxaa_nrf_drv_uart.c.o
 .text.nrf_uarte_shorts_disable
                0x00022f30       0x28 _build/nrf52832_xxaa_nrf_drv_uart.c.o
 .text.nrf_uarte_int_enable
                0x00022f58       0x20 _build/nrf52832_xxaa_nrf_drv_uart.c.o
 .text.nrf_uarte_int_disable
                0x00022f78       0x20 _build/nrf52832_xxaa_nrf_drv_uart.c.o
 .text.nrf_uarte_errorsrc_get_and_clear
                0x00022f98       0x28 _build/nrf52832_xxaa_nrf_drv_uart.c.o
 .text.nrf_uarte_enable
                0x00022fc0       0x1c _build/nrf52832_xxaa_nrf_drv_uart.c.o
 .text.nrf_uarte_txrx_pins_set
                0x00022fdc       0x28 _build/nrf52832_xxaa_nrf_drv_uart.c.o
 .text.nrf_uarte_hwfc_pins_set
                0x00023004       0x28 _build/nrf52832_xxaa_nrf_drv_uart.c.o
 .text.nrf_uarte_task_trigger
                0x0002302c       0x24 _build/nrf52832_xxaa_nrf_drv_uart.c.o
 .text.nrf_uarte_configure
                0x00023050       0x2c _build/nrf52832_xxaa_nrf_drv_uart.c.o
 .text.nrf_uarte_baudrate_set
                0x0002307c       0x20 _build/nrf52832_xxaa_nrf_drv_uart.c.o
 .text.nrf_uarte_tx_buffer_set
                0x0002309c       0x2c _build/nrf52832_xxaa_nrf_drv_uart.c.o
 .text.nrf_uarte_tx_amount_get
                0x000230c8       0x1c _build/nrf52832_xxaa_nrf_drv_uart.c.o
 .text.nrf_uarte_rx_buffer_set
                0x000230e4       0x2c _build/nrf52832_xxaa_nrf_drv_uart.c.o
 .text.nrf_uarte_rx_amount_get
                0x00023110       0x1c _build/nrf52832_xxaa_nrf_drv_uart.c.o
 .text.nrf_drv_get_IRQn
                0x0002312c       0x20 _build/nrf52832_xxaa_nrf_drv_uart.c.o
 .text.nrf_drv_is_in_RAM
                0x0002314c       0x28 _build/nrf52832_xxaa_nrf_drv_uart.c.o
 .text.nrf_gpio_pin_port_decode
                0x00023174       0x18 _build/nrf52832_xxaa_nrf_drv_uart.c.o
 .text.nrf_gpio_cfg
                0x0002318c       0x54 _build/nrf52832_xxaa_nrf_drv_uart.c.o
 .text.nrf_gpio_cfg_output
                0x000231e0       0x24 _build/nrf52832_xxaa_nrf_drv_uart.c.o
 .text.nrf_gpio_cfg_input
                0x00023204       0x2c _build/nrf52832_xxaa_nrf_drv_uart.c.o
 .text.nrf_gpio_pin_set
                0x00023230       0x2c _build/nrf52832_xxaa_nrf_drv_uart.c.o
 .text.nrf_gpio_port_out_set
                0x0002325c       0x20 _build/nrf52832_xxaa_nrf_drv_uart.c.o
 .text.apply_config
                0x0002327c      0x164 _build/nrf52832_xxaa_nrf_drv_uart.c.o
 .text.interrupts_enable
                0x000233e0       0xd0 _build/nrf52832_xxaa_nrf_drv_uart.c.o
 .text.uart_enable
                0x000234b0       0x3c _build/nrf52832_xxaa_nrf_drv_uart.c.o
 .text.nrf_drv_uart_init
                0x000234ec       0x90 _build/nrf52832_xxaa_nrf_drv_uart.c.o
                0x000234ec                nrf_drv_uart_init
 .text.tx_byte  0x0002357c       0x44 _build/nrf52832_xxaa_nrf_drv_uart.c.o
 .text.nrf_drv_uart_tx_for_uart
                0x000235c0       0xe8 _build/nrf52832_xxaa_nrf_drv_uart.c.o
 .text.nrf_drv_uart_tx_for_uarte
                0x000236a8       0xb4 _build/nrf52832_xxaa_nrf_drv_uart.c.o
 .text.nrf_drv_uart_tx
                0x0002375c       0x9c _build/nrf52832_xxaa_nrf_drv_uart.c.o
                0x0002375c                nrf_drv_uart_tx
 .text.nrf_drv_uart_tx_in_progress
                0x000237f8       0x30 _build/nrf52832_xxaa_nrf_drv_uart.c.o
                0x000237f8                nrf_drv_uart_tx_in_progress
 .text.rx_enable
                0x00023828       0x38 _build/nrf52832_xxaa_nrf_drv_uart.c.o
 .text.rx_byte  0x00023860       0x58 _build/nrf52832_xxaa_nrf_drv_uart.c.o
 .text.nrf_drv_uart_rx_for_uart
                0x000238b8      0x140 _build/nrf52832_xxaa_nrf_drv_uart.c.o
 .text.nrf_drv_uart_rx_for_uarte
                0x000239f8      0x118 _build/nrf52832_xxaa_nrf_drv_uart.c.o
 .text.nrf_drv_uart_rx
                0x00023b10      0x144 _build/nrf52832_xxaa_nrf_drv_uart.c.o
                0x00023b10                nrf_drv_uart_rx
 .text.nrf_drv_uart_rx_enable
                0x00023c54       0x54 _build/nrf52832_xxaa_nrf_drv_uart.c.o
                0x00023c54                nrf_drv_uart_rx_enable
 .text.rx_done_event
                0x00023ca8       0x34 _build/nrf52832_xxaa_nrf_drv_uart.c.o
 .text.tx_done_event
                0x00023cdc       0x38 _build/nrf52832_xxaa_nrf_drv_uart.c.o
 .text.uart_irq_handler
                0x00023d14      0x1d0 _build/nrf52832_xxaa_nrf_drv_uart.c.o
 .text.uarte_irq_handler
                0x00023ee4      0x158 _build/nrf52832_xxaa_nrf_drv_uart.c.o
 .text.UARTE0_UART0_IRQHandler
                0x0002403c       0x2c _build/nrf52832_xxaa_nrf_drv_uart.c.o
                0x0002403c                UARTE0_UART0_IRQHandler
 .text.nrf_saadc_channel_input_set
                0x00024068       0x40 _build/nrf52832_xxaa_nrf_saadc.c.o
 .text.nrf_saadc_channel_init
                0x000240a8       0x88 _build/nrf52832_xxaa_nrf_saadc.c.o
                0x000240a8                nrf_saadc_channel_init
 .text.nrf_gpio_pin_port_decode
                0x00024130       0x18 _build/nrf52832_xxaa_bsp.c.o
 .text.nrf_gpio_cfg_sense_set
                0x00024148       0x58 _build/nrf52832_xxaa_bsp.c.o
 .text.bsp_button_is_pressed
                0x000241a0       0x18 _build/nrf52832_xxaa_bsp.c.o
                0x000241a0                bsp_button_is_pressed
 .text.bsp_button_event_handler
                0x000241b8      0x124 _build/nrf52832_xxaa_bsp.c.o
 .text.button_timer_handler
                0x000242dc       0x1c _build/nrf52832_xxaa_bsp.c.o
 .text.bsp_led_indication
                0x000242f8      0x3a8 _build/nrf52832_xxaa_bsp.c.o
 .text.leds_timer_handler
                0x000246a0       0x30 _build/nrf52832_xxaa_bsp.c.o
 .text.alert_timer_handler
                0x000246d0       0x18 _build/nrf52832_xxaa_bsp.c.o
 .text.bsp_indication_set
                0x000246e8       0x34 _build/nrf52832_xxaa_bsp.c.o
                0x000246e8                bsp_indication_set
 .text.bsp_init
                0x0002471c       0xe8 _build/nrf52832_xxaa_bsp.c.o
                0x0002471c                bsp_init
 .text.bsp_event_to_button_action_assign
                0x00024804       0x9c _build/nrf52832_xxaa_bsp.c.o
                0x00024804                bsp_event_to_button_action_assign
 .text.bsp_wakeup_button_enable
                0x000248a0       0x24 _build/nrf52832_xxaa_bsp.c.o
                0x000248a0                bsp_wakeup_button_enable
 .text.connection_buttons_configure
                0x000248c4       0x64 _build/nrf52832_xxaa_bsp_btn_ble.c.o
 .text.advertising_buttons_configure
                0x00024928       0x64 _build/nrf52832_xxaa_bsp_btn_ble.c.o
 .text.startup_event_extract
                0x0002498c       0x40 _build/nrf52832_xxaa_bsp_btn_ble.c.o
 .text.bsp_btn_ble_sleep_mode_prepare
                0x000249cc       0x40 _build/nrf52832_xxaa_bsp_btn_ble.c.o
                0x000249cc                bsp_btn_ble_sleep_mode_prepare
 .text.bsp_btn_ble_on_ble_evt
                0x00024a0c       0x88 _build/nrf52832_xxaa_bsp_btn_ble.c.o
                0x00024a0c                bsp_btn_ble_on_ble_evt
 .text.bsp_btn_ble_init
                0x00024a94       0x40 _build/nrf52832_xxaa_bsp_btn_ble.c.o
                0x00024a94                bsp_btn_ble_init
 .text.sd_ble_gap_disconnect
                0x00024ad4        0x8 _build/nrf52832_xxaa_main.c.o
 .text.sd_ble_gap_ppcp_set
                0x00024adc        0x8 _build/nrf52832_xxaa_main.c.o
 .text.sd_ble_gap_device_name_set
                0x00024ae4        0x8 _build/nrf52832_xxaa_main.c.o
 .text.sd_ble_gap_sec_params_reply
                0x00024aec        0x8 _build/nrf52832_xxaa_main.c.o
 .text.sd_ble_gatts_rw_authorize_reply
                0x00024af4        0x8 _build/nrf52832_xxaa_main.c.o
 .text.sd_ble_gatts_sys_attr_set
                0x00024afc        0x8 _build/nrf52832_xxaa_main.c.o
 .text.sd_ble_gatts_exchange_mtu_reply
                0x00024b04        0x8 _build/nrf52832_xxaa_main.c.o
 .text.sd_ble_user_mem_reply
                0x00024b0c        0x8 _build/nrf52832_xxaa_main.c.o
 .text.sd_power_system_off
                0x00024b14        0x8 _build/nrf52832_xxaa_main.c.o
 .text.sd_app_evt_wait
                0x00024b1c        0x8 _build/nrf52832_xxaa_main.c.o
 .text.nrf_timer_event_address_get
                0x00024b24       0x20 _build/nrf52832_xxaa_main.c.o
 .text.nrf_timer_frequency_get
                0x00024b44       0x1c _build/nrf52832_xxaa_main.c.o
 .text.nrf_timer_compare_event_get
                0x00024b60       0x20 _build/nrf52832_xxaa_main.c.o
 .text.nrf_timer_ms_to_ticks
                0x00024b80       0x2c _build/nrf52832_xxaa_main.c.o
 .text.nrf_drv_timer_compare_event_address_get
                0x00024bac       0x28 _build/nrf52832_xxaa_main.c.o
 .text.nrf_drv_timer_ms_to_ticks
                0x00024bd4       0x28 _build/nrf52832_xxaa_main.c.o
 .text.gap_params_init
                0x00024bfc       0x84 _build/nrf52832_xxaa_main.c.o
 .text.nus_data_handler
                0x00024c80       0x5c _build/nrf52832_xxaa_main.c.o
 .text.services_init
                0x00024cdc       0x44 _build/nrf52832_xxaa_main.c.o
 .text.on_conn_params_evt
                0x00024d20       0x3c _build/nrf52832_xxaa_main.c.o
 .text.conn_params_error_handler
                0x00024d5c       0x18 _build/nrf52832_xxaa_main.c.o
 .text.conn_params_init
                0x00024d74       0x60 _build/nrf52832_xxaa_main.c.o
 .text.sleep_mode_enter
                0x00024dd4       0x54 _build/nrf52832_xxaa_main.c.o
 .text.on_adv_evt
                0x00024e28       0x40 _build/nrf52832_xxaa_main.c.o
 .text.on_ble_evt
                0x00024e68      0x310 _build/nrf52832_xxaa_main.c.o
 .text.ble_evt_dispatch
                0x00025178       0x34 _build/nrf52832_xxaa_main.c.o
 .text.ble_stack_init
                0x000251ac       0x98 _build/nrf52832_xxaa_main.c.o
 .text.bsp_event_handler
                0x00025244       0x84 _build/nrf52832_xxaa_main.c.o
                0x00025244                bsp_event_handler
 .text.uart_event_handle
                0x000252c8       0xac _build/nrf52832_xxaa_main.c.o
                0x000252c8                uart_event_handle
 .text.uart_init
                0x00025374       0x68 _build/nrf52832_xxaa_main.c.o
 .text.advertising_init
                0x000253dc       0x94 _build/nrf52832_xxaa_main.c.o
 .text.buttons_leds_init
                0x00025470       0x60 _build/nrf52832_xxaa_main.c.o
 .text.power_manage
                0x000254d0       0x24 _build/nrf52832_xxaa_main.c.o
 .text.timer_handler
                0x000254f4       0x18 _build/nrf52832_xxaa_main.c.o
                0x000254f4                timer_handler
 .text.saadc_sampling_event_init
                0x0002550c       0xd0 _build/nrf52832_xxaa_main.c.o
                0x0002550c                saadc_sampling_event_init
 .text.saadc_sampling_event_enable
                0x000255dc       0x30 _build/nrf52832_xxaa_main.c.o
                0x000255dc                saadc_sampling_event_enable
 .text.saadc_callback
                0x0002560c       0xc4 _build/nrf52832_xxaa_main.c.o
                0x0002560c                saadc_callback
 .text.saadc_init
                0x000256d0      0x250 _build/nrf52832_xxaa_main.c.o
                0x000256d0                saadc_init
 .text.main     0x00025920       0x74 _build/nrf52832_xxaa_main.c.o
                0x00025920                main
 .text.sd_ble_gap_addr_get
                0x00025994        0x8 _build/nrf52832_xxaa_ble_advdata.c.o
 .text.sd_ble_gap_adv_data_set
                0x0002599c        0x8 _build/nrf52832_xxaa_ble_advdata.c.o
 .text.sd_ble_gap_appearance_get
                0x000259a4        0x8 _build/nrf52832_xxaa_ble_advdata.c.o
 .text.sd_ble_gap_device_name_get
                0x000259ac        0x8 _build/nrf52832_xxaa_ble_advdata.c.o
 .text.sd_ble_uuid_encode
                0x000259b4        0x8 _build/nrf52832_xxaa_ble_advdata.c.o
 .text.uint16_encode
                0x000259bc       0x30 _build/nrf52832_xxaa_ble_advdata.c.o
 .text.ble_device_addr_encode
                0x000259ec       0xd0 _build/nrf52832_xxaa_ble_advdata.c.o
 .text.name_encode
                0x00025abc      0x11c _build/nrf52832_xxaa_ble_advdata.c.o
 .text.appearance_encode
                0x00025bd8       0x98 _build/nrf52832_xxaa_ble_advdata.c.o
 .text.flags_encode
                0x00025c70       0x80 _build/nrf52832_xxaa_ble_advdata.c.o
 .text.tx_power_level_encode
                0x00025cf0       0x80 _build/nrf52832_xxaa_ble_advdata.c.o
 .text.uuid_list_sized_encode
                0x00025d70      0x138 _build/nrf52832_xxaa_ble_advdata.c.o
 .text.uuid_list_encode
                0x00025ea8       0x5c _build/nrf52832_xxaa_ble_advdata.c.o
 .text.conn_int_check
                0x00025f04       0x84 _build/nrf52832_xxaa_ble_advdata.c.o
 .text.conn_int_encode
                0x00025f88       0xc0 _build/nrf52832_xxaa_ble_advdata.c.o
 .text.manuf_specific_data_encode
                0x00026048       0xe0 _build/nrf52832_xxaa_ble_advdata.c.o
 .text.service_data_encode
                0x00026128      0x100 _build/nrf52832_xxaa_ble_advdata.c.o
 .text.adv_data_encode
                0x00026228      0x1bc _build/nrf52832_xxaa_ble_advdata.c.o
                0x00026228                adv_data_encode
 .text.advdata_check
                0x000263e4       0x28 _build/nrf52832_xxaa_ble_advdata.c.o
 .text.srdata_check
                0x0002640c       0x24 _build/nrf52832_xxaa_ble_advdata.c.o
 .text.ble_advdata_set
                0x00026430       0xc0 _build/nrf52832_xxaa_ble_advdata.c.o
                0x00026430                ble_advdata_set
 .text.sd_ble_gap_adv_start
                0x000264f0        0x8 _build/nrf52832_xxaa_ble_advertising.c.o
 .text.sd_ble_gap_adv_stop
                0x000264f8        0x8 _build/nrf52832_xxaa_ble_advertising.c.o
 .text.whitelist_has_entries
                0x00026500       0x18 _build/nrf52832_xxaa_ble_advertising.c.o
 .text.addr_is_valid
                0x00026518       0x38 _build/nrf52832_xxaa_ble_advertising.c.o
 .text.adv_mode_next_get
                0x00026550       0x34 _build/nrf52832_xxaa_ble_advertising.c.o
 .text.on_connected
                0x00026584       0x28 _build/nrf52832_xxaa_ble_advertising.c.o
 .text.on_disconnected
                0x000265ac       0x4c _build/nrf52832_xxaa_ble_advertising.c.o
 .text.on_timeout
                0x000265f8       0x4c _build/nrf52832_xxaa_ble_advertising.c.o
 .text.flash_access_in_progress
                0x00026644       0x24 _build/nrf52832_xxaa_ble_advertising.c.o
 .text.adv_mode_next_avail_get
                0x00026668       0x84 _build/nrf52832_xxaa_ble_advertising.c.o
 .text.set_adv_mode_directed
                0x000266ec       0x3c _build/nrf52832_xxaa_ble_advertising.c.o
 .text.set_adv_mode_directed_slow
                0x00026728       0x48 _build/nrf52832_xxaa_ble_advertising.c.o
 .text.set_adv_mode_fast
                0x00026770       0x84 _build/nrf52832_xxaa_ble_advertising.c.o
 .text.set_adv_mode_slow
                0x000267f4       0x84 _build/nrf52832_xxaa_ble_advertising.c.o
 .text.ble_advertising_init
                0x00026878      0x200 _build/nrf52832_xxaa_ble_advertising.c.o
                0x00026878                ble_advertising_init
 .text.ble_advertising_start
                0x00026a78      0x1cc _build/nrf52832_xxaa_ble_advertising.c.o
                0x00026a78                ble_advertising_start
 .text.ble_advertising_on_ble_evt
                0x00026c44       0x3c _build/nrf52832_xxaa_ble_advertising.c.o
                0x00026c44                ble_advertising_on_ble_evt
 .text.ble_advertising_restart_without_whitelist
                0x00026c80       0x70 _build/nrf52832_xxaa_ble_advertising.c.o
                0x00026c80                ble_advertising_restart_without_whitelist
 .text.sd_ble_gap_conn_param_update
                0x00026cf0        0x8 _build/nrf52832_xxaa_ble_conn_params.c.o
 .text.sd_ble_gap_disconnect
                0x00026cf8        0x8 _build/nrf52832_xxaa_ble_conn_params.c.o
 .text.sd_ble_gap_ppcp_set
                0x00026d00        0x8 _build/nrf52832_xxaa_ble_conn_params.c.o
 .text.sd_ble_gap_ppcp_get
                0x00026d08        0x8 _build/nrf52832_xxaa_ble_conn_params.c.o
 .text.is_conn_params_ok
                0x00026d10       0x38 _build/nrf52832_xxaa_ble_conn_params.c.o
 .text.update_timeout_handler
                0x00026d48       0xb4 _build/nrf52832_xxaa_ble_conn_params.c.o
 .text.ble_conn_params_init
                0x00026dfc       0x98 _build/nrf52832_xxaa_ble_conn_params.c.o
                0x00026dfc                ble_conn_params_init
 .text.conn_params_negotiation
                0x00026e94       0xac _build/nrf52832_xxaa_ble_conn_params.c.o
 .text.on_connect
                0x00026f40       0x48 _build/nrf52832_xxaa_ble_conn_params.c.o
 .text.on_disconnect
                0x00026f88       0x50 _build/nrf52832_xxaa_ble_conn_params.c.o
 .text.on_write
                0x00026fd8       0x68 _build/nrf52832_xxaa_ble_conn_params.c.o
 .text.on_conn_params_update
                0x00027040       0x28 _build/nrf52832_xxaa_ble_conn_params.c.o
 .text.ble_conn_params_on_ble_evt
                0x00027068       0x4c _build/nrf52832_xxaa_ble_conn_params.c.o
                0x00027068                ble_conn_params_on_ble_evt
 .text.uint16_decode
                0x000270b4       0x2c _build/nrf52832_xxaa_ble_srv_common.c.o
 .text.ble_srv_is_notification_enabled
                0x000270e0       0x2c _build/nrf52832_xxaa_ble_srv_common.c.o
                0x000270e0                ble_srv_is_notification_enabled
 .text          0x0002710c       0x3c _build/nrf52832_xxaa_gcc_startup_nrf52.S.o
                0x0002710c                Reset_Handler
                0x00027134                NMI_Handler
                0x00027136                HardFault_Handler
                0x00027138                MemoryManagement_Handler
                0x0002713a                BusFault_Handler
                0x0002713c                UsageFault_Handler
                0x0002713e                SVC_Handler
                0x00027140                DebugMon_Handler
                0x00027142                PendSV_Handler
                0x00027144                SysTick_Handler
                0x00027146                TEMP_IRQHandler
                0x00027146                QDEC_IRQHandler
                0x00027146                FPU_IRQHandler
                0x00027146                SPIM0_SPIS0_TWIM0_TWIS0_SPI0_TWI0_IRQHandler
                0x00027146                PDM_IRQHandler
                0x00027146                TIMER4_IRQHandler
                0x00027146                I2S_IRQHandler
                0x00027146                SWI4_EGU4_IRQHandler
                0x00027146                RADIO_IRQHandler
                0x00027146                TIMER1_IRQHandler
                0x00027146                RTC0_IRQHandler
                0x00027146                ECB_IRQHandler
                0x00027146                SPIM1_SPIS1_TWIM1_TWIS1_SPI1_TWI1_IRQHandler
                0x00027146                Default_Handler
                0x00027146                CCM_AAR_IRQHandler
                0x00027146                WDT_IRQHandler
                0x00027146                PWM1_IRQHandler
                0x00027146                SWI5_EGU5_IRQHandler
                0x00027146                RNG_IRQHandler
                0x00027146                RTC2_IRQHandler
                0x00027146                PWM0_IRQHandler
                0x00027146                SWI3_EGU3_IRQHandler
                0x00027146                SWI1_EGU1_IRQHandler
                0x00027146                SPIM2_SPIS2_SPI2_IRQHandler
                0x00027146                NFCT_IRQHandler
                0x00027146                PWM2_IRQHandler
                0x00027146                MWU_IRQHandler
                0x00027146                TIMER2_IRQHandler
                0x00027146                COMP_LPCOMP_IRQHandler
 .text.NVIC_SystemReset
                0x00027148       0x28 _build/nrf52832_xxaa_system_nrf52.c.o
 .text.SystemCoreClockUpdate
                0x00027170       0x1c _build/nrf52832_xxaa_system_nrf52.c.o
                0x00027170                SystemCoreClockUpdate
 .text.SystemInit
                0x0002718c      0x278 _build/nrf52832_xxaa_system_nrf52.c.o
                0x0002718c                SystemInit
 .text.errata_16
                0x00027404       0x44 _build/nrf52832_xxaa_system_nrf52.c.o
 .text.errata_31
                0x00027448       0x64 _build/nrf52832_xxaa_system_nrf52.c.o
 .text.errata_32
                0x000274ac       0x44 _build/nrf52832_xxaa_system_nrf52.c.o
 .text.errata_36
                0x000274f0       0x64 _build/nrf52832_xxaa_system_nrf52.c.o
 .text.errata_37
                0x00027554       0x44 _build/nrf52832_xxaa_system_nrf52.c.o
 .text.errata_57
                0x00027598       0x44 _build/nrf52832_xxaa_system_nrf52.c.o
 .text.errata_66
                0x000275dc       0x44 _build/nrf52832_xxaa_system_nrf52.c.o
 .text.errata_108
                0x00027620       0x64 _build/nrf52832_xxaa_system_nrf52.c.o
 .text.sd_ble_gatts_service_add
                0x00027684        0x8 _build/nrf52832_xxaa_ble_nus.c.o
 .text.sd_ble_gatts_characteristic_add
                0x0002768c        0x8 _build/nrf52832_xxaa_ble_nus.c.o
 .text.sd_ble_gatts_hvx
                0x00027694        0x8 _build/nrf52832_xxaa_ble_nus.c.o
 .text.sd_ble_uuid_vs_add
                0x0002769c        0x8 _build/nrf52832_xxaa_ble_nus.c.o
 .text.on_connect
                0x000276a4       0x20 _build/nrf52832_xxaa_ble_nus.c.o
 .text.on_disconnect
                0x000276c4       0x20 _build/nrf52832_xxaa_ble_nus.c.o
 .text.on_write
                0x000276e4       0x74 _build/nrf52832_xxaa_ble_nus.c.o
 .text.rx_char_add
                0x00027758      0x134 _build/nrf52832_xxaa_ble_nus.c.o
 .text.tx_char_add
                0x0002788c       0xec _build/nrf52832_xxaa_ble_nus.c.o
 .text.ble_nus_on_ble_evt
                0x00027978       0x50 _build/nrf52832_xxaa_ble_nus.c.o
                0x00027978                ble_nus_on_ble_evt
 .text.ble_nus_init
                0x000279c8       0xbc _build/nrf52832_xxaa_ble_nus.c.o
                0x000279c8                ble_nus_init
 .text.ble_nus_string_send
                0x00027a84       0x7c _build/nrf52832_xxaa_ble_nus.c.o
                0x00027a84                ble_nus_string_send
 .text.NVIC_EnableIRQ
                0x00027b00       0x34 _build/nrf52832_xxaa_softdevice_handler.c.o
 .text.NVIC_DisableIRQ
                0x00027b34       0x34 _build/nrf52832_xxaa_softdevice_handler.c.o
 .text.NVIC_GetPriority
                0x00027b68       0x50 _build/nrf52832_xxaa_softdevice_handler.c.o
 .text.sd_evt_get
                0x00027bb8        0x8 _build/nrf52832_xxaa_softdevice_handler.c.o
 .text.sd_softdevice_enable
                0x00027bc0        0x8 _build/nrf52832_xxaa_softdevice_handler.c.o
 .text.is_word_aligned
                0x00027bc8       0x24 _build/nrf52832_xxaa_softdevice_handler.c.o
 .text.sd_ble_enable
                0x00027bec        0x8 _build/nrf52832_xxaa_softdevice_handler.c.o
 .text.sd_ble_evt_get
                0x00027bf4        0x8 _build/nrf52832_xxaa_softdevice_handler.c.o
 .text.__sd_nvic_app_accessible_irq
                0x00027bfc       0x60 _build/nrf52832_xxaa_softdevice_handler.c.o
 .text.__sd_nvic_is_app_accessible_priority
                0x00027c5c       0x3c _build/nrf52832_xxaa_softdevice_handler.c.o
 .text.sd_nvic_EnableIRQ
                0x00027c98       0x88 _build/nrf52832_xxaa_softdevice_handler.c.o
 .text.nrf_drv_common_irq_enable_check
                0x00027d20       0x40 _build/nrf52832_xxaa_softdevice_handler.c.o
 .text.softdevice_fault_handler
                0x00027d60       0x20 _build/nrf52832_xxaa_softdevice_handler.c.o
                0x00027d60                softdevice_fault_handler
 .text.intern_softdevice_events_execute
                0x00027d80      0x108 _build/nrf52832_xxaa_softdevice_handler.c.o
                0x00027d80                intern_softdevice_events_execute
 .text.softdevice_handler_is_enabled
                0x00027e88       0x18 _build/nrf52832_xxaa_softdevice_handler.c.o
                0x00027e88                softdevice_handler_is_enabled
 .text.softdevice_handler_init
                0x00027ea0       0xa8 _build/nrf52832_xxaa_softdevice_handler.c.o
                0x00027ea0                softdevice_handler_init
 .text.softdevice_ble_evt_handler_set
                0x00027f48       0x2c _build/nrf52832_xxaa_softdevice_handler.c.o
                0x00027f48                softdevice_ble_evt_handler_set
 .text.SWI2_EGU2_IRQHandler
                0x00027f74       0x38 _build/nrf52832_xxaa_softdevice_handler.c.o
                0x00027f74                SWI2_EGU2_IRQHandler
 .text.softdevice_enable_get_default_config
                0x00027fac       0x54 _build/nrf52832_xxaa_softdevice_handler.c.o
                0x00027fac                softdevice_enable_get_default_config
 .text.softdevice_enable
                0x00028000       0x30 _build/nrf52832_xxaa_softdevice_handler.c.o
                0x00028000                softdevice_enable
 .text.memcpy   0x00028030       0x16 e:/gcc_board_dev/gnu tools arm embedded/5.4 2016q3/bin/../lib/gcc/arm-none-eabi/5.4.1/../../../../arm-none-eabi/lib/armv7e-m/fpu\libc_nano.a(lib_a-memcpy-stub.o)
                0x00028030                memcpy
 .text          0x00028046       0x10 e:/gcc_board_dev/gnu tools arm embedded/5.4 2016q3/bin/../lib/gcc/arm-none-eabi/5.4.1/../../../../arm-none-eabi/lib/armv7e-m/fpu\libc_nano.a(lib_a-strlen.o)
                0x00028046                strlen
 *(.init)
 *fill*         0x00028056        0x2 
 .init          0x00028058        0x4 e:/gcc_board_dev/gnu tools arm embedded/5.4 2016q3/bin/../lib/gcc/arm-none-eabi/5.4.1/armv7e-m/fpu/crti.o
                0x00028058                _init
 .init          0x0002805c        0x8 e:/gcc_board_dev/gnu tools arm embedded/5.4 2016q3/bin/../lib/gcc/arm-none-eabi/5.4.1/armv7e-m/fpu/crtn.o
 *(.fini)
 .fini          0x00028064        0x4 e:/gcc_board_dev/gnu tools arm embedded/5.4 2016q3/bin/../lib/gcc/arm-none-eabi/5.4.1/armv7e-m/fpu/crti.o
                0x00028064                _fini
 .fini          0x00028068        0x8 e:/gcc_board_dev/gnu tools arm embedded/5.4 2016q3/bin/../lib/gcc/arm-none-eabi/5.4.1/armv7e-m/fpu/crtn.o
 *crtbegin.o(.ctors)
 *crtbegin?.o(.ctors)
 *(EXCLUDE_FILE(*crtend.o *crtend?.o) .ctors)
 *(SORT(.ctors.*))
 *(.ctors)
 *crtbegin.o(.dtors)
 *crtbegin?.o(.dtors)
 *(EXCLUDE_FILE(*crtend.o *crtend?.o) .dtors)
 *(SORT(.dtors.*))
 *(.dtors)
 *(.rodata*)
 .rodata._global_impure_ptr
                0x00028070        0x4 e:/gcc_board_dev/gnu tools arm embedded/5.4 2016q3/bin/../lib/gcc/arm-none-eabi/5.4.1/../../../../arm-none-eabi/lib/armv7e-m/fpu\libc_nano.a(lib_a-impure.o)
                0x00028070                _global_impure_ptr
 .rodata.m_detection_delay_timer_id
                0x00028074        0x4 _build/nrf52832_xxaa_app_button.c.o
 .rodata        0x00028078       0x20 _build/nrf52832_xxaa_app_uart_fifo.c.o
 .rodata.m_default_config
                0x00028098        0x4 _build/nrf52832_xxaa_nrf_drv_saadc.c.o
 .rodata.m_leds_timer_id
                0x0002809c        0x4 _build/nrf52832_xxaa_bsp.c.o
 .rodata.m_alert_timer_id
                0x000280a0        0x4 _build/nrf52832_xxaa_bsp.c.o
 .rodata.m_button_timer_id
                0x000280a4        0x4 _build/nrf52832_xxaa_bsp.c.o
 .rodata.app_buttons
                0x000280a8        0x8 _build/nrf52832_xxaa_bsp.c.o
 .rodata.m_timer
                0x000280b0        0x8 _build/nrf52832_xxaa_main.c.o
 .rodata        0x000280b8       0x81 _build/nrf52832_xxaa_main.c.o
 *fill*         0x00028139        0x3 
 .rodata.m_conn_params_timer_id
                0x0002813c        0x4 _build/nrf52832_xxaa_ble_conn_params.c.o
 .rodata        0x00028140       0x10 _build/nrf52832_xxaa_ble_nus.c.o
 *(.eh_frame*)
 .eh_frame      0x00028150        0x0 e:/gcc_board_dev/gnu tools arm embedded/5.4 2016q3/bin/../lib/gcc/arm-none-eabi/5.4.1/armv7e-m/fpu/crtbegin.o
 .eh_frame      0x00028150        0x4 e:/gcc_board_dev/gnu tools arm embedded/5.4 2016q3/bin/../lib/gcc/arm-none-eabi/5.4.1/armv7e-m/fpu/crtend.o

.glue_7         0x00028154        0x0
 .glue_7        0x00028154        0x0 linker stubs

.glue_7t        0x00028154        0x0
 .glue_7t       0x00028154        0x0 linker stubs

.vfp11_veneer   0x00028154        0x0
 .vfp11_veneer  0x00028154        0x0 linker stubs

.v4_bx          0x00028154        0x0
 .v4_bx         0x00028154        0x0 linker stubs

.iplt           0x00028154        0x0
 .iplt          0x00028154        0x0 e:/gcc_board_dev/gnu tools arm embedded/5.4 2016q3/bin/../lib/gcc/arm-none-eabi/5.4.1/armv7e-m/fpu/crtbegin.o

.ARM.extab
 *(.ARM.extab* .gnu.linkonce.armextab.*)
                0x00028154                __exidx_start = .

.ARM.exidx      0x00028154        0x8
 *(.ARM.exidx* .gnu.linkonce.armexidx.*)
 .ARM.exidx     0x00028154        0x8 e:/gcc_board_dev/gnu tools arm embedded/5.4 2016q3/bin/../lib/gcc/arm-none-eabi/5.4.1/../../../../arm-none-eabi/lib/armv7e-m/fpu/crt0.o
                0x0002815c                __exidx_end = .
                0x0002815c                __etext = .

.rel.dyn        0x0002815c        0x0
 .rel.iplt      0x0002815c        0x0 e:/gcc_board_dev/gnu tools arm embedded/5.4 2016q3/bin/../lib/gcc/arm-none-eabi/5.4.1/armv7e-m/fpu/crtbegin.o

.data           0x20002128       0x80 load address 0x0002815c
                0x20002128                __data_start__ = .
 *(vtable)
 *(.data*)
 .data.impure_data
                0x20002128       0x60 e:/gcc_board_dev/gnu tools arm embedded/5.4 2016q3/bin/../lib/gcc/arm-none-eabi/5.4.1/../../../../arm-none-eabi/lib/armv7e-m/fpu\libc_nano.a(lib_a-impure.o)
 .data.app_uart_inst
                0x20002188        0x8 _build/nrf52832_xxaa_app_uart_fifo.c.o
 .data.m_conn_handle
                0x20002190        0x2 _build/nrf52832_xxaa_main.c.o
 *fill*         0x20002192        0x2 
 .data.m_adv_uuids
                0x20002194        0x4 _build/nrf52832_xxaa_main.c.o
 .data.SystemCoreClock
                0x20002198        0x4 _build/nrf52832_xxaa_system_nrf52.c.o
                0x20002198                SystemCoreClock
                0x2000219c                . = ALIGN (0x4)
                0x2000219c                PROVIDE (__preinit_array_start, .)
 *(.preinit_array)
                0x2000219c                PROVIDE (__preinit_array_end, .)
                0x2000219c                . = ALIGN (0x4)
                0x2000219c                PROVIDE (__init_array_start, .)
 *(SORT(.init_array.*))
 *(.init_array)
 .init_array    0x2000219c        0x4 e:/gcc_board_dev/gnu tools arm embedded/5.4 2016q3/bin/../lib/gcc/arm-none-eabi/5.4.1/armv7e-m/fpu/crtbegin.o
                0x200021a0                PROVIDE (__init_array_end, .)
                0x200021a0                . = ALIGN (0x4)
                [!provide]                PROVIDE (__fini_array_start, .)
 *(SORT(.fini_array.*))
 *(.fini_array)
 .fini_array    0x200021a0        0x4 e:/gcc_board_dev/gnu tools arm embedded/5.4 2016q3/bin/../lib/gcc/arm-none-eabi/5.4.1/armv7e-m/fpu/crtbegin.o
                [!provide]                PROVIDE (__fini_array_end, .)
 *(.jcr*)
 .jcr           0x200021a4        0x0 e:/gcc_board_dev/gnu tools arm embedded/5.4 2016q3/bin/../lib/gcc/arm-none-eabi/5.4.1/armv7e-m/fpu/crtbegin.o
 .jcr           0x200021a4        0x4 e:/gcc_board_dev/gnu tools arm embedded/5.4 2016q3/bin/../lib/gcc/arm-none-eabi/5.4.1/armv7e-m/fpu/crtend.o
                0x200021a8                . = ALIGN (0x4)
                0x200021a8                __data_end__ = .
LOAD e:/gcc_board_dev/gnu tools arm embedded/5.4 2016q3/bin/../lib/gcc/arm-none-eabi/5.4.1/armv7e-m/fpu/crti.o
LOAD e:/gcc_board_dev/gnu tools arm embedded/5.4 2016q3/bin/../lib/gcc/arm-none-eabi/5.4.1/armv7e-m/fpu/crtbegin.o
LOAD e:/gcc_board_dev/gnu tools arm embedded/5.4 2016q3/bin/../lib/gcc/arm-none-eabi/5.4.1/../../../../arm-none-eabi/lib/armv7e-m/fpu/crt0.o
LOAD e:/gcc_board_dev/gnu tools arm embedded/5.4 2016q3/bin/../lib/gcc/arm-none-eabi/5.4.1/../../../../arm-none-eabi/lib/armv7e-m/fpu\libc_nano.a
LOAD e:/gcc_board_dev/gnu tools arm embedded/5.4 2016q3/bin/../lib/gcc/arm-none-eabi/5.4.1/../../../../arm-none-eabi/lib/armv7e-m/fpu\libnosys.a
LOAD _build/nrf52832_xxaa_nrf_log_backend_serial.c.o
LOAD _build/nrf52832_xxaa_nrf_log_frontend.c.o
LOAD _build/nrf52832_xxaa_app_button.c.o
LOAD _build/nrf52832_xxaa_app_error.c.o
LOAD _build/nrf52832_xxaa_app_error_weak.c.o
LOAD _build/nrf52832_xxaa_app_fifo.c.o
LOAD _build/nrf52832_xxaa_app_timer.c.o
LOAD _build/nrf52832_xxaa_app_uart_fifo.c.o
LOAD _build/nrf52832_xxaa_app_util_platform.c.o
LOAD _build/nrf52832_xxaa_fstorage.c.o
LOAD _build/nrf52832_xxaa_hardfault_implementation.c.o
LOAD _build/nrf52832_xxaa_nrf_assert.c.o
LOAD _build/nrf52832_xxaa_sdk_errors.c.o
LOAD _build/nrf52832_xxaa_boards.c.o
LOAD _build/nrf52832_xxaa_nrf_drv_clock.c.o
LOAD _build/nrf52832_xxaa_nrf_drv_common.c.o
LOAD _build/nrf52832_xxaa_nrf_drv_ppi.c.o
LOAD _build/nrf52832_xxaa_nrf_drv_saadc.c.o
LOAD _build/nrf52832_xxaa_nrf_drv_timer.c.o
LOAD _build/nrf52832_xxaa_nrf_drv_gpiote.c.o
LOAD _build/nrf52832_xxaa_nrf_drv_uart.c.o
LOAD _build/nrf52832_xxaa_nrf_saadc.c.o
LOAD _build/nrf52832_xxaa_bsp.c.o
LOAD _build/nrf52832_xxaa_bsp_btn_ble.c.o
LOAD _build/nrf52832_xxaa_bsp_nfc.c.o
LOAD _build/nrf52832_xxaa_RTT_Syscalls_GCC.c.o
LOAD _build/nrf52832_xxaa_SEGGER_RTT.c.o
LOAD _build/nrf52832_xxaa_SEGGER_RTT_printf.c.o
LOAD _build/nrf52832_xxaa_main.c.o
LOAD _build/nrf52832_xxaa_ble_advdata.c.o
LOAD _build/nrf52832_xxaa_ble_advertising.c.o
LOAD _build/nrf52832_xxaa_ble_conn_params.c.o
LOAD _build/nrf52832_xxaa_ble_srv_common.c.o
LOAD _build/nrf52832_xxaa_gcc_startup_nrf52.S.o
LOAD _build/nrf52832_xxaa_system_nrf52.c.o
LOAD _build/nrf52832_xxaa_ble_nus.c.o
LOAD _build/nrf52832_xxaa_softdevice_handler.c.o
LOAD e:/gcc_board_dev/gnu tools arm embedded/5.4 2016q3/bin/../lib/gcc/arm-none-eabi/5.4.1/../../../../arm-none-eabi/lib/armv7e-m/fpu\libm.a
START GROUP
LOAD e:/gcc_board_dev/gnu tools arm embedded/5.4 2016q3/bin/../lib/gcc/arm-none-eabi/5.4.1/armv7e-m/fpu\libgcc.a
LOAD e:/gcc_board_dev/gnu tools arm embedded/5.4 2016q3/bin/../lib/gcc/arm-none-eabi/5.4.1/../../../../arm-none-eabi/lib/armv7e-m/fpu\libc_nano.a
END GROUP
START GROUP
LOAD e:/gcc_board_dev/gnu tools arm embedded/5.4 2016q3/bin/../lib/gcc/arm-none-eabi/5.4.1/armv7e-m/fpu\libgcc.a
LOAD e:/gcc_board_dev/gnu tools arm embedded/5.4 2016q3/bin/../lib/gcc/arm-none-eabi/5.4.1/../../../../arm-none-eabi/lib/armv7e-m/fpu\libc_nano.a
END GROUP
LOAD e:/gcc_board_dev/gnu tools arm embedded/5.4 2016q3/bin/../lib/gcc/arm-none-eabi/5.4.1/armv7e-m/fpu/crtend.o
LOAD e:/gcc_board_dev/gnu tools arm embedded/5.4 2016q3/bin/../lib/gcc/arm-none-eabi/5.4.1/armv7e-m/fpu/crtn.o
START GROUP
LOAD e:/gcc_board_dev/gnu tools arm embedded/5.4 2016q3/bin/../lib/gcc/arm-none-eabi/5.4.1/armv7e-m/fpu\libgcc.a
LOAD e:/gcc_board_dev/gnu tools arm embedded/5.4 2016q3/bin/../lib/gcc/arm-none-eabi/5.4.1/../../../../arm-none-eabi/lib/armv7e-m/fpu\libc.a
LOAD e:/gcc_board_dev/gnu tools arm embedded/5.4 2016q3/bin/../lib/gcc/arm-none-eabi/5.4.1/../../../../arm-none-eabi/lib/armv7e-m/fpu\libnosys.a
END GROUP

.igot.plt       0x200021a8        0x0 load address 0x000281dc
 .igot.plt      0x200021a8        0x0 e:/gcc_board_dev/gnu tools arm embedded/5.4 2016q3/bin/../lib/gcc/arm-none-eabi/5.4.1/armv7e-m/fpu/crtbegin.o

.fs_data        0x200021a8        0x0
                0x200021a8                PROVIDE (__start_fs_data, .)
 *(.fs_data)
                0x200021a8                PROVIDE (__stop_fs_data, .)

.pwr_mgmt_data  0x200021a8        0x0
                [!provide]                PROVIDE (__start_pwr_mgmt_data, .)
 *(.pwr_mgmt_data)
                [!provide]                PROVIDE (__stop_pwr_mgmt_data, .)

.bss            0x200021a8      0x6d4 load address 0x000281dc
                0x200021a8                . = ALIGN (0x4)
                0x200021a8                __bss_start__ = .
 *(.bss*)
 .bss           0x200021a8       0x1c e:/gcc_board_dev/gnu tools arm embedded/5.4 2016q3/bin/../lib/gcc/arm-none-eabi/5.4.1/armv7e-m/fpu/crtbegin.o
 .bss.mp_buttons
                0x200021c4        0x4 _build/nrf52832_xxaa_app_button.c.o
 .bss.m_button_count
                0x200021c8        0x1 _build/nrf52832_xxaa_app_button.c.o
 *fill*         0x200021c9        0x3 
 .bss.m_detection_delay
                0x200021cc        0x4 _build/nrf52832_xxaa_app_button.c.o
 .bss.m_detection_delay_timer_id_data
                0x200021d0       0x20 _build/nrf52832_xxaa_app_button.c.o
 .bss.m_pin_state
                0x200021f0        0x4 _build/nrf52832_xxaa_app_button.c.o
 .bss.m_pin_transition
                0x200021f4        0x4 _build/nrf52832_xxaa_app_button.c.o
 .bss.m_op_queue
                0x200021f8        0x8 _build/nrf52832_xxaa_app_timer.c.o
 .bss.mp_timer_id_head
                0x20002200        0x4 _build/nrf52832_xxaa_app_timer.c.o
 .bss.m_ticks_latest
                0x20002204        0x4 _build/nrf52832_xxaa_app_timer.c.o
 .bss.m_ticks_elapsed
                0x20002208        0x8 _build/nrf52832_xxaa_app_timer.c.o
 .bss.m_ticks_elapsed_q_read_ind
                0x20002210        0x1 _build/nrf52832_xxaa_app_timer.c.o
 .bss.m_ticks_elapsed_q_write_ind
                0x20002211        0x1 _build/nrf52832_xxaa_app_timer.c.o
 *fill*         0x20002212        0x2 
 .bss.m_evt_schedule_func
                0x20002214        0x4 _build/nrf52832_xxaa_app_timer.c.o
 .bss.m_rtc1_running
                0x20002218        0x1 _build/nrf52832_xxaa_app_timer.c.o
 .bss.m_rtc1_reset
                0x20002219        0x1 _build/nrf52832_xxaa_app_timer.c.o
 *fill*         0x2000221a        0x2 
 .bss.m_event_handler
                0x2000221c        0x4 _build/nrf52832_xxaa_app_uart_fifo.c.o
 .bss.tx_buffer
                0x20002220        0x1 _build/nrf52832_xxaa_app_uart_fifo.c.o
 *fill*         0x20002221        0x3 
 .bss.rx_buffer
                0x20002224        0x1 _build/nrf52832_xxaa_app_uart_fifo.c.o
 .bss.m_rx_ovf  0x20002225        0x1 _build/nrf52832_xxaa_app_uart_fifo.c.o
 *fill*         0x20002226        0x2 
 .bss.m_rx_fifo
                0x20002228       0x10 _build/nrf52832_xxaa_app_uart_fifo.c.o
 .bss.m_tx_fifo
                0x20002238       0x10 _build/nrf52832_xxaa_app_uart_fifo.c.o
 .bss.m_queue   0x20002248       0x68 _build/nrf52832_xxaa_fstorage.c.o
 .bss.m_clock_cb
                0x200022b0       0x14 _build/nrf52832_xxaa_nrf_drv_clock.c.o
 .bss.m_drv_state
                0x200022c4        0x1 _build/nrf52832_xxaa_nrf_drv_ppi.c.o
 *fill*         0x200022c5        0x3 
 .bss.m_channels_allocated
                0x200022c8        0x4 _build/nrf52832_xxaa_nrf_drv_ppi.c.o
 .bss.m_cb      0x200022cc       0x30 _build/nrf52832_xxaa_nrf_drv_saadc.c.o
 .bss.m_cb      0x200022fc       0x18 _build/nrf52832_xxaa_nrf_drv_timer.c.o
 .bss.m_cb      0x20002314       0x58 _build/nrf52832_xxaa_nrf_drv_gpiote.c.o
 .bss.m_cb      0x2000236c       0x20 _build/nrf52832_xxaa_nrf_drv_uart.c.o
 .bss.m_stable_state
                0x2000238c        0x1 _build/nrf52832_xxaa_bsp.c.o
 .bss.m_leds_clear
                0x2000238d        0x1 _build/nrf52832_xxaa_bsp.c.o
 *fill*         0x2000238e        0x2 
 .bss.m_app_ticks_per_100ms
                0x20002390        0x4 _build/nrf52832_xxaa_bsp.c.o
 .bss.m_indication_type
                0x20002394        0x4 _build/nrf52832_xxaa_bsp.c.o
 .bss.m_leds_timer_id_data
                0x20002398       0x20 _build/nrf52832_xxaa_bsp.c.o
 .bss.m_alert_timer_id_data
                0x200023b8       0x20 _build/nrf52832_xxaa_bsp.c.o
 .bss.m_registered_callback
                0x200023d8        0x4 _build/nrf52832_xxaa_bsp.c.o
 .bss.m_events_list
                0x200023dc        0x3 _build/nrf52832_xxaa_bsp.c.o
 *fill*         0x200023df        0x1 
 .bss.m_button_timer_id_data
                0x200023e0       0x20 _build/nrf52832_xxaa_bsp.c.o
 .bss.current_long_push_pin_no.7331
                0x20002400        0x1 _build/nrf52832_xxaa_bsp.c.o
 *fill*         0x20002401        0x3 
 .bss.release_event_at_push.7332
                0x20002404        0x1 _build/nrf52832_xxaa_bsp.c.o
 *fill*         0x20002405        0x3 
 .bss.m_error_handler
                0x20002408        0x4 _build/nrf52832_xxaa_bsp_btn_ble.c.o
 .bss.m_num_connections
                0x2000240c        0x4 _build/nrf52832_xxaa_bsp_btn_ble.c.o
 .bss.m_nus     0x20002410       0x1c _build/nrf52832_xxaa_main.c.o
 .bss.m_buffer_pool
                0x2000242c       0x1c _build/nrf52832_xxaa_main.c.o
 .bss.m_ppi_channel
                0x20002448        0x1 _build/nrf52832_xxaa_main.c.o
 *fill*         0x20002449        0x3 
 .bss.m_adc_evt_counter
                0x2000244c        0x4 _build/nrf52832_xxaa_main.c.o
 .bss.BLE_EVT_BUFFER.10287
                0x20002450       0x50 _build/nrf52832_xxaa_main.c.o
 .bss.index.10309
                0x200024a0        0x1 _build/nrf52832_xxaa_main.c.o
 *fill*         0x200024a1        0x3 
 .bss.data_array.10308
                0x200024a4       0x14 _build/nrf52832_xxaa_main.c.o
 .bss.rx_buf.10323
                0x200024b8      0x100 _build/nrf52832_xxaa_main.c.o
 .bss.tx_buf.10324
                0x200025b8      0x100 _build/nrf52832_xxaa_main.c.o
 .bss.APP_TIMER_BUF.10407
                0x200026b8       0x78 _build/nrf52832_xxaa_main.c.o
 .bss.m_initialized
                0x20002730        0x1 _build/nrf52832_xxaa_ble_advertising.c.o
 .bss.m_advertising_start_pending
                0x20002731        0x1 _build/nrf52832_xxaa_ble_advertising.c.o
 .bss.m_adv_evt
                0x20002732        0x1 _build/nrf52832_xxaa_ble_advertising.c.o
 .bss.m_adv_mode_current
                0x20002733        0x1 _build/nrf52832_xxaa_ble_advertising.c.o
 .bss.m_adv_modes_config
                0x20002734       0x20 _build/nrf52832_xxaa_ble_advertising.c.o
 .bss.m_peer_address
                0x20002754        0x7 _build/nrf52832_xxaa_ble_advertising.c.o
 .bss.m_peer_addr_reply_expected
                0x2000275b        0x1 _build/nrf52832_xxaa_ble_advertising.c.o
 .bss.m_advdata
                0x2000275c       0x3c _build/nrf52832_xxaa_ble_advertising.c.o
 .bss.m_manuf_specific_data
                0x20002798        0xc _build/nrf52832_xxaa_ble_advertising.c.o
 .bss.m_manuf_data_array
                0x200027a4       0x1f _build/nrf52832_xxaa_ble_advertising.c.o
 *fill*         0x200027c3        0x1 
 .bss.m_service_data
                0x200027c4        0xc _build/nrf52832_xxaa_ble_advertising.c.o
 .bss.m_service_data_array
                0x200027d0       0x1f _build/nrf52832_xxaa_ble_advertising.c.o
 *fill*         0x200027ef        0x1 
 .bss.m_slave_conn_int
                0x200027f0        0x4 _build/nrf52832_xxaa_ble_advertising.c.o
 .bss.m_current_slave_link_conn_handle
                0x200027f4        0x2 _build/nrf52832_xxaa_ble_advertising.c.o
 *fill*         0x200027f6        0x2 
 .bss.m_evt_handler
                0x200027f8        0x4 _build/nrf52832_xxaa_ble_advertising.c.o
 .bss.m_error_handler
                0x200027fc        0x4 _build/nrf52832_xxaa_ble_advertising.c.o
 .bss.m_whitelist_temporarily_disabled
                0x20002800        0x1 _build/nrf52832_xxaa_ble_advertising.c.o
 .bss.m_whitelist_reply_expected
                0x20002801        0x1 _build/nrf52832_xxaa_ble_advertising.c.o
 .bss.m_whitelist_in_use
                0x20002802        0x1 _build/nrf52832_xxaa_ble_advertising.c.o
 *fill*         0x20002803        0x1 
 .bss.m_conn_params_config
                0x20002804       0x1c _build/nrf52832_xxaa_ble_conn_params.c.o
 .bss.m_preferred_conn_params
                0x20002820        0x8 _build/nrf52832_xxaa_ble_conn_params.c.o
 .bss.m_update_count
                0x20002828        0x1 _build/nrf52832_xxaa_ble_conn_params.c.o
 *fill*         0x20002829        0x1 
 .bss.m_conn_handle
                0x2000282a        0x2 _build/nrf52832_xxaa_ble_conn_params.c.o
 .bss.m_current_conn_params
                0x2000282c        0x8 _build/nrf52832_xxaa_ble_conn_params.c.o
 .bss.m_conn_params_timer_id_data
                0x20002834       0x20 _build/nrf52832_xxaa_ble_conn_params.c.o
 .bss.m_change_param
                0x20002854        0x1 _build/nrf52832_xxaa_ble_conn_params.c.o
 *fill*         0x20002855        0x3 
 .bss.m_evt_schedule_func
                0x20002858        0x4 _build/nrf52832_xxaa_softdevice_handler.c.o
 .bss.m_softdevice_enabled
                0x2000285c        0x1 _build/nrf52832_xxaa_softdevice_handler.c.o
 .bss.m_suspended
                0x2000285d        0x1 _build/nrf52832_xxaa_softdevice_handler.c.o
 *fill*         0x2000285e        0x2 
 .bss.mp_ble_evt_buffer
                0x20002860        0x4 _build/nrf52832_xxaa_softdevice_handler.c.o
 .bss.m_ble_evt_buffer_size
                0x20002864        0x2 _build/nrf52832_xxaa_softdevice_handler.c.o
 *fill*         0x20002866        0x2 
 .bss.m_ble_evt_handler
                0x20002868        0x4 _build/nrf52832_xxaa_softdevice_handler.c.o
 .bss.m_sys_evt_handler
                0x2000286c        0x4 _build/nrf52832_xxaa_softdevice_handler.c.o
 *(COMMON)
 COMMON         0x20002870        0xc _build/nrf52832_xxaa_app_util_platform.c.o
                0x20002870                nrf_nvic_state
                0x2000287c                . = ALIGN (0x4)
                0x2000287c                __bss_end__ = .

.heap           0x20002880     0x2000
                0x20002880                __HeapBase = .
                0x20002880                __end__ = .
                [!provide]                PROVIDE (end, .)
 *(.heap*)
 .heap          0x20002880     0x2000 _build/nrf52832_xxaa_gcc_startup_nrf52.S.o
                0x20004880                __HeapLimit = .

.stack_dummy    0x20002880     0x2000
 *(.stack*)
 .stack         0x20002880     0x2000 _build/nrf52832_xxaa_gcc_startup_nrf52.S.o
                0x20010000                __StackTop = (ORIGIN (RAM) + LENGTH (RAM))
                0x2000e000                __StackLimit = (__StackTop - SIZEOF (.stack_dummy))
                0x20010000                PROVIDE (__stack, __StackTop)
                0x00000001                ASSERT ((__StackLimit >= __HeapLimit), region RAM overflowed with stack)
OUTPUT(_build/nrf52832_xxaa.out elf32-littlearm)

.ARM.attributes
                0x00000000       0x30
 .ARM.attributes
                0x00000000       0x22 e:/gcc_board_dev/gnu tools arm embedded/5.4 2016q3/bin/../lib/gcc/arm-none-eabi/5.4.1/armv7e-m/fpu/crti.o
 .ARM.attributes
                0x00000022       0x34 e:/gcc_board_dev/gnu tools arm embedded/5.4 2016q3/bin/../lib/gcc/arm-none-eabi/5.4.1/armv7e-m/fpu/crtbegin.o
 .ARM.attributes
                0x00000056       0x20 e:/gcc_board_dev/gnu tools arm embedded/5.4 2016q3/bin/../lib/gcc/arm-none-eabi/5.4.1/../../../../arm-none-eabi/lib/armv7e-m/fpu/crt0.o
 .ARM.attributes
                0x00000076       0x34 e:/gcc_board_dev/gnu tools arm embedded/5.4 2016q3/bin/../lib/gcc/arm-none-eabi/5.4.1/../../../../arm-none-eabi/lib/armv7e-m/fpu\libc_nano.a(lib_a-exit.o)
 .ARM.attributes
                0x000000aa       0x34 e:/gcc_board_dev/gnu tools arm embedded/5.4 2016q3/bin/../lib/gcc/arm-none-eabi/5.4.1/../../../../arm-none-eabi/lib/armv7e-m/fpu\libc_nano.a(lib_a-impure.o)
 .ARM.attributes
                0x000000de       0x34 e:/gcc_board_dev/gnu tools arm embedded/5.4 2016q3/bin/../lib/gcc/arm-none-eabi/5.4.1/../../../../arm-none-eabi/lib/armv7e-m/fpu\libc_nano.a(lib_a-init.o)
 .ARM.attributes
                0x00000112       0x34 e:/gcc_board_dev/gnu tools arm embedded/5.4 2016q3/bin/../lib/gcc/arm-none-eabi/5.4.1/../../../../arm-none-eabi/lib/armv7e-m/fpu\libc_nano.a(lib_a-memset.o)
 .ARM.attributes
                0x00000146       0x34 e:/gcc_board_dev/gnu tools arm embedded/5.4 2016q3/bin/../lib/gcc/arm-none-eabi/5.4.1/../../../../arm-none-eabi/lib/armv7e-m/fpu\libnosys.a(_exit.o)
 .ARM.attributes
                0x0000017a       0x39 _build/nrf52832_xxaa_app_button.c.o
 .ARM.attributes
                0x000001b3       0x39 _build/nrf52832_xxaa_app_error.c.o
 .ARM.attributes
                0x000001ec       0x39 _build/nrf52832_xxaa_app_error_weak.c.o
 .ARM.attributes
                0x00000225       0x39 _build/nrf52832_xxaa_app_fifo.c.o
 .ARM.attributes
                0x0000025e       0x39 _build/nrf52832_xxaa_app_timer.c.o
 .ARM.attributes
                0x00000297       0x39 _build/nrf52832_xxaa_app_uart_fifo.c.o
 .ARM.attributes
                0x000002d0       0x39 _build/nrf52832_xxaa_app_util_platform.c.o
 .ARM.attributes
                0x00000309       0x39 _build/nrf52832_xxaa_fstorage.c.o
 .ARM.attributes
                0x00000342       0x39 _build/nrf52832_xxaa_boards.c.o
 .ARM.attributes
                0x0000037b       0x39 _build/nrf52832_xxaa_nrf_drv_clock.c.o
 .ARM.attributes
                0x000003b4       0x39 _build/nrf52832_xxaa_nrf_drv_common.c.o
 .ARM.attributes
                0x000003ed       0x39 _build/nrf52832_xxaa_nrf_drv_ppi.c.o
 .ARM.attributes
                0x00000426       0x39 _build/nrf52832_xxaa_nrf_drv_saadc.c.o
 .ARM.attributes
                0x0000045f       0x39 _build/nrf52832_xxaa_nrf_drv_timer.c.o
 .ARM.attributes
                0x00000498       0x39 _build/nrf52832_xxaa_nrf_drv_gpiote.c.o
 .ARM.attributes
                0x000004d1       0x39 _build/nrf52832_xxaa_nrf_drv_uart.c.o
 .ARM.attributes
                0x0000050a       0x39 _build/nrf52832_xxaa_nrf_saadc.c.o
 .ARM.attributes
                0x00000543       0x39 _build/nrf52832_xxaa_bsp.c.o
 .ARM.attributes
                0x0000057c       0x39 _build/nrf52832_xxaa_bsp_btn_ble.c.o
 .ARM.attributes
                0x000005b5       0x39 _build/nrf52832_xxaa_main.c.o
 .ARM.attributes
                0x000005ee       0x39 _build/nrf52832_xxaa_ble_advdata.c.o
 .ARM.attributes
                0x00000627       0x39 _build/nrf52832_xxaa_ble_advertising.c.o
 .ARM.attributes
                0x00000660       0x39 _build/nrf52832_xxaa_ble_conn_params.c.o
 .ARM.attributes
                0x00000699       0x39 _build/nrf52832_xxaa_ble_srv_common.c.o
 .ARM.attributes
                0x000006d2       0x1c _build/nrf52832_xxaa_gcc_startup_nrf52.S.o
 .ARM.attributes
                0x000006ee       0x39 _build/nrf52832_xxaa_system_nrf52.c.o
 .ARM.attributes
                0x00000727       0x39 _build/nrf52832_xxaa_ble_nus.c.o
 .ARM.attributes
                0x00000760       0x39 _build/nrf52832_xxaa_softdevice_handler.c.o
 .ARM.attributes
                0x00000799       0x34 e:/gcc_board_dev/gnu tools arm embedded/5.4 2016q3/bin/../lib/gcc/arm-none-eabi/5.4.1/../../../../arm-none-eabi/lib/armv7e-m/fpu\libc_nano.a(lib_a-memcpy-stub.o)
 .ARM.attributes
                0x000007cd       0x1b e:/gcc_board_dev/gnu tools arm embedded/5.4 2016q3/bin/../lib/gcc/arm-none-eabi/5.4.1/../../../../arm-none-eabi/lib/armv7e-m/fpu\libc_nano.a(lib_a-strlen.o)
 .ARM.attributes
                0x000007e8       0x34 e:/gcc_board_dev/gnu tools arm embedded/5.4 2016q3/bin/../lib/gcc/arm-none-eabi/5.4.1/armv7e-m/fpu/crtend.o
 .ARM.attributes
                0x0000081c       0x22 e:/gcc_board_dev/gnu tools arm embedded/5.4 2016q3/bin/../lib/gcc/arm-none-eabi/5.4.1/armv7e-m/fpu/crtn.o

.comment        0x00000000       0x6e
 .comment       0x00000000       0x6e _build/nrf52832_xxaa_app_button.c.o
                                 0x6f (size before relaxing)
 .comment       0x0000006e       0x6f _build/nrf52832_xxaa_app_error.c.o
 .comment       0x0000006e       0x6f _build/nrf52832_xxaa_app_error_weak.c.o
 .comment       0x0000006e       0x6f _build/nrf52832_xxaa_app_fifo.c.o
 .comment       0x0000006e       0x6f _build/nrf52832_xxaa_app_timer.c.o
 .comment       0x0000006e       0x6f _build/nrf52832_xxaa_app_uart_fifo.c.o
 .comment       0x0000006e       0x6f _build/nrf52832_xxaa_app_util_platform.c.o
 .comment       0x0000006e       0x6f _build/nrf52832_xxaa_fstorage.c.o
 .comment       0x0000006e       0x6f _build/nrf52832_xxaa_boards.c.o
 .comment       0x0000006e       0x6f _build/nrf52832_xxaa_nrf_drv_clock.c.o
 .comment       0x0000006e       0x6f _build/nrf52832_xxaa_nrf_drv_common.c.o
 .comment       0x0000006e       0x6f _build/nrf52832_xxaa_nrf_drv_ppi.c.o
 .comment       0x0000006e       0x6f _build/nrf52832_xxaa_nrf_drv_saadc.c.o
 .comment       0x0000006e       0x6f _build/nrf52832_xxaa_nrf_drv_timer.c.o
 .comment       0x0000006e       0x6f _build/nrf52832_xxaa_nrf_drv_gpiote.c.o
 .comment       0x0000006e       0x6f _build/nrf52832_xxaa_nrf_drv_uart.c.o
 .comment       0x0000006e       0x6f _build/nrf52832_xxaa_nrf_saadc.c.o
 .comment       0x0000006e       0x6f _build/nrf52832_xxaa_bsp.c.o
 .comment       0x0000006e       0x6f _build/nrf52832_xxaa_bsp_btn_ble.c.o
 .comment       0x0000006e       0x6f _build/nrf52832_xxaa_main.c.o
 .comment       0x0000006e       0x6f _build/nrf52832_xxaa_ble_advdata.c.o
 .comment       0x0000006e       0x6f _build/nrf52832_xxaa_ble_advertising.c.o
 .comment       0x0000006e       0x6f _build/nrf52832_xxaa_ble_conn_params.c.o
 .comment       0x0000006e       0x6f _build/nrf52832_xxaa_ble_srv_common.c.o
 .comment       0x0000006e       0x6f _build/nrf52832_xxaa_system_nrf52.c.o
 .comment       0x0000006e       0x6f _build/nrf52832_xxaa_ble_nus.c.o
 .comment       0x0000006e       0x6f _build/nrf52832_xxaa_softdevice_handler.c.o

.debug_frame    0x00000000       0xbc
 .debug_frame   0x00000000       0x28 e:/gcc_board_dev/gnu tools arm embedded/5.4 2016q3/bin/../lib/gcc/arm-none-eabi/5.4.1/../../../../arm-none-eabi/lib/armv7e-m/fpu\libc_nano.a(lib_a-exit.o)
 .debug_frame   0x00000028       0x2c e:/gcc_board_dev/gnu tools arm embedded/5.4 2016q3/bin/../lib/gcc/arm-none-eabi/5.4.1/../../../../arm-none-eabi/lib/armv7e-m/fpu\libc_nano.a(lib_a-init.o)
 .debug_frame   0x00000054       0x20 e:/gcc_board_dev/gnu tools arm embedded/5.4 2016q3/bin/../lib/gcc/arm-none-eabi/5.4.1/../../../../arm-none-eabi/lib/armv7e-m/fpu\libc_nano.a(lib_a-memset.o)
 .debug_frame   0x00000074       0x20 e:/gcc_board_dev/gnu tools arm embedded/5.4 2016q3/bin/../lib/gcc/arm-none-eabi/5.4.1/../../../../arm-none-eabi/lib/armv7e-m/fpu\libnosys.a(_exit.o)
 .debug_frame   0x00000094       0x28 e:/gcc_board_dev/gnu tools arm embedded/5.4 2016q3/bin/../lib/gcc/arm-none-eabi/5.4.1/../../../../arm-none-eabi/lib/armv7e-m/fpu\libc_nano.a(lib_a-memcpy-stub.o)
